04-27 12:21:08.825  6650  6650 I am_on_stop_called: [0,com.google.android.gms.auth.uiflows.addaccount.WrapperControlledActivity,handleStopActivity]
04-27 12:21:08.845  9450  9450 I am_on_stop_called: [0,com.google.android.music.ui.tutorial.SignupIndividualTemplateActivity,handleStopActivity]
04-27 12:21:08.867  1715  1795 I am_pss  : [3614,10003,android.process.acore,7412736,6471680,0]
04-27 12:21:09.064  6650  6650 I menu_opened: 0
04-27 12:21:09.447  1715  5155 I am_finish_activity: [0,192107728,152,com.google.android.gms/.auth.uiflows.addaccount.PreAddAccountActivity,app-request]
04-27 12:21:09.449  1715  5155 I am_pause_activity: [0,192107728,com.google.android.gms/.auth.uiflows.addaccount.PreAddAccountActivity]
04-27 12:21:09.451  1715  1796 I sysui_count: [window_time_0,1]
04-27 12:21:09.451  1715  1796 I sysui_multi_action: [757,803,799,window_time_0,802,1]
04-27 12:21:09.453  6650  6650 I am_on_paused_called: [0,com.google.android.gms.auth.uiflows.addaccount.PreAddAccountActivity,handlePauseActivity]
04-27 12:21:09.456  1715  5155 I am_set_resumed_activity: [0,com.google.android.gms/.auth.uiflows.addaccount.WrapperControlledActivity,resumeTopActivityInnerLocked]
04-27 12:21:09.457  1715  5155 I am_resume_activity: [0,255223480,152,com.google.android.gms/.auth.uiflows.addaccount.WrapperControlledActivity]
04-27 12:21:09.460  1715  1796 I sysui_count: [window_time_0,0]
04-27 12:21:09.460  1715  1796 I sysui_multi_action: [757,803,799,window_time_0,802,0]
04-27 12:21:09.485  1715  5402 I wm_task_moved: [152,1,1]
04-27 12:21:09.486  1715  5402 I am_create_activity: [0,193994378,152,com.google.android.gms/.auth.uiflows.minutemaid.MinuteMaidActivity,NULL,NULL,NULL,33554432]
04-27 12:21:09.488  1715  5402 I am_pause_activity: [0,255223480,com.google.android.gms/.auth.uiflows.addaccount.WrapperControlledActivity]
04-27 12:21:09.492  1715  5402 I am_finish_activity: [0,255223480,152,com.google.android.gms/.auth.uiflows.addaccount.WrapperControlledActivity,app-request]
04-27 12:21:09.493  1715  1796 I sysui_count: [window_time_0,0]
04-27 12:21:09.493  1715  1796 I sysui_multi_action: [757,803,799,window_time_0,802,0]
04-27 12:21:09.499  1715  5155 I am_restart_activity: [0,193994378,152,com.google.android.gms/.auth.uiflows.minutemaid.MinuteMaidActivity]
04-27 12:21:09.500  1715  5155 I am_set_resumed_activity: [0,com.google.android.gms/.auth.uiflows.minutemaid.MinuteMaidActivity,minimalResumeActivityLocked]
04-27 12:21:09.503  1715  1796 I sysui_count: [window_time_0,0]
04-27 12:21:09.503  1715  1796 I sysui_multi_action: [757,803,799,window_time_0,802,0]
04-27 12:21:09.697  1715  5402 I am_uid_running: 99000
04-27 12:21:09.810  1715  5402 I am_proc_start: [0,9670,99000,com.android.chrome:sandboxed_process0,webview_service,com.google.android.gms/org.chromium.content.app.SandboxedProcessService0]
04-27 12:21:09.834  1715  5874 I am_proc_bound: [0,9670,com.android.chrome:sandboxed_process0]
04-27 12:21:09.841  1715  5874 I am_uid_active: 99000
04-27 12:21:10.069  6650  6650 I am_on_resume_called: [0,com.google.android.gms.auth.uiflows.minutemaid.MinuteMaidActivity,LAUNCH_ACTIVITY]
04-27 12:21:10.206  1715  1844 I am_activity_launch_time: [0,193994378,com.google.android.gms/.auth.uiflows.minutemaid.MinuteMaidActivity,704,704]
04-27 12:21:10.752  1715  1796 I am_destroy_activity: [0,255223480,152,com.google.android.gms/.auth.uiflows.addaccount.WrapperControlledActivity,finish-imm]
04-27 12:21:10.753  1715  1796 I am_destroy_activity: [0,192107728,152,com.google.android.gms/.auth.uiflows.addaccount.PreAddAccountActivity,finish-imm]
04-27 12:21:10.765  6650  6650 I am_on_stop_called: [0,com.google.android.gms.auth.uiflows.addaccount.PreAddAccountActivity,destroy]
04-27 12:21:11.131  6650  6650 I menu_opened: 0
04-27 12:21:11.365  2398  2422 I chatty  : uid=1001(radio) Binder:2398_2 expire 20 lines
04-27 12:21:11.365  2398  6360 I chatty  : uid=1001(radio) Binder:2398_B expire 17 lines
04-27 12:21:11.366  2398  4033 I chatty  : uid=1001(radio) Binder:2398_7 expire 15 lines
04-27 12:21:12.262  2219  2340 I sysui_multi_action: [757,1093,758,4,793,16052,1094,9437312,1095,4]
04-27 12:21:13.496  1715  2075 I sysui_histogram: [power_consecutive_short_tap_count,1]
04-27 12:21:13.497  1715  2075 I sysui_multi_action: [757,804,799,power_consecutive_short_tap_count,801,1,802,1]
04-27 12:21:13.497  1715  2075 I sysui_histogram: [power_double_tap_interval,545106]
04-27 12:21:13.497  1715  2075 I sysui_multi_action: [757,804,799,power_double_tap_interval,801,545106,802,1]
04-27 12:21:15.406  1715  2075 I sysui_histogram: [power_consecutive_short_tap_count,1]
04-27 12:21:15.406  1715  2075 I sysui_multi_action: [757,804,799,power_consecutive_short_tap_count,801,1,802,1]
04-27 12:21:15.406  1715  2075 I sysui_histogram: [power_double_tap_interval,1907]
04-27 12:21:15.406  1715  2075 I sysui_multi_action: [757,804,799,power_double_tap_interval,801,1907,802,1]
04-27 12:21:17.202  6650  6650 I menu_opened: 0
04-27 12:21:17.308  1715  2075 I sysui_histogram: [power_consecutive_short_tap_count,1]
04-27 12:21:17.308  1715  2075 I sysui_multi_action: [757,804,799,power_consecutive_short_tap_count,801,1,802,1]
04-27 12:21:17.308  1715  2075 I sysui_histogram: [power_double_tap_interval,1905]
04-27 12:21:17.308  1715  2075 I sysui_multi_action: [757,804,799,power_double_tap_interval,801,1905,802,1]
04-27 12:21:18.296  2219  2340 I sysui_multi_action: [757,1093,758,4,793,6033,1094,9437312,1095,4]
04-27 12:21:18.946   770   770 I auditd  : type=1400 audit(0.0:1231): avc: denied { dac_override } for comm="usb@1.0-service" capability=1 scontext=u:r:hal_usb_default:s0 tcontext=u:r:hal_usb_default:s0 tclass=capability permissive=0
04-27 12:21:18.956   770   770 I auditd  : type=1400 audit(0.0:1232): avc: denied { dac_override } for comm="usb@1.0-service" capability=1 scontext=u:r:hal_usb_default:s0 tcontext=u:r:hal_usb_default:s0 tclass=capability permissive=0
04-27 12:21:18.982  1715  2918 I battery_status: [3,2,1,0,Li-ion]
04-27 12:21:18.997  1715  2918 I am_wtf  : [0,1715,system_server,-1,ActivityManager,Sending non-protected broadcast sonim.intent.action.USB_CHARGING_STATE from system 3281:com.sonimtech.spcc/1000 pkg com.sonimtech.spcc]
04-27 12:21:19.022  2398  2398 I chatty  : uid=1001(radio) com.android.phone expire 43 lines
04-27 12:21:19.076  1715  2254 I am_wtf  : [0,1715,system_server,-1,ActivityManager,Sending non-protected broadcast sonim.intent.action.USB_CHARGING_STATE from system 3281:com.sonimtech.spcc/1000 pkg com.sonimtech.spcc]
04-27 12:21:19.148  1715  1795 I am_pss  : [6650,10020,com.google.android.gms.ui,122446848,110452736,0]
04-27 12:21:19.971  1715  1715 I sysui_multi_action: [757,128,758,5,759,8,793,40993,794,0,795,40993,796,27,806,android,857,USB,858,1,947,0]
04-27 12:21:19.971  1715  1715 I notification_canceled: [-1|android|27|null|1000,8,40993,40993,0,NULL]
04-27 12:21:19.973  1715  1715 I sysui_multi_action: [757,128,758,5,759,8,793,40985,794,0,795,40985,796,26,806,android,857,DEVELOPER,858,2,947,0]
04-27 12:21:19.973  1715  1715 I notification_canceled: [-1|android|26|null|1000,8,40985,40985,0,NULL]
04-27 12:21:19.976  8715  8715 I auditd  : type=1400 audit(0.0:1233): avc: denied { call } for comm="d.process.media" scontext=u:r:mediaprovider:s0:c512,c768 tcontext=u:r:hal_perf_default:s0 tclass=binder permissive=0
04-27 12:21:20.027  1715  1795 I am_pss  : [9670,99000,com.android.chrome:sandboxed_process0,49474560,41963520,0]
04-27 12:21:20.086  2219  2340 I sysui_multi_action: [757,1093,758,4,793,1791,1094,9437312,1095,4]
04-27 12:21:20.196  1715  1795 I am_pss  : [4499,10020,com.google.android.gms.unstable,18462720,12070912,0]
04-27 12:21:21.905  2375  2375 I chatty  : uid=1001(radio) com.qualcomm.qti.telephonyservice expire 4 lines
04-27 12:21:21.905  2963  2963 D use-Rlog/RLOG-QC_RIL_OEM_HOOK: Received Broadcast Intent ACTION_UNSOL_RESPONSE_OEM_HOOK_RAW
04-27 12:21:21.906  2963  2963 D use-Rlog/RLOG-QC_RIL_OEM_HOOK: Oem ID in QCRILHOOK UNSOL RESP is QOEMHOOK
04-27 12:21:21.906  2398  2536 I chatty  : uid=1001(radio) HwBinder:2398_1 expire 18 lines
04-27 12:21:22.208  2398  6360 I chatty  : uid=1001(radio) Binder:2398_B expire 8 lines
04-27 12:21:22.324  2219  2340 I sysui_multi_action: [757,1093,758,4,793,2237,1094,9437312,1095,4]
04-27 12:21:22.420  2398  4033 I chatty  : uid=1001(radio) Binder:2398_7 expire 5 lines
04-27 12:21:23.330  2219  2340 I sysui_multi_action: [757,1093,758,4,793,1007,1094,9437312,1095,4]
04-27 12:21:23.970  1715  1795 I am_pss  : [3144,10020,com.google.process.gapps,4465664,3391488,0]
04-27 12:21:30.468  2963  2963 D use-Rlog/RLOG-QC_RIL_OEM_HOOK: Received Broadcast Intent ACTION_UNSOL_RESPONSE_OEM_HOOK_RAW
04-27 12:21:30.468  2963  2963 D use-Rlog/RLOG-QC_RIL_OEM_HOOK: Oem ID in QCRILHOOK UNSOL RESP is QOEMHOOK
04-27 12:21:30.468  2398  2398 I chatty  : uid=1001(radio) com.android.phone expire 70 lines
04-27 12:21:30.502  2398  2536 I chatty  : uid=1001(radio) HwBinder:2398_1 expire 35 lines
04-27 12:21:34.259  1715  1795 I am_pss  : [2976,10020,com.google.android.gms,89884672,73273344,0]
04-27 12:21:38.759  1715  1796 I am_uid_idle: 10003
04-27 12:21:40.554  2398  2593 I chatty  : uid=1001(radio) DcHandlerThread expire 57 lines
04-27 12:21:44.308  2660  6379 I c2dm    : [0,,16,16]
04-27 12:21:44.382  1715  1795 I am_pss  : [3058,10048,com.google.android.googlequicksearchbox:search,105064448,89767936,0]
04-27 12:21:44.428  1715  1795 I am_pss  : [9450,10086,com.google.android.music:ui,60446720,51822592,0]
04-27 12:21:44.456  2398  4033 I chatty  : uid=1001(radio) Binder:2398_7 expire 2 lines
04-27 12:21:44.456  2398  2422 I chatty  : uid=1001(radio) Binder:2398_2 expire 37 lines
04-27 12:21:44.466  1715  1795 I am_pss  : [9469,10086,com.google.android.music:main,25554944,18812928,0]
04-27 12:21:44.495  1715  1795 I am_pss  : [2776,10020,com.google.process.gservices,5136384,4132864,0]
04-27 12:21:44.841  2398  2593 I chatty  : uid=1001(radio) DcHandlerThread expire 27 lines
04-27 12:21:44.843  2398  2398 I chatty  : uid=1001(radio) com.android.phone expire 40 lines
04-27 12:21:44.868  2660  6538 I c2dm    : [1,,16,16]
04-27 12:21:45.325  2398  4033 I chatty  : uid=1001(radio) Binder:2398_7 expire 23 lines
04-27 12:21:45.327  2398  6360 I chatty  : uid=1001(radio) Binder:2398_B expire 18 lines
04-27 12:21:45.459  2219  2340 I sysui_multi_action: [757,1093,758,4,793,22129,1094,9437312,1095,4]
04-27 12:21:46.477  2219  2340 I sysui_multi_action: [757,1093,758,4,793,1015,1094,9437312,1095,4]
04-27 12:21:47.481  2219  2340 I sysui_multi_action: [757,1093,758,4,793,1006,1094,9437312,1095,4]
04-27 12:21:47.521  1715  2074 I am_wtf  : [0,1715,system_server,-1,ActivityManager,Sending non-protected broadcast com.sonim.intent.action.YELLOW_KEY_DOWN from system 1715:system/1000 pkg android]
04-27 12:21:47.769  1715  2074 I am_wtf  : [0,1715,system_server,-1,ActivityManager,Sending non-protected broadcast com.sonim.intent.action.YELLOW_KEY_UP from system 1715:system/1000 pkg android]
04-27 12:21:48.963  1715  1796 I am_uid_idle: 10014
04-27 12:21:50.380  1715  2409 I battery_status: [4,2,1,0,Li-ion]
04-27 12:21:50.389  1715  5155 I am_wtf  : [0,1715,system_server,-1,ActivityManager,Sending non-protected broadcast sonim.intent.action.USB_CHARGING_STATE from system 3281:com.sonimtech.spcc/1000 pkg com.sonimtech.spcc]
04-27 12:21:50.483  1715  1795 I am_pss  : [8715,10014,android.process.media,4724736,3936256,0]
04-27 12:21:50.763  1715  2409 I battery_status: [2,2,1,0,Li-ion]
04-27 12:21:50.771  1715  4912 I am_wtf  : [0,1715,system_server,-1,ActivityManager,Sending non-protected broadcast sonim.intent.action.USB_CHARGING_STATE from system 3281:com.sonimtech.spcc/1000 pkg com.sonimtech.spcc]
04-27 12:21:50.810  1715  2074 I am_new_intent: [0,17848695,150,com.android.launcher3/com.android.searchlauncher.SearchLauncher,android.intent.action.MAIN,NULL,NULL,268435712]
04-27 12:21:50.811  1715  2074 I wm_task_moved: [150,1,0]
04-27 12:21:50.812  1715  2074 I am_focused_stack: [0,0,1,bringingFoundTaskToFront]
04-27 12:21:50.812  1715  2074 I wm_task_moved: [150,1,0]
04-27 12:21:50.815  1715  2074 I am_pause_activity: [0,193994378,com.google.android.gms/.auth.uiflows.minutemaid.MinuteMaidActivity]
04-27 12:21:50.817  6650  6650 I am_on_paused_called: [0,com.google.android.gms.auth.uiflows.minutemaid.MinuteMaidActivity,handlePauseActivity]
04-27 12:21:50.819  1715  2074 I am_set_resumed_activity: [0,com.android.launcher3/com.android.searchlauncher.SearchLauncher,resumeTopActivityInnerLocked]
04-27 12:21:50.846  1715  2074 I am_resume_activity: [0,17848695,150,com.android.launcher3/com.android.searchlauncher.SearchLauncher]
04-27 12:21:50.861  1715  2074 I am_task_to_front: [0,150]
04-27 12:21:50.892  1715  1796 I am_stop_activity: [0,193994378,com.google.android.gms/.auth.uiflows.minutemaid.MinuteMaidActivity]
04-27 12:21:50.904  6650  6650 I am_on_stop_called: [0,com.google.android.gms.auth.uiflows.minutemaid.MinuteMaidActivity,handleStopActivity]
04-27 12:21:50.909  1715  1796 I sysui_count: [window_time_0,42]
04-27 12:21:50.909  1715  1796 I sysui_multi_action: [757,803,799,window_time_0,802,42]
04-27 12:21:50.932  2935  2935 I am_on_resume_called: [0,com.android.searchlauncher.SearchLauncher,RESUME_ACTIVITY]
04-27 12:21:50.956  1715  2409 I battery_status: [2,2,1,2,Li-ion]
04-27 12:21:50.978  1715  5001 I am_wtf  : [0,1715,system_server,-1,ActivityManager,Sending non-protected broadcast sonim.intent.action.USB_CHARGING_STATE from system 3281:com.sonimtech.spcc/1000 pkg com.sonimtech.spcc]
04-27 12:21:51.013  1715  5001 I am_wtf  : [0,1715,system_server,-1,ActivityManager,Sending non-protected broadcast sonim.intent.action.USB_CHARGING_STATE from system 3281:com.sonimtech.spcc/1000 pkg com.sonimtech.spcc]
04-27 12:21:51.025  2398  2536 I chatty  : uid=1001(radio) HwBinder:2398_1 expire 32 lines
04-27 12:21:51.086   770   770 I auditd  : type=1400 audit(0.0:1234): avc: denied { dac_override } for comm="usb@1.0-service" capability=1 scontext=u:r:hal_usb_default:s0 tcontext=u:r:hal_usb_default:s0 tclass=capability permissive=0
04-27 12:21:51.086   770   770 I auditd  : type=1400 audit(0.0:1235): avc: denied { dac_override } for comm="usb@1.0-service" capability=1 scontext=u:r:hal_usb_default:s0 tcontext=u:r:hal_usb_default:s0 tclass=capability permissive=0
04-27 12:21:51.111  1715  1844 I sysui_multi_action: [319,248,322,218,325,2237,757,761,758,9,759,2,806,com.android.launcher3,871,com.android.searchlauncher.SearchLauncher,905,0]
04-27 12:21:51.392  1715  1715 I notification_enqueue: [1000,1715,android,27,NULL,-1,Notification(channel=USB pri=0 contentView=null vibrate=null sound=null tick defaults=0x0 flags=0x2 color=0xff607d8b vis=PUBLIC),0]
04-27 12:21:51.404  2219  2340 I sysui_multi_action: [757,1093,758,4,793,3924,1094,9437312,1095,4]
04-27 12:21:51.405  1715  1715 I notification_enqueue: [1000,1715,android,26,NULL,-1,Notification(channel=DEVELOPER pri=0 contentView=null vibrate=null sound=null tick defaults=0x0 flags=0x2 color=0xff607d8b vis=PUBLIC),0]
04-27 12:21:51.516  8715  8715 I auditd  : type=1400 audit(0.0:1236): avc: denied { call } for comm="d.process.media" scontext=u:r:mediaprovider:s0:c512,c768 tcontext=u:r:hal_perf_default:s0 tclass=binder permissive=0
04-27 12:21:51.602  1715  2409 I am_wtf  : [0,1715,system_server,-1,ActivityManager,Sending non-protected broadcast sonim.intent.action.USB_CHARGING_STATE from system 3281:com.sonimtech.spcc/1000 pkg com.sonimtech.spcc]
04-27 12:21:51.705  1715  5874 I am_wtf  : [0,1715,system_server,-1,ActivityManager,Sending non-protected broadcast sonim.intent.action.USB_CHARGING_STATE from system 3281:com.sonimtech.spcc/1000 pkg com.sonimtech.spcc]
04-27 12:21:51.872  1715  5874 I am_wtf  : [0,1715,system_server,-1,ActivityManager,Sending non-protected broadcast sonim.intent.action.USB_CHARGING_STATE from system 3281:com.sonimtech.spcc/1000 pkg com.sonimtech.spcc]
04-27 12:21:52.266   770   770 I auditd  : type=1400 audit(0.0:1237): avc: denied { dac_override } for comm="usb@1.0-service" capability=1 scontext=u:r:hal_usb_default:s0 tcontext=u:r:hal_usb_default:s0 tclass=capability permissive=0
04-27 12:21:52.276   770   770 I auditd  : type=1400 audit(0.0:1238): avc: denied { dac_override } for comm="usb@1.0-service" capability=1 scontext=u:r:hal_usb_default:s0 tcontext=u:r:hal_usb_default:s0 tclass=capability permissive=0
04-27 12:21:52.609  2219  2340 I sysui_multi_action: [757,1093,758,4,793,1205,1094,9437312,1095,4]
04-27 12:21:53.051  1715  5874 I am_wtf  : [0,1715,system_server,-1,ActivityManager,Sending non-protected broadcast sonim.intent.action.USB_CHARGING_STATE from system 3281:com.sonimtech.spcc/1000 pkg com.sonimtech.spcc]
04-27 12:21:53.456   770   770 I auditd  : type=1400 audit(0.0:1239): avc: denied { dac_override } for comm="usb@1.0-service" capability=1 scontext=u:r:hal_usb_default:s0 tcontext=u:r:hal_usb_default:s0 tclass=capability permissive=0
04-27 12:21:53.456   770   770 I auditd  : type=1400 audit(0.0:1240): avc: denied { dac_override } for comm="usb@1.0-service" capability=1 scontext=u:r:hal_usb_default:s0 tcontext=u:r:hal_usb_default:s0 tclass=capability permissive=0
04-27 12:21:54.066  2219  2340 I sysui_multi_action: [757,1093,758,4,793,1456,1094,9437312,1095,4]
04-27 12:21:54.452  1715  5874 I am_wtf  : [0,1715,system_server,-1,ActivityManager,Sending non-protected broadcast sonim.intent.action.USB_CHARGING_STATE from system 3281:com.sonimtech.spcc/1000 pkg com.sonimtech.spcc]
04-27 12:21:54.646   770   770 I auditd  : type=1400 audit(0.0:1241): avc: denied { dac_override } for comm="usb@1.0-service" capability=1 scontext=u:r:hal_usb_default:s0 tcontext=u:r:hal_usb_default:s0 tclass=capability permissive=0
04-27 12:21:54.646   770   770 I auditd  : type=1400 audit(0.0:1242): avc: denied { dac_override } for comm="usb@1.0-service" capability=1 scontext=u:r:hal_usb_default:s0 tcontext=u:r:hal_usb_default:s0 tclass=capability permissive=0
04-27 12:21:55.471  2219  2340 I sysui_multi_action: [757,1093,758,4,793,1405,1094,9437312,1095,4]
04-27 12:21:59.895  2219  2340 I sysui_multi_action: [757,1093,758,4,793,4425,1094,9437312,1095,4]
04-27 12:22:02.610  2398  2398 I chatty  : uid=1001(radio) com.android.phone expire 47 lines
04-27 12:22:02.611  2375  2375 I chatty  : uid=1001(radio) com.qualcomm.qti.telephonyservice expire 2 lines
04-27 12:22:02.611  2963  2963 D use-Rlog/RLOG-QC_RIL_OEM_HOOK: Received Broadcast Intent ACTION_UNSOL_RESPONSE_OEM_HOOK_RAW
04-27 12:22:02.611  2963  2963 D use-Rlog/RLOG-QC_RIL_OEM_HOOK: Oem ID in QCRILHOOK UNSOL RESP is QOEMHOOK
04-27 12:22:02.614  2398  2536 I chatty  : uid=1001(radio) HwBinder:2398_1 expire 20 lines
04-27 12:22:02.716  1715  1795 I am_pss  : [2935,10034,com.android.launcher3,78159872,74227712,0]
04-27 12:22:04.835  2398  2422 I chatty  : uid=1001(radio) Binder:2398_2 expire 27 lines
04-27 12:22:04.836  2398  4033 I chatty  : uid=1001(radio) Binder:2398_7 expire 14 lines
04-27 12:22:04.838  2398  6360 I chatty  : uid=1001(radio) Binder:2398_B expire 2 lines
04-27 12:22:05.848  2219  2340 I sysui_multi_action: [757,1093,758,4,793,5952,1094,9437312,1095,4]
04-27 12:22:08.391  2219  2340 I sysui_multi_action: [757,1093,758,4,793,2544,1094,9437312,1095,4]
04-27 12:22:08.831  1715  1796 I am_uid_idle: 10086
04-27 12:22:12.558  1715  2081 I netstats_mobile_sample: [1200854,1584,276549,1433,1197778,1523,263649,1404,1197778,1523,263649,1404,1587970333138]
04-27 12:22:12.558  1715  2081 I netstats_wifi_sample: [0,0,0,0,0,0,0,0,0,0,0,0,1587970333138]
04-27 12:22:12.587  1715  1795 I am_pss  : [3058,10048,com.google.android.googlequicksearchbox:search,131436544,116097024,0]
04-27 12:22:12.602  1715  5001 I am_uid_active: 10014
04-27 12:22:12.695  2398  2593 I chatty  : uid=1001(radio) DcHandlerThread expire 36 lines
04-27 12:22:13.703  2398  2650 I chatty  : uid=1001(radio) Binder:2398_5 expire 11 lines
04-27 12:22:14.624  2219  2340 I sysui_multi_action: [757,1093,758,4,793,6233,1094,9437312,1095,4]
04-27 12:22:14.961  1715  2918 I am_uid_active: 10003
04-27 12:22:17.622  2219  2340 I sysui_multi_action: [757,1093,758,4,793,2997,1094,9437312,1095,4]
04-27 12:22:18.047  1715  5155 I am_meminfo: [1482006528,240189440,12288,320962560,366772224]
04-27 12:22:23.386  9921  9921 I auditd  : type=1400 audit(0.0:1243): avc: denied { read } for comm="dumpstate" name="dm-0" dev="sysfs" ino=41355 scontext=u:r:dumpstate:s0 tcontext=u:object_r:sysfs_dm:s0 tclass=dir permissive=0
04-27 12:22:23.386  9921  9921 I auditd  : type=1400 audit(0.0:1244): avc: denied { read } for comm="dumpstate" name="dm-1" dev="sysfs" ino=45970 scontext=u:r:dumpstate:s0 tcontext=u:object_r:sysfs_dm:s0 tclass=dir permissive=0
04-27 12:22:23.396  9921  9921 I auditd  : type=1400 audit(0.0:1245): avc: denied { read } for comm="dumpstate" name="zram0" dev="sysfs" ino=31211 scontext=u:r:dumpstate:s0 tcontext=u:object_r:sysfs_zram:s0 tclass=dir permissive=0
04-27 12:22:23.416  9921  9921 I auditd  : type=1400 audit(0.0:1246): avc: denied { search } for comm="dumpstate" name="mmc0" dev="debugfs" ino=2063 scontext=u:r:dumpstate:s0 tcontext=u:object_r:debugfs_mmc:s0 tclass=dir permissive=0
04-27 12:22:24.965  1715  1795 I am_pss  : [6650,10020,com.google.android.gms.ui,80079872,68055040,0]
04-27 12:22:24.993  1715  1795 I am_pss  : [9670,99000,com.android.chrome:sandboxed_process0,42702848,35061760,0]
04-27 12:22:25.026  1715  1795 I am_pss  : [4499,10020,com.google.android.gms.unstable,18836480,12464128,0]
04-27 12:22:25.646  9921  9921 I auditd  : type=1400 audit(0.0:1247): avc: denied { getattr } for comm="dumpstate" path="/proc/modules" dev="proc" ino=4026532117 scontext=u:r:dumpstate:s0 tcontext=u:object_r:proc_modules:s0 tclass=file permissive=0
04-27 12:22:25.812  2398  2536 I chatty  : uid=1001(radio) HwBinder:2398_1 expire 36 lines
04-27 12:22:25.813  2398  2398 I chatty  : uid=1001(radio) com.android.phone expire 69 lines
04-27 12:22:25.818  2398  2593 I chatty  : uid=1001(radio) DcHandlerThread expire 48 lines
04-27 12:22:26.173  2375  2375 I chatty  : uid=1001(radio) com.qualcomm.qti.telephonyservice expire 2 lines
04-27 12:22:26.175  2963  2963 D use-Rlog/RLOG-QC_RIL_OEM_HOOK: Received Broadcast Intent ACTION_UNSOL_RESPONSE_OEM_HOOK_RAW
04-27 12:22:26.176  2963  2963 D use-Rlog/RLOG-QC_RIL_OEM_HOOK: Oem ID in QCRILHOOK UNSOL RESP is QOEMHOOK
04-27 12:22:27.205  2398  2605 I chatty  : uid=1001(radio) DcHandlerThread expire 18 lines
04-27 12:22:28.337  2398  2398 I chatty  : uid=1001(radio) com.android.phone expire 89 lines
04-27 12:22:28.337  2375  2375 I chatty  : uid=1001(radio) com.qualcomm.qti.telephonyservice expire 6 lines
04-27 12:22:28.337  2963  2963 D use-Rlog/RLOG-QC_RIL_OEM_HOOK: Received Broadcast Intent ACTION_UNSOL_RESPONSE_OEM_HOOK_RAW
04-27 12:22:28.337  2963  2963 D use-Rlog/RLOG-QC_RIL_OEM_HOOK: Oem ID in QCRILHOOK UNSOL RESP is QOEMHOOK
04-27 12:22:28.338  2398  2593 I chatty  : uid=1001(radio) DcHandlerThread expire 36 lines
04-27 12:22:28.339  2398  2536 I chatty  : uid=1001(radio) HwBinder:2398_1 expire 39 lines
04-27 12:22:29.485  2963  2963 D use-Rlog/RLOG-QC_RIL_OEM_HOOK: Received Broadcast Intent ACTION_UNSOL_RESPONSE_OEM_HOOK_RAW
04-27 12:22:29.485  2963  2963 D use-Rlog/RLOG-QC_RIL_OEM_HOOK: Oem ID in QCRILHOOK UNSOL RESP is QOEMHOOK
04-27 12:22:32.852 10195 10195 I auditd  : type=1400 audit(0.0:1248): avc: denied { getattr } for comm="df" path="/persist" dev="mmcblk0p57" ino=2 scontext=u:r:dumpstate:s0 tcontext=u:object_r:persist_file:s0 tclass=dir permissive=0
04-27 12:22:32.852 10195 10195 I auditd  : type=1400 audit(0.0:1249): avc: denied { getattr } for comm="df" path="/dsp" dev="mmcblk0p33" ino=2 scontext=u:r:dumpstate:s0 tcontext=u:object_r:adsprpcd_file:s0 tclass=dir permissive=0
04-27 12:22:32.852 10195 10195 I auditd  : type=1400 audit(0.0:1250): avc: denied { getattr } for comm="df" path="/dev/block/mmcblk0p31" dev="tmpfs" ino=14629 scontext=u:r:dumpstate:s0 tcontext=u:object_r:modem_block_device:s0 tclass=blk_file permissive=0
04-27 12:22:32.852 10195 10195 I auditd  : type=1400 audit(0.0:1251): avc: denied { getattr } for comm="df" path="/dev/block/mmcblk0p52" dev="tmpfs" ino=19430 scontext=u:r:dumpstate:s0 tcontext=u:object_r:modem_block_device:s0 tclass=blk_file permissive=0
04-27 12:22:32.852 10195 10195 I auditd  : type=1400 audit(0.0:1252): avc: denied { getattr } for comm="df" path="/mnt/media_rw" dev="tmpfs" ino=12439 scontext=u:r:dumpstate:s0 tcontext=u:object_r:mnt_media_rw_file:s0 tclass=dir permissive=0
04-27 12:22:32.852 10195 10195 I auditd  : type=1400 audit(0.0:1253): avc: denied { getattr } for comm="df" path="/dev/block/mmcblk0p31" dev="tmpfs" ino=14629 scontext=u:r:dumpstate:s0 tcontext=u:object_r:modem_block_device:s0 tclass=blk_file permissive=0
04-27 12:22:32.852 10195 10195 I auditd  : type=1400 audit(0.0:1254): avc: denied { getattr } for comm="df" path="/dev/block/mmcblk0p52" dev="tmpfs" ino=19430 scontext=u:r:dumpstate:s0 tcontext=u:object_r:modem_block_device:s0 tclass=blk_file permissive=0
04-27 12:22:32.852 10195 10195 I auditd  : type=1400 audit(0.0:1255): avc: denied { getattr } for comm="df" path="/mnt/media_rw" dev="tmpfs" ino=12439 scontext=u:r:dumpstate:s0 tcontext=u:object_r:mnt_media_rw_file:s0 tclass=dir permissive=0
04-27 12:22:32.852  9921  9921 I auditd  : type=1400 audit(0.0:1256): avc: denied { search } for comm="dumpstate" name="lcd-backlight" dev="sysfs" ino=27567 scontext=u:r:dumpstate:s0 tcontext=u:object_r:sysfs_graphics:s0 tclass=dir permissive=0
04-27 12:22:32.852  9921  9921 I chatty  : uid=2000(shell) /system/bin/dumpstate identical 1 line
04-27 12:22:32.852  9921  9921 I auditd  : type=1400 audit(0.0:1258): avc: denied { search } for comm="dumpstate" name="lcd-backlight" dev="sysfs" ino=27567 scontext=u:r:dumpstate:s0 tcontext=u:object_r:sysfs_graphics:s0 tclass=dir permissive=0
04-27 12:22:33.018   572   572 I auditd  : avc:  denied  { find } for service=android.service.gatekeeper.IGateKeeperService pid=10197 uid=2000 scontext=u:r:dumpstate:s0 tcontext=u:object_r:gatekeeper_service:s0 tclass=service_manager permissive=0
04-27 12:22:33.152 10197 10197 I auditd  : type=1400 audit(0.0:1259): avc: denied { call } for comm="dumpsys" scontext=u:r:dumpstate:s0 tcontext=u:r:update_engine:s0 tclass=binder permissive=0
04-27 12:22:33.169   572   572 I auditd  : avc:  denied  { find } for service=android.service.gatekeeper.IGateKeeperService pid=10197 uid=2000 scontext=u:r:dumpstate:s0 tcontext=u:object_r:gatekeeper_service:s0 tclass=service_manager permissive=0
04-27 12:22:33.290  1715  1795 I am_pss  : [2976,10020,com.google.android.gms,78775296,62332928,0]
04-27 12:22:33.309  2398  6360 I chatty  : uid=1001(radio) Binder:2398_B expire 2 lines
04-27 12:22:33.309  2398  5932 I chatty  : uid=1001(radio) Binder:2398_A expire 2 lines
04-27 12:22:33.310  2398  4035 I chatty  : uid=1001(radio) Binder:2398_9 expire 15 lines
04-27 12:22:33.319  1715  1795 I am_pss  : [8715,10014,android.process.media,6228992,5390336,0]
04-27 12:22:34.319  2219  2340 I sysui_multi_action: [757,1093,758,4,793,16698,1094,9437312,1095,4]
04-27 12:22:34.701  2963  2963 D use-Rlog/RLOG-QC_RIL_OEM_HOOK: Received Broadcast Intent ACTION_UNSOL_RESPONSE_OEM_HOOK_RAW
04-27 12:22:34.702  2963  2963 D use-Rlog/RLOG-QC_RIL_OEM_HOOK: Oem ID in QCRILHOOK UNSOL RESP is QOEMHOOK
04-27 12:22:34.719  2398  2398 I chatty  : uid=1001(radio) com.android.phone expire 20 lines
04-27 12:22:35.212 10197 10197 I auditd  : type=1400 audit(0.0:1260): avc: denied { use } for comm="dumpsys" path="pipe:[141793]" dev="pipefs" ino=141793 scontext=u:r:installd:s0 tcontext=u:r:dumpstate:s0 tclass=fd permissive=0
04-27 12:22:38.203  1715  6774 I am_uid_running: 10091
04-27 12:22:38.224  1715  6774 I am_proc_start: [0,10447,10091,com.android.printspooler,service,com.android.printspooler/.model.PrintSpoolerService]
04-27 12:22:38.245  1715  6222 I am_proc_bound: [0,10447,com.android.printspooler]
04-27 12:22:38.252  1715  6222 I am_uid_active: 10091
04-27 12:22:38.310  1715  1795 I am_pss  : [3058,10048,com.google.android.googlequicksearchbox:search,135358464,120102912,0]
04-27 12:22:38.912 10197 10197 I auditd  : type=1400 audit(0.0:1261): avc: denied { write } for comm="dumpsys" path="pipe:[133946]" dev="pipefs" ino=133946 scontext=u:r:storaged:s0 tcontext=u:r:dumpstate:s0 tclass=fifo_file permissive=0
04-27 12:22:39.132  1715  1715 I auditd  : type=1400 audit(0.0:1262): avc: denied { syslog_read } for comm="Binder:1715_18" scontext=u:r:system_server:s0 tcontext=u:r:kernel:s0 tclass=system permissive=0
04-27 12:22:39.273  2398  2536 I chatty  : uid=1001(radio) HwBinder:2398_1 expire 30 lines
04-27 12:22:42.268  2398  6360 I chatty  : uid=1001(radio) Binder:2398_B expire 12 lines
04-27 12:22:42.960  2398  2605 I chatty  : uid=1001(radio) DcHandlerThread expire 9 lines
04-27 12:22:43.272  2219  2340 I sysui_multi_action: [757,1093,758,4,793,8952,1094,9437312,1095,4]
04-27 12:22:44.487  2398  2593 I chatty  : uid=1001(radio) DcHandlerThread expire 24 lines
04-27 12:22:46.557  2375  2375 I chatty  : uid=1001(radio) com.qualcomm.qti.telephonyservice expire 4 lines
04-27 12:22:46.557  2963  2963 D use-Rlog/RLOG-QC_RIL_OEM_HOOK: Received Broadcast Intent ACTION_UNSOL_RESPONSE_OEM_HOOK_RAW
04-27 12:22:46.557  2963  2963 D use-Rlog/RLOG-QC_RIL_OEM_HOOK: Oem ID in QCRILHOOK UNSOL RESP is QOEMHOOK
04-27 12:22:46.557  2398  2398 I chatty  : uid=1001(radio) com.android.phone expire 73 lines
04-27 12:22:46.574  2398  4035 I chatty  : uid=1001(radio) Binder:2398_9 expire 8 lines
04-27 12:22:47.581  2219  2340 I sysui_multi_action: [757,1093,758,4,793,4310,1094,9437312,1095,4]
04-27 12:22:48.315  1715  1795 I am_pss  : [3614,10003,android.process.acore,8497152,7557120,0]
04-27 12:22:50.482  2963  2963 D use-Rlog/RLOG-QC_RIL_OEM_HOOK: Received Broadcast Intent ACTION_UNSOL_RESPONSE_OEM_HOOK_RAW
04-27 12:22:50.482  2963  2963 D use-Rlog/RLOG-QC_RIL_OEM_HOOK: Oem ID in QCRILHOOK UNSOL RESP is QOEMHOOK
04-27 12:22:50.485  2398  2536 I chatty  : uid=1001(radio) HwBinder:2398_1 expire 6 lines
04-27 12:22:50.506  2398  5932 I chatty  : uid=1001(radio) Binder:2398_A expire 4 lines
04-27 12:22:51.413  1715  1796 I am_uid_idle: 99000
04-27 12:22:51.490  1715  2918 I am_wtf  : [0,1715,system_server,-1,ActivityManager,Sending non-protected broadcast sonim.intent.action.USB_CHARGING_STATE from system 3281:com.sonimtech.spcc/1000 pkg com.sonimtech.spcc]
04-27 12:22:51.518  2219  2340 I sysui_multi_action: [757,1093,758,4,793,3936,1094,9437312,1095,4]
04-27 12:22:51.580  1715  1795 I am_pss  : [2976,10020,com.google.android.gms,76456960,60084224,0]
04-27 12:22:53.609  2398  2398 I chatty  : uid=1001(radio) com.android.phone expire 121 lines
04-27 12:22:53.990  1715  5001 I am_wtf  : [0,1715,system_server,-1,ActivityManager,Sending non-protected broadcast sonim.intent.action.USB_CHARGING_STATE from system 3281:com.sonimtech.spcc/1000 pkg com.sonimtech.spcc]
04-27 12:22:54.214  2398  2536 I chatty  : uid=1001(radio) HwBinder:2398_1 expire 48 lines
04-27 12:22:54.245  2375  2375 I chatty  : uid=1001(radio) com.qualcomm.qti.telephonyservice expire 6 lines
04-27 12:22:54.245  2963  2963 D use-Rlog/RLOG-QC_RIL_OEM_HOOK: Received Broadcast Intent ACTION_UNSOL_RESPONSE_OEM_HOOK_RAW
04-27 12:22:54.245  2963  2963 D use-Rlog/RLOG-QC_RIL_OEM_HOOK: Oem ID in QCRILHOOK UNSOL RESP is QOEMHOOK
04-27 12:22:54.267  2398  4035 I chatty  : uid=1001(radio) Binder:2398_9 expire 5 lines
04-27 12:22:54.273  2398  6360 I chatty  : uid=1001(radio) Binder:2398_B expire 14 lines
04-27 12:22:55.007  2219  2340 I sysui_multi_action: [757,1093,758,4,793,3490,1094,9437312,1095,4]
04-27 12:22:57.155  2963  2963 D use-Rlog/RLOG-QC_RIL_OEM_HOOK: Received Broadcast Intent ACTION_UNSOL_RESPONSE_OEM_HOOK_RAW
04-27 12:22:57.155  2963  2963 D use-Rlog/RLOG-QC_RIL_OEM_HOOK: Oem ID in QCRILHOOK UNSOL RESP is QOEMHOOK
04-27 12:22:58.061  2963  2963 D use-Rlog/RLOG-QC_RIL_OEM_HOOK: Received Broadcast Intent ACTION_UNSOL_RESPONSE_OEM_HOOK_RAW
04-27 12:22:58.061  2963  2963 D use-Rlog/RLOG-QC_RIL_OEM_HOOK: Oem ID in QCRILHOOK UNSOL RESP is QOEMHOOK
04-27 12:23:02.001  2398  2398 I chatty  : uid=1001(radio) com.android.phone expire 43 lines
04-27 12:23:02.004  2398  2536 I chatty  : uid=1001(radio) HwBinder:2398_1 expire 20 lines
04-27 12:23:02.020  2963  2963 D use-Rlog/RLOG-QC_RIL_OEM_HOOK: Received Broadcast Intent ACTION_UNSOL_RESPONSE_OEM_HOOK_RAW
04-27 12:23:02.020  2375  2375 I chatty  : uid=1001(radio) com.qualcomm.qti.telephonyservice expire 6 lines
04-27 12:23:02.020  2963  2963 D use-Rlog/RLOG-QC_RIL_OEM_HOOK: Oem ID in QCRILHOOK UNSOL RESP is QOEMHOOK
04-27 12:23:02.962  2398  4035 I chatty  : uid=1001(radio) Binder:2398_9 expire 11 lines
04-27 12:23:02.963  2398  5932 I chatty  : uid=1001(radio) Binder:2398_A expire 5 lines
04-27 12:23:03.991  2219  2340 I sysui_multi_action: [757,1093,758,4,793,8983,1094,9437312,1095,4]
04-27 12:23:07.512 10791 10791 I auditd  : type=1400 audit(0.0:1263): avc: denied { search } for comm="main" name="speccfg" dev="mmcblk0p57" ino=17 scontext=u:r:shell:s0 tcontext=u:object_r:regionalization_file:s0 tclass=dir permissive=0
04-27 12:23:07.649  1715  2918 I wm_task_moved: [152,1,1]
04-27 12:23:07.649  1715  2918 I am_focused_stack: [0,1,0,bringingFoundTaskToFront]
04-27 12:23:07.649  1715  2918 I wm_task_moved: [152,1,1]
04-27 12:23:07.651  1715  2918 I am_pause_activity: [0,17848695,com.android.launcher3/com.android.searchlauncher.SearchLauncher]
04-27 12:23:07.651  2935  2935 I am_on_paused_called: [0,com.android.searchlauncher.SearchLauncher,handlePauseActivity]
04-27 12:23:07.652  1715  2918 I am_task_to_front: [0,152]
04-27 12:23:07.667  1715  6774 I am_set_resumed_activity: [0,com.google.android.gms/.auth.uiflows.minutemaid.MinuteMaidActivity,resumeTopActivityInnerLocked]
04-27 12:23:07.684  1715  6774 I am_uid_active: 99000
04-27 12:23:07.685  1715  6774 I am_resume_activity: [0,193994378,152,com.google.android.gms/.auth.uiflows.minutemaid.MinuteMaidActivity]
04-27 12:23:07.698  1715  1796 I sysui_count: [window_time_0,76]
04-27 12:23:07.698  1715  1796 I sysui_multi_action: [757,803,799,window_time_0,802,76]
04-27 12:23:07.701  6650  6650 I am_on_resume_called: [0,com.google.android.gms.auth.uiflows.minutemaid.MinuteMaidActivity,RESUME_ACTIVITY]
04-27 12:23:07.753  1715  1844 I sysui_multi_action: [319,43,321,40,322,97,325,2313,757,761,758,9,759,4,806,com.google.android.gms,871,com.google.android.gms.auth.uiflows.minutemaid.MinuteMaidActivity,904,com.google.android.gms,905,0]
04-27 12:23:07.758  1715  1796 I am_stop_activity: [0,17848695,com.android.launcher3/com.android.searchlauncher.SearchLauncher]
04-27 12:23:07.775  2935  2935 I am_on_stop_called: [0,com.android.searchlauncher.SearchLauncher,handleStopActivity]
04-27 12:23:09.096  2219  2340 I sysui_multi_action: [757,1093,758,4,793,5105,1094,9437312,1095,4]
04-27 12:23:13.128  1715  1796 I am_uid_idle: 10014
04-27 12:23:15.515  1715  1796 I am_uid_idle: 10003
04-27 12:23:21.912  2219  2340 I sysui_multi_action: [757,1093,758,4,793,12817,1094,9437312,1095,4]
04-27 12:23:22.467  2963  2963 D use-Rlog/RLOG-QC_RIL_OEM_HOOK: Received Broadcast Intent ACTION_UNSOL_RESPONSE_OEM_HOOK_RAW
04-27 12:23:22.467  2963  2963 D use-Rlog/RLOG-QC_RIL_OEM_HOOK: Oem ID in QCRILHOOK UNSOL RESP is QOEMHOOK
04-27 12:23:22.467  2398  2398 I chatty  : uid=1001(radio) com.android.phone expire 44 lines
04-27 12:23:22.467  2398  2536 I chatty  : uid=1001(radio) HwBinder:2398_1 expire 18 lines
04-27 12:23:22.493  2398  6360 I chatty  : uid=1001(radio) Binder:2398_B expire 7 lines
04-27 12:23:22.495  2398  4035 I chatty  : uid=1001(radio) Binder:2398_9 expire 17 lines
04-27 12:23:23.503  2219  2340 I sysui_multi_action: [757,1093,758,4,793,1591,1094,9437312,1095,4]
04-27 12:23:25.720  2219  2340 I sysui_multi_action: [757,1093,758,4,793,2217,1094,9437312,1095,4]
04-27 12:23:26.244  2963  2963 D use-Rlog/RLOG-QC_RIL_OEM_HOOK: Received Broadcast Intent ACTION_UNSOL_RESPONSE_OEM_HOOK_RAW
04-27 12:23:26.244  2963  2963 D use-Rlog/RLOG-QC_RIL_OEM_HOOK: Oem ID in QCRILHOOK UNSOL RESP is QOEMHOOK
04-27 12:23:26.262  2398  2398 I chatty  : uid=1001(radio) com.android.phone expire 23 lines
04-27 12:23:26.265  2398  6360 I chatty  : uid=1001(radio) Binder:2398_B expire 13 lines
04-27 12:23:26.268  2398  5932 I chatty  : uid=1001(radio) Binder:2398_A expire 11 lines
04-27 12:23:26.269  2398  2536 I chatty  : uid=1001(radio) HwBinder:2398_1 expire 24 lines
04-27 12:23:27.285  2219  2340 I sysui_multi_action: [757,1093,758,4,793,1565,1094,9437312,1095,4]
04-27 12:23:28.019  1715  1795 I am_pss  : [6650,10020,com.google.android.gms.ui,119021568,105967616,0]
04-27 12:23:28.061  1715  1795 I am_pss  : [2935,10034,com.android.launcher3,40276992,36282368,0]
04-27 12:23:28.089  1715  1795 I am_pss  : [9670,99000,com.android.chrome:sandboxed_process0,42511360,34873344,0]
04-27 12:23:28.122  1715  1795 I am_pss  : [4499,10020,com.google.android.gms.unstable,18564096,12247040,0]
04-27 12:23:28.150  1715  1795 I am_pss  : [10447,10091,com.android.printspooler,2953216,2449408,0]
04-27 12:23:30.292   770   770 I auditd  : type=1400 audit(0.0:1264): avc: denied { dac_override } for comm="usb@1.0-service" capability=1 scontext=u:r:hal_usb_default:s0 tcontext=u:r:hal_usb_default:s0 tclass=capability permissive=0
04-27 12:23:30.292   770   770 I auditd  : type=1400 audit(0.0:1265): avc: denied { dac_override } for comm="usb@1.0-service" capability=1 scontext=u:r:hal_usb_default:s0 tcontext=u:r:hal_usb_default:s0 tclass=capability permissive=0
04-27 12:23:30.317  1715  5001 I battery_status: [3,2,1,0,Li-ion]
04-27 12:23:30.332  1715  5874 I am_wtf  : [0,1715,system_server,-1,ActivityManager,Sending non-protected broadcast sonim.intent.action.USB_CHARGING_STATE from system 3281:com.sonimtech.spcc/1000 pkg com.sonimtech.spcc]
04-27 12:23:30.385  1715  5001 I am_wtf  : [0,1715,system_server,-1,ActivityManager,Sending non-protected broadcast sonim.intent.action.USB_CHARGING_STATE from system 3281:com.sonimtech.spcc/1000 pkg com.sonimtech.spcc]
04-27 12:23:31.028  6650  6650 I menu_opened: 0
04-27 12:23:31.312  1715  1715 I sysui_multi_action: [757,128,758,5,759,8,793,99920,794,0,795,99920,796,27,806,android,857,USB,858,1,947,0]
04-27 12:23:31.312  1715  1715 I notification_canceled: [-1|android|27|null|1000,8,99920,99920,0,NULL]
04-27 12:23:31.314  1715  1715 I sysui_multi_action: [757,128,758,5,759,8,793,99919,794,0,795,99919,796,26,806,android,857,DEVELOPER,858,2,947,0]
04-27 12:23:31.319  1715  1715 I notification_canceled: [-1|android|26|null|1000,8,99919,99919,0,NULL]
04-27 12:23:31.322  8715  8715 I auditd  : type=1400 audit(0.0:1266): avc: denied { call } for comm="d.process.media" scontext=u:r:mediaprovider:s0:c512,c768 tcontext=u:r:hal_perf_default:s0 tclass=binder permissive=0
04-27 12:23:31.354  2219  2340 I sysui_multi_action: [757,1093,758,4,793,4068,1094,9437312,1095,4]
04-27 12:23:34.548  2219  2340 I sysui_multi_action: [757,1093,758,4,793,3194,1094,9437312,1095,4]
04-27 12:23:37.246  2219  2340 I sysui_multi_action: [757,1093,758,4,793,2698,1094,9437312,1095,4]
04-27 12:23:37.720  2963  2963 D use-Rlog/RLOG-QC_RIL_OEM_HOOK: Received Broadcast Intent ACTION_UNSOL_RESPONSE_OEM_HOOK_RAW
04-27 12:23:37.720  2398  2398 I chatty  : uid=1001(radio) com.android.phone expire 24 lines
04-27 12:23:37.720  2963  2963 D use-Rlog/RLOG-QC_RIL_OEM_HOOK: Oem ID in QCRILHOOK UNSOL RESP is QOEMHOOK
04-27 12:23:37.720  2375  2375 I chatty  : uid=1001(radio) com.qualcomm.qti.telephonyservice expire 2 lines
04-27 12:23:37.753  2398  5932 I chatty  : uid=1001(radio) Binder:2398_A expire 2 lines
04-27 12:23:37.753  2398  6360 I chatty  : uid=1001(radio) Binder:2398_B expire 18 lines
04-27 12:23:38.763  2219  2340 I sysui_multi_action: [757,1093,758,4,793,1517,1094,9437312,1095,4]
04-27 12:23:43.323  1715  1796 I am_uid_idle: 10091
04-27 12:23:45.413  2660  6379 I c2dm    : [0,,17,17]
04-27 12:23:45.442  2398  2593 I chatty  : uid=1001(radio) DcHandlerThread expire 60 lines
04-27 12:23:45.817  2660  6538 I c2dm    : [1,,17,17]
04-27 12:23:47.484  2219  2340 I sysui_multi_action: [757,1093,758,4,793,8722,1094,9437312,1095,4]
04-27 12:23:52.832  2398  4035 I chatty  : uid=1001(radio) Binder:2398_9 expire 4 lines
04-27 12:23:52.958  1715  1795 I am_pss  : [3058,10048,com.google.android.googlequicksearchbox:search,107497472,92577792,0]
04-27 12:23:53.005  1715  1795 I am_pss  : [2976,10020,com.google.android.gms,77256704,60846080,0]
04-27 12:23:53.838  2219  2340 I sysui_multi_action: [757,1093,758,4,793,6353,1094,9437312,1095,4]
04-27 12:23:55.664  2398  2536 I chatty  : uid=1001(radio) HwBinder:2398_1 expire 40 lines
04-27 12:23:55.666  2398  2398 I chatty  : uid=1001(radio) com.android.phone expire 85 lines
04-27 12:23:56.688  2398  6360 I chatty  : uid=1001(radio) Binder:2398_B expire 5 lines
04-27 12:23:57.700  2219  2340 I sysui_multi_action: [757,1093,758,4,793,3862,1094,9437312,1095,4]
04-27 12:24:00.829  2963  2963 D use-Rlog/RLOG-QC_RIL_OEM_HOOK: Received Broadcast Intent ACTION_UNSOL_RESPONSE_OEM_HOOK_RAW
04-27 12:24:00.829  2963  2963 D use-Rlog/RLOG-QC_RIL_OEM_HOOK: Oem ID in QCRILHOOK UNSOL RESP is QOEMHOOK
04-27 12:24:00.829  2375  2375 I chatty  : uid=1001(radio) com.qualcomm.qti.telephonyservice expire 10 lines
04-27 12:24:04.627  2963  2963 D use-Rlog/RLOG-QC_RIL_OEM_HOOK: Received Broadcast Intent ACTION_UNSOL_RESPONSE_OEM_HOOK_RAW
04-27 12:24:04.628  2963  2963 D use-Rlog/RLOG-QC_RIL_OEM_HOOK: Oem ID in QCRILHOOK UNSOL RESP is QOEMHOOK
04-27 12:24:07.208  2398  2398 I chatty  : uid=1001(radio) com.android.phone expire 90 lines
04-27 12:24:07.210  2963  2963 D use-Rlog/RLOG-QC_RIL_OEM_HOOK: Received Broadcast Intent ACTION_UNSOL_RESPONSE_OEM_HOOK_RAW
04-27 12:24:07.210  2963  2963 D use-Rlog/RLOG-QC_RIL_OEM_HOOK: Oem ID in QCRILHOOK UNSOL RESP is QOEMHOOK
04-27 12:24:07.211  2398  2536 I chatty  : uid=1001(radio) HwBinder:2398_1 expire 40 lines
04-27 12:24:08.240  2398  4035 I chatty  : uid=1001(radio) Binder:2398_9 expire 6 lines
04-27 12:24:08.241  2398  6360 I chatty  : uid=1001(radio) Binder:2398_B expire 17 lines
04-27 12:24:09.256  2219  2340 I sysui_multi_action: [757,1093,758,4,793,11556,1094,9437312,1095,4]
04-27 12:24:11.044  2963  2963 D use-Rlog/RLOG-QC_RIL_OEM_HOOK: Received Broadcast Intent ACTION_UNSOL_RESPONSE_OEM_HOOK_RAW
04-27 12:24:11.044  2963  2963 D use-Rlog/RLOG-QC_RIL_OEM_HOOK: Oem ID in QCRILHOOK UNSOL RESP is QOEMHOOK
04-27 12:24:14.907  2963  2963 D use-Rlog/RLOG-QC_RIL_OEM_HOOK: Received Broadcast Intent ACTION_UNSOL_RESPONSE_OEM_HOOK_RAW
04-27 12:24:14.907  2963  2963 D use-Rlog/RLOG-QC_RIL_OEM_HOOK: Oem ID in QCRILHOOK UNSOL RESP is QOEMHOOK
04-27 12:24:15.923  2398  5932 I chatty  : uid=1001(radio) Binder:2398_A expire 16 lines
04-27 12:24:16.934  2219  2340 I sysui_multi_action: [757,1093,758,4,793,7678,1094,9437312,1095,4]
04-27 12:24:20.757  2219  2340 I sysui_multi_action: [757,1093,758,4,793,3823,1094,9437312,1095,4]
04-27 12:24:22.876  2398  2398 I chatty  : uid=1001(radio) com.android.phone expire 62 lines
04-27 12:24:22.876  2398  2536 I chatty  : uid=1001(radio) HwBinder:2398_1 expire 28 lines
04-27 12:24:22.881  2375  2375 I chatty  : uid=1001(radio) com.qualcomm.qti.telephonyservice expire 4 lines
04-27 12:24:22.882  2963  2963 D use-Rlog/RLOG-QC_RIL_OEM_HOOK: Received Broadcast Intent ACTION_UNSOL_RESPONSE_OEM_HOOK_RAW
04-27 12:24:22.882  2963  2963 D use-Rlog/RLOG-QC_RIL_OEM_HOOK: Oem ID in QCRILHOOK UNSOL RESP is QOEMHOOK
04-27 12:24:26.148  2398  4035 I chatty  : uid=1001(radio) Binder:2398_9 expire 20 lines
04-27 12:24:26.150  2398  6360 I chatty  : uid=1001(radio) Binder:2398_B expire 19 lines
04-27 12:24:27.161  2219  2340 I sysui_multi_action: [757,1093,758,4,793,6404,1094,9437312,1095,4]
04-27 12:24:27.780  2963  2963 D use-Rlog/RLOG-QC_RIL_OEM_HOOK: Received Broadcast Intent ACTION_UNSOL_RESPONSE_OEM_HOOK_RAW
04-27 12:24:27.780  2963  2963 D use-Rlog/RLOG-QC_RIL_OEM_HOOK: Oem ID in QCRILHOOK UNSOL RESP is QOEMHOOK
04-27 12:24:27.799  2398  5932 I chatty  : uid=1001(radio) Binder:2398_A expire 26 lines
04-27 12:24:28.808  2219  2340 I sysui_multi_action: [757,1093,758,4,793,1648,1094,9437312,1095,4]
04-27 12:24:32.293  2219  2340 I sysui_multi_action: [757,1093,758,4,793,3484,1094,9437312,1095,4]
04-27 12:24:38.693  2219  2340 I sysui_multi_action: [757,1093,758,4,793,6399,1094,9437312,1095,4]
04-27 12:24:42.541  2219  2340 I sysui_multi_action: [757,1093,758,4,793,3849,1094,9437312,1095,4]
04-27 12:24:44.778  2219  2340 I sysui_multi_action: [757,1093,758,4,793,2237,1094,9437312,1095,4]
04-27 12:24:46.876  2398  2398 I chatty  : uid=1001(radio) com.android.phone expire 51 lines
04-27 12:24:46.880  2398  2536 I chatty  : uid=1001(radio) HwBinder:2398_1 expire 28 lines
04-27 12:24:46.885  2375  2375 I chatty  : uid=1001(radio) com.qualcomm.qti.telephonyservice expire 4 lines
04-27 12:24:46.885  2963  2963 D use-Rlog/RLOG-QC_RIL_OEM_HOOK: Received Broadcast Intent ACTION_UNSOL_RESPONSE_OEM_HOOK_RAW
04-27 12:24:46.885  2963  2963 D use-Rlog/RLOG-QC_RIL_OEM_HOOK: Oem ID in QCRILHOOK UNSOL RESP is QOEMHOOK
04-27 12:24:50.699  2398  2593 I chatty  : uid=1001(radio) DcHandlerThread expire 48 lines
04-27 12:24:51.718  2398  5932 I chatty  : uid=1001(radio) Binder:2398_A expire 8 lines
04-27 12:24:51.719  2398  6360 I chatty  : uid=1001(radio) Binder:2398_B expire 13 lines
04-27 12:24:52.733  2219  2340 I sysui_multi_action: [757,1093,758,4,793,7955,1094,9437312,1095,4]
04-27 12:24:53.748  2219  2340 I sysui_multi_action: [757,1093,758,4,793,1015,1094,9437312,1095,4]
04-27 12:24:58.270  2398  4035 I chatty  : uid=1001(radio) Binder:2398_9 expire 3 lines
04-27 12:24:59.285  2219  2340 I sysui_multi_action: [757,1093,758,4,793,5537,1094,9437312,1095,4]
04-27 12:25:00.005  1715  1715 I am_kill : [0,5180,org.simalliance.openmobileapi.service,902,empty for 1830s]
04-27 12:25:00.009  1715  1715 I am_kill : [0,5387,com.android.settings,904,empty for 1830s]
04-27 12:25:00.010  1715  1715 I am_kill : [0,5934,com.android.carrierdefaultapp,904,empty for 1831s]
04-27 12:25:00.011  1715  1715 I am_kill : [0,5280,com.android.mms,904,empty for 1831s]
04-27 12:25:00.013  1715  1715 I am_kill : [0,6306,com.google.android.dialer,904,empty for 1831s]
04-27 12:25:00.015  1715  1715 I am_kill : [0,5949,com.google.android.apps.photos,904,empty for 1831s]
04-27 12:25:00.017  1715  1715 I am_kill : [0,2796,com.google.android.deskclock,904,empty for 1832s]
04-27 12:25:00.018  1715  1715 I am_kill : [0,5158,com.sonimtech.warrantyregapp.xp8,904,empty for 1833s]
04-27 12:25:00.019  1715  1715 I am_kill : [0,6012,com.google.android.keep,904,empty for 1833s]
04-27 12:25:00.023  1715  1715 I am_kill : [0,6056,com.qualcomm.timeservice,906,empty for 1833s]
04-27 12:25:00.023  1715  1715 I am_kill : [0,4939,com.qualcomm.location.XT,906,empty for 1834s]
04-27 12:25:00.024  1715  1715 I am_kill : [0,5857,com.google.android.partnersetup,906,empty for 1834s]
04-27 12:25:00.039  1715  5874 I am_proc_died: [0,5180,org.simalliance.openmobileapi.service,902,17]
04-27 12:25:00.048  1715  2437 I am_proc_died: [0,5934,com.android.carrierdefaultapp,904,17]
04-27 12:25:00.049  1715  2437 I am_uid_stopped: 10057
04-27 12:25:00.059  1715  5874 I am_proc_died: [0,5387,com.android.settings,904,17]
04-27 12:25:00.073  1715  2437 I am_proc_died: [0,5857,com.google.android.partnersetup,906,17]
04-27 12:25:00.073  1715  2437 I am_uid_stopped: 10026
04-27 12:25:00.076  1715  6774 I am_proc_died: [0,5158,com.sonimtech.warrantyregapp.xp8,904,17]
04-27 12:25:00.084  1715  2961 I am_proc_died: [0,4939,com.qualcomm.location.XT,906,17]
04-27 12:25:00.087  1715  2437 I am_proc_died: [0,2796,com.google.android.deskclock,904,17]
04-27 12:25:00.088  1715  2437 I am_uid_stopped: 10064
04-27 12:25:00.090  1715  2920 I am_proc_died: [0,6306,com.google.android.dialer,904,17]
04-27 12:25:00.091  1715  2920 I am_uid_stopped: 10022
04-27 12:25:00.095  1715  5155 I am_proc_died: [0,6012,com.google.android.keep,904,17]
04-27 12:25:00.096  1715  5155 I am_uid_stopped: 10082
04-27 12:25:00.098  1715  2423 I am_proc_died: [0,5280,com.android.mms,904,17]
04-27 12:25:00.098  1715  2423 I am_uid_stopped: 10029
04-27 12:25:00.100  1715  2918 I am_proc_died: [0,6056,com.qualcomm.timeservice,906,17]
04-27 12:25:00.100  1715  2918 I am_uid_stopped: 10108
04-27 12:25:00.105  1715  2437 I am_proc_died: [0,5949,com.google.android.apps.photos,904,17]
04-27 12:25:00.105  1715  2437 I am_uid_stopped: 10093
04-27 12:25:00.108  1715  1795 I am_pss  : [8715,10014,android.process.media,6563840,5636096,0]
04-27 12:25:03.012  2963  2963 D use-Rlog/RLOG-QC_RIL_OEM_HOOK: Received Broadcast Intent ACTION_UNSOL_RESPONSE_OEM_HOOK_RAW
04-27 12:25:03.013  2398  2398 I chatty  : uid=1001(radio) com.android.phone expire 19 lines
04-27 12:25:03.014  2963  2963 D use-Rlog/RLOG-QC_RIL_OEM_HOOK: Oem ID in QCRILHOOK UNSOL RESP is QOEMHOOK
04-27 12:25:03.022  2398  2536 I chatty  : uid=1001(radio) HwBinder:2398_1 expire 33 lines
04-27 12:25:03.031  2398  2398 I chatty  : uid=1001(radio) com.android.phone expire 58 lines
04-27 12:25:09.885  2375  2375 I chatty  : uid=1001(radio) com.qualcomm.qti.telephonyservice expire 4 lines
04-27 12:25:09.885  2963  2963 D use-Rlog/RLOG-QC_RIL_OEM_HOOK: Received Broadcast Intent ACTION_UNSOL_RESPONSE_OEM_HOOK_RAW
04-27 12:25:09.885  2963  2963 D use-Rlog/RLOG-QC_RIL_OEM_HOOK: Oem ID in QCRILHOOK UNSOL RESP is QOEMHOOK
04-27 12:25:16.362  2398  2593 I chatty  : uid=1001(radio) DcHandlerThread expire 48 lines
04-27 12:25:17.383  2398  5932 I chatty  : uid=1001(radio) Binder:2398_A expire 5 lines
04-27 12:25:17.385  2398  4035 I chatty  : uid=1001(radio) Binder:2398_9 expire 5 lines
04-27 12:25:18.396  2219  2340 I sysui_multi_action: [757,1093,758,4,793,19112,1094,9437312,1095,4]
04-27 12:25:18.401  2398  6360 I chatty  : uid=1001(radio) Binder:2398_B expire 8 lines
04-27 12:25:19.421  2219  2340 I sysui_multi_action: [757,1093,758,4,793,1024,1094,9437312,1095,4]
