04-27 12:54:44.957  1715  1796 I am_uid_idle: 10037
04-27 12:54:44.958  1715  1796 I am_uid_idle: 10014
04-27 12:54:47.299  2219  2340 I sysui_multi_action: [757,1093,758,4,793,2533,1094,9437312,1095,4]
04-27 12:54:50.729  2963  2963 D use-Rlog/RLOG-QC_RIL_OEM_HOOK: Received Broadcast Intent ACTION_UNSOL_RESPONSE_OEM_HOOK_RAW
04-27 12:54:50.729  2963  2963 D use-Rlog/RLOG-QC_RIL_OEM_HOOK: Oem ID in QCRILHOOK UNSOL RESP is QOEMHOOK
04-27 12:54:50.730  2398  2536 I chatty  : uid=1001(radio) HwBinder:2398_1 expire 8 lines
04-27 12:54:50.731  2398  2398 I chatty  : uid=1001(radio) com.android.phone expire 21 lines
04-27 12:54:50.746  2398  5932 I chatty  : uid=1001(radio) Binder:2398_A expire 6 lines
04-27 12:54:50.749  2398  6360 I chatty  : uid=1001(radio) Binder:2398_B expire 16 lines
04-27 12:54:51.761  2219  2340 I sysui_multi_action: [757,1093,758,4,793,4461,1094,9437312,1095,4]
04-27 12:54:57.572  2219  2340 I sysui_multi_action: [757,1093,758,4,793,5811,1094,9437312,1095,4]
04-27 12:54:57.803  1715  5402 I am_wtf  : [0,1715,system_server,-1,ActivityManager,Sending non-protected broadcast sonim.intent.action.USB_CHARGING_STATE from system 3281:com.sonimtech.spcc/1000 pkg com.sonimtech.spcc]
04-27 12:54:57.895  1715  1795 I am_pss  : [11681,10093,com.google.android.apps.photos,44839936,43667456,0]
04-27 12:54:57.940  1715  1795 I am_pss  : [3752,10033,com.android.vending,39303168,31621120,0]
04-27 12:54:58.027  2398  2398 I chatty  : uid=1001(radio) com.android.phone expire 89 lines
04-27 12:54:58.032  2398  2536 I chatty  : uid=1001(radio) HwBinder:2398_1 expire 40 lines
04-27 12:54:58.042  2375  2375 I chatty  : uid=1001(radio) com.qualcomm.qti.telephonyservice expire 6 lines
04-27 12:54:58.043  2963  2963 D use-Rlog/RLOG-QC_RIL_OEM_HOOK: Received Broadcast Intent ACTION_UNSOL_RESPONSE_OEM_HOOK_RAW
04-27 12:54:58.043  2963  2963 D use-Rlog/RLOG-QC_RIL_OEM_HOOK: Oem ID in QCRILHOOK UNSOL RESP is QOEMHOOK
04-27 12:54:58.066  2398  4035 I chatty  : uid=1001(radio) Binder:2398_9 expire 18 lines
04-27 12:54:58.820  2219  2340 I sysui_multi_action: [757,1093,758,4,793,1249,1094,9437312,1095,4]
04-27 12:55:02.433  1715  5001 I am_wtf  : [0,1715,system_server,-1,ActivityManager,Sending non-protected broadcast sonim.intent.action.USB_CHARGING_STATE from system 3281:com.sonimtech.spcc/1000 pkg com.sonimtech.spcc]
04-27 12:55:02.663  2219  2340 I sysui_multi_action: [757,1093,758,4,793,3842,1094,9437312,1095,4]
04-27 12:55:05.765  2963  2963 D use-Rlog/RLOG-QC_RIL_OEM_HOOK: Received Broadcast Intent ACTION_UNSOL_RESPONSE_OEM_HOOK_RAW
04-27 12:55:05.765  2963  2963 D use-Rlog/RLOG-QC_RIL_OEM_HOOK: Oem ID in QCRILHOOK UNSOL RESP is QOEMHOOK
04-27 12:55:05.795  2398  6360 I chatty  : uid=1001(radio) Binder:2398_B expire 12 lines
04-27 12:55:06.806  2219  2340 I sysui_multi_action: [757,1093,758,4,793,4144,1094,9437312,1095,4]
04-27 12:55:09.589  2963  2963 D use-Rlog/RLOG-QC_RIL_OEM_HOOK: Received Broadcast Intent ACTION_UNSOL_RESPONSE_OEM_HOOK_RAW
04-27 12:55:09.589  2398  2398 I chatty  : uid=1001(radio) com.android.phone expire 16 lines
04-27 12:55:09.589  2963  2963 D use-Rlog/RLOG-QC_RIL_OEM_HOOK: Oem ID in QCRILHOOK UNSOL RESP is QOEMHOOK
04-27 12:55:09.591  2398  2536 I chatty  : uid=1001(radio) HwBinder:2398_1 expire 7 lines
04-27 12:55:15.482  2219  2340 I sysui_multi_action: [757,1093,758,4,793,8675,1094,9437312,1095,4]
04-27 12:55:17.003  2398  5932 I chatty  : uid=1001(radio) Binder:2398_A expire 10 lines
04-27 12:55:18.015  2219  2340 I sysui_multi_action: [757,1093,758,4,793,2534,1094,9437312,1095,4]
04-27 12:55:22.147  2398  4035 I chatty  : uid=1001(radio) Binder:2398_9 expire 5 lines
04-27 12:55:23.161  2219  2340 I sysui_multi_action: [757,1093,758,4,793,5146,1094,9437312,1095,4]
04-27 12:55:25.381  2398  2536 I chatty  : uid=1001(radio) HwBinder:2398_1 expire 20 lines
04-27 12:55:25.381  2398  2398 I chatty  : uid=1001(radio) com.android.phone expire 48 lines
04-27 12:55:25.398  2963  2963 D use-Rlog/RLOG-QC_RIL_OEM_HOOK: Received Broadcast Intent ACTION_UNSOL_RESPONSE_OEM_HOOK_RAW
04-27 12:55:25.398  2963  2963 D use-Rlog/RLOG-QC_RIL_OEM_HOOK: Oem ID in QCRILHOOK UNSOL RESP is QOEMHOOK
04-27 12:55:25.400  2375  2375 I chatty  : uid=1001(radio) com.qualcomm.qti.telephonyservice expire 6 lines
04-27 12:55:28.575  2398  6360 I chatty  : uid=1001(radio) Binder:2398_B expire 16 lines
04-27 12:55:29.584  2219  2340 I sysui_multi_action: [757,1093,758,4,793,6422,1094,9437312,1095,4]
04-27 12:55:35.975  2219  2340 I sysui_multi_action: [757,1093,758,4,793,6392,1094,9437312,1095,4]
04-27 12:55:40.283  2963  2963 D use-Rlog/RLOG-QC_RIL_OEM_HOOK: Received Broadcast Intent ACTION_UNSOL_RESPONSE_OEM_HOOK_RAW
04-27 12:55:40.283  2963  2963 D use-Rlog/RLOG-QC_RIL_OEM_HOOK: Oem ID in QCRILHOOK UNSOL RESP is QOEMHOOK
04-27 12:55:40.283  2398  2398 I chatty  : uid=1001(radio) com.android.phone expire 37 lines
04-27 12:55:40.286  2398  2536 I chatty  : uid=1001(radio) HwBinder:2398_1 expire 22 lines
04-27 12:55:42.610  2398  5932 I chatty  : uid=1001(radio) Binder:2398_A expire 8 lines
04-27 12:55:43.623  2219  2340 I sysui_multi_action: [757,1093,758,4,793,7647,1094,9437312,1095,4]
04-27 12:55:50.530  2963  2963 D use-Rlog/RLOG-QC_RIL_OEM_HOOK: Received Broadcast Intent ACTION_UNSOL_RESPONSE_OEM_HOOK_RAW
04-27 12:55:50.530  2963  2963 D use-Rlog/RLOG-QC_RIL_OEM_HOOK: Oem ID in QCRILHOOK UNSOL RESP is QOEMHOOK
04-27 12:55:50.530  2398  2536 I chatty  : uid=1001(radio) HwBinder:2398_1 expire 29 lines
04-27 12:55:50.533  2398  2398 I chatty  : uid=1001(radio) com.android.phone expire 51 lines
04-27 12:55:51.329  2219  2340 I sysui_multi_action: [757,1093,758,4,793,7706,1094,9437312,1095,4]
04-27 12:55:51.605  2398  6360 I chatty  : uid=1001(radio) Binder:2398_B expire 16 lines
04-27 12:55:51.606  2398  5932 I chatty  : uid=1001(radio) Binder:2398_A expire 9 lines
04-27 12:55:51.607  2398  4035 I chatty  : uid=1001(radio) Binder:2398_9 expire 16 lines
04-27 12:55:52.618  2219  2340 I sysui_multi_action: [757,1093,758,4,793,1289,1094,9437312,1095,4]
04-27 12:55:57.794  1715  5402 I battery_level: [40,3877,350]
04-27 12:55:57.802  1715  5402 I am_wtf  : [0,1715,system_server,-1,ActivityManager,Sending non-protected broadcast sonim.intent.action.USB_CHARGING_STATE from system 3281:com.sonimtech.spcc/1000 pkg com.sonimtech.spcc]
04-27 12:55:57.893  1715  1795 I am_pss  : [15238,10062,com.android.chrome,98838528,85008384,0]
04-27 12:55:57.921  1715  1795 I am_pss  : [15281,99001,com.android.chrome:sandboxed_process0,28085248,17514496,0]
04-27 12:55:57.956  1715  1795 I am_pss  : [15318,10062,com.android.chrome:privileged_process0,32712704,24850432,0]
04-27 12:55:58.824  2219  2340 I sysui_multi_action: [757,1093,758,4,793,6206,1094,9437312,1095,4]
04-27 12:56:00.319  1715  2920 I am_wtf  : [0,1715,system_server,-1,ActivityManager,Sending non-protected broadcast sonim.intent.action.USB_CHARGING_STATE from system 3281:com.sonimtech.spcc/1000 pkg com.sonimtech.spcc]
04-27 12:56:00.852 15694 15694 I auditd  : type=1400 audit(0.0:1363): avc: denied { search } for comm="main" name="speccfg" dev="mmcblk0p57" ino=17 scontext=u:r:shell:s0 tcontext=u:object_r:regionalization_file:s0 tclass=dir permissive=0
04-27 12:56:00.964  1715  2920 I wm_task_created: [158,1]
04-27 12:56:00.964  1715  2920 I wm_task_moved: [158,1,6]
04-27 12:56:00.964  1715  2920 I wm_task_moved: [158,1,6]
04-27 12:56:00.965  1715  2920 I am_create_task: [0,158]
04-27 12:56:00.965  1715  2920 I am_create_activity: [0,71234742,158,com.google.android.deskclock/com.android.deskclock.DeskClock,android.intent.action.MAIN,NULL,NULL,270532608]
04-27 12:56:00.965  1715  2920 I wm_task_moved: [158,1,6]
04-27 12:56:00.968  1715  2920 I am_pause_activity: [0,100559783,com.android.chrome/org.chromium.chrome.browser.preferences.Preferences]
04-27 12:56:00.974 15238 15238 I am_on_paused_called: [0,org.chromium.chrome.browser.preferences.Preferences,handlePauseActivity]
04-27 12:56:00.975  1715  5240 I am_uid_running: 10064
04-27 12:56:00.986  1715  5240 I am_proc_start: [0,15712,10064,com.google.android.deskclock,activity,com.google.android.deskclock/com.android.deskclock.DeskClock]
04-27 12:56:00.990  1715  1796 I sysui_count: [window_time_0,129]
04-27 12:56:00.990  1715  1796 I sysui_multi_action: [757,803,799,window_time_0,802,129]
04-27 12:56:01.000  1715  5240 I am_proc_bound: [0,15712,com.google.android.deskclock]
04-27 12:56:01.009  1715  5240 I am_uid_active: 10064
04-27 12:56:01.009  1715  5240 I am_restart_activity: [0,71234742,158,com.google.android.deskclock/com.android.deskclock.DeskClock]
04-27 12:56:01.010  1715  5240 I am_set_resumed_activity: [0,com.google.android.deskclock/com.android.deskclock.DeskClock,minimalResumeActivityLocked]
04-27 12:56:01.300 15712 15712 I am_on_resume_called: [0,com.android.deskclock.DeskClock,LAUNCH_ACTIVITY]
04-27 12:56:01.335  2219  2340 I sysui_multi_action: [757,1093,758,4,793,2512,1094,9437312,1095,4]
04-27 12:56:01.718  1715  5001 I am_activity_launch_time: [0,71234742,com.google.android.deskclock/com.android.deskclock.DeskClock,743,743]
04-27 12:56:01.719  1715  5001 I am_activity_fully_drawn_time: [0,71234742,com.google.android.deskclock/com.android.deskclock.DeskClock,743,743]
04-27 12:56:01.719  1715  5001 I sysui_multi_action: [324,0,757,1090,758,12,806,com.google.android.deskclock,871,com.android.deskclock.DeskClock,1091,764]
04-27 12:56:01.941  1715  5240 I am_uid_active: 10014
04-27 12:56:01.944  1715  1844 I sysui_multi_action: [319,81,321,50,322,984,325,4286,757,761,758,7,759,1,806,com.google.android.deskclock,871,com.android.deskclock.DeskClock,905,0,945,46]
04-27 12:56:02.121  1715  2920 I am_stop_activity: [0,100559783,com.android.chrome/org.chromium.chrome.browser.preferences.Preferences]
04-27 12:56:02.126 15238 15238 I am_on_stop_called: [0,org.chromium.chrome.browser.preferences.Preferences,handleStopActivity]
04-27 12:56:05.000  1715  2920 I battery_status: [3,2,1,0,Li-ion]
04-27 12:56:04.992   770   770 I auditd  : type=1400 audit(0.0:1364): avc: denied { dac_override } for comm="usb@1.0-service" capability=1 scontext=u:r:hal_usb_default:s0 tcontext=u:r:hal_usb_default:s0 tclass=capability permissive=0
04-27 12:56:04.992   770   770 I auditd  : type=1400 audit(0.0:1365): avc: denied { dac_override } for comm="usb@1.0-service" capability=1 scontext=u:r:hal_usb_default:s0 tcontext=u:r:hal_usb_default:s0 tclass=capability permissive=0
04-27 12:56:05.011  1715  5402 I am_wtf  : [0,1715,system_server,-1,ActivityManager,Sending non-protected broadcast sonim.intent.action.USB_CHARGING_STATE from system 3281:com.sonimtech.spcc/1000 pkg com.sonimtech.spcc]
04-27 12:56:05.023  1715  5402 I am_wtf  : [0,1715,system_server,-1,ActivityManager,Sending non-protected broadcast sonim.intent.action.USB_CHARGING_STATE from system 3281:com.sonimtech.spcc/1000 pkg com.sonimtech.spcc]
04-27 12:56:06.014  1715  1715 I sysui_multi_action: [757,128,758,5,759,8,793,127789,794,0,795,127789,796,27,806,android,857,USB,858,1,947,0]
04-27 12:56:06.014  1715  1715 I notification_canceled: [-1|android|27|null|1000,8,127789,127789,0,NULL]
04-27 12:56:06.017  1715  1715 I sysui_multi_action: [757,128,758,5,759,8,793,127789,794,0,795,127789,796,26,806,android,857,DEVELOPER,858,2,947,0]
04-27 12:56:06.018  1715  1715 I notification_canceled: [-1|android|26|null|1000,8,127789,127789,0,NULL]
04-27 12:56:06.022  8715  8715 I auditd  : type=1400 audit(0.0:1366): avc: denied { call } for comm="d.process.media" scontext=u:r:mediaprovider:s0:c512,c768 tcontext=u:r:hal_perf_default:s0 tclass=binder permissive=0
04-27 12:56:06.032  2219  2340 I sysui_multi_action: [757,1093,758,4,793,4697,1094,9437312,1095,4]
04-27 12:56:06.937  1715  2920 I battery_status: [4,2,1,0,Li-ion]
04-27 12:56:06.950  1715  2920 I am_wtf  : [0,1715,system_server,-1,ActivityManager,Sending non-protected broadcast sonim.intent.action.USB_CHARGING_STATE from system 3281:com.sonimtech.spcc/1000 pkg com.sonimtech.spcc]
04-27 12:56:07.303  1715  2961 I battery_status: [2,2,1,0,Li-ion]
04-27 12:56:07.310  1715  2920 I am_wtf  : [0,1715,system_server,-1,ActivityManager,Sending non-protected broadcast sonim.intent.action.USB_CHARGING_STATE from system 3281:com.sonimtech.spcc/1000 pkg com.sonimtech.spcc]
04-27 12:56:07.540  1715  2961 I battery_status: [2,2,1,2,Li-ion]
04-27 12:56:07.589  1715  2961 I am_wtf  : [0,1715,system_server,-1,ActivityManager,Sending non-protected broadcast sonim.intent.action.USB_CHARGING_STATE from system 3281:com.sonimtech.spcc/1000 pkg com.sonimtech.spcc]
04-27 12:56:07.637  1715  2961 I am_wtf  : [0,1715,system_server,-1,ActivityManager,Sending non-protected broadcast sonim.intent.action.USB_CHARGING_STATE from system 3281:com.sonimtech.spcc/1000 pkg com.sonimtech.spcc]
04-27 12:56:07.662   770   770 I auditd  : type=1400 audit(0.0:1367): avc: denied { dac_override } for comm="usb@1.0-service" capability=1 scontext=u:r:hal_usb_default:s0 tcontext=u:r:hal_usb_default:s0 tclass=capability permissive=0
04-27 12:56:07.662   770   770 I auditd  : type=1400 audit(0.0:1368): avc: denied { dac_override } for comm="usb@1.0-service" capability=1 scontext=u:r:hal_usb_default:s0 tcontext=u:r:hal_usb_default:s0 tclass=capability permissive=0
04-27 12:56:07.969  2219  2340 I sysui_multi_action: [757,1093,758,4,793,1936,1094,9437312,1095,4]
04-27 12:56:07.985  1715  1715 I notification_enqueue: [1000,1715,android,27,NULL,-1,Notification(channel=USB pri=0 contentView=null vibrate=null sound=null tick defaults=0x0 flags=0x2 color=0xff607d8b vis=PUBLIC),0]
04-27 12:56:07.998  1715  1715 I notification_enqueue: [1000,1715,android,26,NULL,-1,Notification(channel=DEVELOPER pri=0 contentView=null vibrate=null sound=null tick defaults=0x0 flags=0x2 color=0xff607d8b vis=PUBLIC),0]
04-27 12:56:08.102  8715  8715 I auditd  : type=1400 audit(0.0:1369): avc: denied { call } for comm="d.process.media" scontext=u:r:mediaprovider:s0:c512,c768 tcontext=u:r:hal_perf_default:s0 tclass=binder permissive=0
04-27 12:56:08.187  1715  5402 I am_wtf  : [0,1715,system_server,-1,ActivityManager,Sending non-protected broadcast sonim.intent.action.USB_CHARGING_STATE from system 3281:com.sonimtech.spcc/1000 pkg com.sonimtech.spcc]
04-27 12:56:08.285  1715  2922 I am_wtf  : [0,1715,system_server,-1,ActivityManager,Sending non-protected broadcast sonim.intent.action.USB_CHARGING_STATE from system 3281:com.sonimtech.spcc/1000 pkg com.sonimtech.spcc]
04-27 12:56:08.484  1715  2074 I am_new_intent: [0,17848695,150,com.android.launcher3/com.android.searchlauncher.SearchLauncher,android.intent.action.MAIN,NULL,NULL,268435712]
04-27 12:56:08.485  1715  2074 I wm_task_moved: [150,1,0]
04-27 12:56:08.487  1715  2074 I am_focused_stack: [0,0,1,bringingFoundTaskToFront]
04-27 12:56:08.487  1715  2074 I wm_task_moved: [150,1,0]
04-27 12:56:08.490  1715  2074 I am_pause_activity: [0,71234742,com.google.android.deskclock/com.android.deskclock.DeskClock]
04-27 12:56:08.497  1715  2074 I am_set_resumed_activity: [0,com.android.launcher3/com.android.searchlauncher.SearchLauncher,resumeTopActivityInnerLocked]
04-27 12:56:08.516  1715  2074 I am_resume_activity: [0,17848695,150,com.android.launcher3/com.android.searchlauncher.SearchLauncher]
04-27 12:56:08.533  1715  2074 I am_task_to_front: [0,150]
04-27 12:56:08.540 15712 15712 I am_on_paused_called: [0,com.android.deskclock.DeskClock,handlePauseActivity]
04-27 12:56:08.562  1715  1796 I am_stop_activity: [0,71234742,com.google.android.deskclock/com.android.deskclock.DeskClock]
04-27 12:56:08.566  1715  1796 I sysui_count: [window_time_0,8]
04-27 12:56:08.566  1715  1796 I sysui_multi_action: [757,803,799,window_time_0,802,8]
04-27 12:56:08.567  2935  2935 I am_on_resume_called: [0,com.android.searchlauncher.SearchLauncher,RESUME_ACTIVITY]
04-27 12:56:08.619 15712 15712 I am_on_stop_called: [0,com.android.deskclock.DeskClock,handleStopActivity]
04-27 12:56:08.667  1715  1844 I sysui_multi_action: [319,163,322,137,325,4294,757,761,758,9,759,2,806,com.android.launcher3,871,com.android.searchlauncher.SearchLauncher,905,0]
04-27 12:56:08.668  2660  6379 I c2dm    : [0,,34,34]
04-27 12:56:08.690  2398  2593 I chatty  : uid=1001(radio) DcHandlerThread expire 36 lines
04-27 12:56:08.842   770   770 I auditd  : type=1400 audit(0.0:1370): avc: denied { dac_override } for comm="usb@1.0-service" capability=1 scontext=u:r:hal_usb_default:s0 tcontext=u:r:hal_usb_default:s0 tclass=capability permissive=0
04-27 12:56:08.842   770   770 I auditd  : type=1400 audit(0.0:1371): avc: denied { dac_override } for comm="usb@1.0-service" capability=1 scontext=u:r:hal_usb_default:s0 tcontext=u:r:hal_usb_default:s0 tclass=capability permissive=0
04-27 12:56:08.900  2660  6538 I c2dm    : [1,,34,34]
04-27 12:56:09.201  2219  2340 I sysui_multi_action: [757,1093,758,4,793,1233,1094,9437312,1095,4]
04-27 12:56:09.372  1715  5155 I am_wtf  : [0,1715,system_server,-1,ActivityManager,Sending non-protected broadcast sonim.intent.action.USB_CHARGING_STATE from system 3281:com.sonimtech.spcc/1000 pkg com.sonimtech.spcc]
04-27 12:56:10.042   770   770 I auditd  : type=1400 audit(0.0:1372): avc: denied { dac_override } for comm="usb@1.0-service" capability=1 scontext=u:r:hal_usb_default:s0 tcontext=u:r:hal_usb_default:s0 tclass=capability permissive=0
04-27 12:56:10.042   770   770 I auditd  : type=1400 audit(0.0:1373): avc: denied { dac_override } for comm="usb@1.0-service" capability=1 scontext=u:r:hal_usb_default:s0 tcontext=u:r:hal_usb_default:s0 tclass=capability permissive=0
04-27 12:56:10.380  2219  2340 I sysui_multi_action: [757,1093,758,4,793,1178,1094,9437312,1095,4]
04-27 12:56:10.560  1715  6774 I am_wtf  : [0,1715,system_server,-1,ActivityManager,Sending non-protected broadcast sonim.intent.action.USB_CHARGING_STATE from system 3281:com.sonimtech.spcc/1000 pkg com.sonimtech.spcc]
04-27 12:56:11.222   770   770 I auditd  : type=1400 audit(0.0:1374): avc: denied { dac_override } for comm="usb@1.0-service" capability=1 scontext=u:r:hal_usb_default:s0 tcontext=u:r:hal_usb_default:s0 tclass=capability permissive=0
04-27 12:56:11.222   770   770 I auditd  : type=1400 audit(0.0:1375): avc: denied { dac_override } for comm="usb@1.0-service" capability=1 scontext=u:r:hal_usb_default:s0 tcontext=u:r:hal_usb_default:s0 tclass=capability permissive=0
04-27 12:56:11.513  2219  2340 I sysui_multi_action: [757,1093,758,4,793,1133,1094,9437312,1095,4]
04-27 12:56:12.025  1715  5155 I am_wtf  : [0,1715,system_server,-1,ActivityManager,Sending non-protected broadcast sonim.intent.action.USB_CHARGING_STATE from system 3281:com.sonimtech.spcc/1000 pkg com.sonimtech.spcc]
04-27 12:56:13.037  2219  2340 I sysui_multi_action: [757,1093,758,4,793,1525,1094,9437312,1095,4]
04-27 12:56:14.871  2963  2963 D use-Rlog/RLOG-QC_RIL_OEM_HOOK: Received Broadcast Intent ACTION_UNSOL_RESPONSE_OEM_HOOK_RAW
04-27 12:56:14.871  2963  2963 D use-Rlog/RLOG-QC_RIL_OEM_HOOK: Oem ID in QCRILHOOK UNSOL RESP is QOEMHOOK
04-27 12:56:14.872  2375  2375 I chatty  : uid=1001(radio) com.qualcomm.qti.telephonyservice expire 2 lines
04-27 12:56:14.872  2398  2398 I chatty  : uid=1001(radio) com.android.phone expire 21 lines
04-27 12:56:14.875  2398  2536 I chatty  : uid=1001(radio) HwBinder:2398_1 expire 7 lines
04-27 12:56:14.889  2398  6360 I chatty  : uid=1001(radio) Binder:2398_B expire 21 lines
04-27 12:56:15.738  2219  2340 I sysui_multi_action: [757,1093,758,4,793,2701,1094,9437312,1095,4]
04-27 12:56:18.633  1715  1795 I am_pss  : [2935,10034,com.android.launcher3,100969472,94466048,0]
04-27 12:56:25.010  2398  2536 I chatty  : uid=1001(radio) HwBinder:2398_1 expire 25 lines
04-27 12:56:25.010  2398  2398 I chatty  : uid=1001(radio) com.android.phone expire 16 lines
04-27 12:56:25.014  2398  2593 I chatty  : uid=1001(radio) DcHandlerThread expire 24 lines
04-27 12:56:26.208  2398  5932 I chatty  : uid=1001(radio) Binder:2398_A expire 11 lines
04-27 12:56:26.209  2398  4035 I chatty  : uid=1001(radio) Binder:2398_9 expire 20 lines
04-27 12:56:27.220  2219  2340 I sysui_multi_action: [757,1093,758,4,793,11481,1094,9437312,1095,4]
04-27 12:56:30.098  1715  1795 I am_pss  : [3058,10048,com.google.android.googlequicksearchbox:search,137058304,122265600,0]
04-27 12:56:30.133  1715  1795 I am_pss  : [8715,10014,android.process.media,7863296,6819840,0]
04-27 12:56:34.863  2219  2340 I sysui_multi_action: [757,1093,758,4,793,7643,1094,9437312,1095,4]
04-27 12:56:42.532  2219  2340 I sysui_multi_action: [757,1093,758,4,793,7669,1094,9437312,1095,4]
04-27 12:56:43.800  2219  2340 I sysui_multi_action: [757,1093,758,4,793,1269,1094,9437312,1095,4]
04-27 12:56:43.874  1715  1795 I am_pss  : [2976,10020,com.google.android.gms,88410112,70299648,0]
04-27 12:56:43.919  1715  1795 I am_pss  : [15712,10064,com.google.android.deskclock,29116416,25903104,0]
04-27 12:56:43.962  1715  1795 I am_pss  : [15238,10062,com.android.chrome,71795712,57999360,0]
04-27 12:56:43.990  1715  1795 I am_pss  : [15281,99001,com.android.chrome:sandboxed_process0,27904000,17305600,0]
04-27 12:56:44.025  1715  1795 I am_pss  : [15318,10062,com.android.chrome:privileged_process0,32488448,24735744,0]
04-27 12:56:44.056  1715  1795 I am_pss  : [2776,10020,com.google.process.gservices,6957056,5861376,0]
04-27 12:56:46.885  2375  2375 I chatty  : uid=1001(radio) com.qualcomm.qti.telephonyservice expire 4 lines
04-27 12:56:46.885  2963  2963 D use-Rlog/RLOG-QC_RIL_OEM_HOOK: Received Broadcast Intent ACTION_UNSOL_RESPONSE_OEM_HOOK_RAW
04-27 12:56:46.885  2398  2398 I chatty  : uid=1001(radio) com.android.phone expire 30 lines
04-27 12:56:46.885  2963  2963 D use-Rlog/RLOG-QC_RIL_OEM_HOOK: Oem ID in QCRILHOOK UNSOL RESP is QOEMHOOK
04-27 12:56:46.918  2398  6360 I chatty  : uid=1001(radio) Binder:2398_B expire 13 lines
04-27 12:56:47.921  1174  1320 I storaged_disk_stats: [stalled,4213855,4273857,0,0,0,0,75,0,1368,1830,0,240,1830]
04-27 12:56:47.934  2219  2340 I sysui_multi_action: [757,1093,758,4,793,4134,1094,9437312,1095,4]
04-27 12:56:56.890  2398  5932 I chatty  : uid=1001(radio) Binder:2398_A expire 16 lines
04-27 12:56:57.900  2219  2340 I sysui_multi_action: [757,1093,758,4,793,9966,1094,9437312,1095,4]
04-27 12:57:00.082  1715  1795 I am_pss  : [11681,10093,com.google.android.apps.photos,44851200,43712512,0]
04-27 12:57:01.953  1715  1796 I am_uid_idle: 10014
04-27 12:57:02.125  1715  1796 I am_uid_idle: 99001
04-27 12:57:02.125  1715  1796 I am_uid_idle: 10062
04-27 12:57:05.589  2219  2340 I sysui_multi_action: [757,1093,758,4,793,7688,1094,9437312,1095,4]
04-27 12:57:07.557  1715  5155 I am_wtf  : [0,1715,system_server,-1,ActivityManager,Sending non-protected broadcast sonim.intent.action.USB_CHARGING_STATE from system 3281:com.sonimtech.spcc/1000 pkg com.sonimtech.spcc]
04-27 12:57:08.134  2219  2340 I sysui_multi_action: [757,1093,758,4,793,2546,1094,9437312,1095,4]
04-27 12:57:08.566  1715  1796 I am_uid_idle: 10064
04-27 12:57:11.051  1715  6211 I am_wtf  : [0,1715,system_server,-1,ActivityManager,Sending non-protected broadcast sonim.intent.action.USB_CHARGING_STATE from system 3281:com.sonimtech.spcc/1000 pkg com.sonimtech.spcc]
04-27 12:57:12.073  2219  2340 I sysui_multi_action: [757,1093,758,4,793,3938,1094,9437312,1095,4]
04-27 12:57:14.322  2219  2340 I sysui_multi_action: [757,1093,758,4,793,2249,1094,9437312,1095,4]
04-27 12:57:21.450  2963  2963 D use-Rlog/RLOG-QC_RIL_OEM_HOOK: Received Broadcast Intent ACTION_UNSOL_RESPONSE_OEM_HOOK_RAW
04-27 12:57:21.450  2963  2963 D use-Rlog/RLOG-QC_RIL_OEM_HOOK: Oem ID in QCRILHOOK UNSOL RESP is QOEMHOOK
04-27 12:57:21.450  2398  2398 I chatty  : uid=1001(radio) com.android.phone expire 18 lines
04-27 12:57:21.450  2398  2536 I chatty  : uid=1001(radio) HwBinder:2398_1 expire 36 lines
04-27 12:57:21.466  2398  2398 I chatty  : uid=1001(radio) com.android.phone expire 55 lines
04-27 12:57:24.011  2375  2375 I chatty  : uid=1001(radio) com.qualcomm.qti.telephonyservice expire 4 lines
04-27 12:57:24.011  2963  2963 D use-Rlog/RLOG-QC_RIL_OEM_HOOK: Received Broadcast Intent ACTION_UNSOL_RESPONSE_OEM_HOOK_RAW
04-27 12:57:24.011  2963  2963 D use-Rlog/RLOG-QC_RIL_OEM_HOOK: Oem ID in QCRILHOOK UNSOL RESP is QOEMHOOK
04-27 12:57:28.935  1715  1795 I am_pss  : [2976,10020,com.google.android.gms,88655872,70545408,0]
04-27 12:57:32.728  2398  5932 I chatty  : uid=1001(radio) Binder:2398_A expire 11 lines
04-27 12:57:32.728  2398  6360 I chatty  : uid=1001(radio) Binder:2398_B expire 20 lines
04-27 12:57:33.743  2219  2340 I sysui_multi_action: [757,1093,758,4,793,19421,1094,9437312,1095,4]
04-27 12:57:35.287  2398  4035 I chatty  : uid=1001(radio) Binder:2398_9 expire 17 lines
04-27 12:57:36.303  2219  2340 I sysui_multi_action: [757,1093,758,4,793,2560,1094,9437312,1095,4]
04-27 12:57:46.138  2398  2593 I chatty  : uid=1001(radio) DcHandlerThread expire 24 lines
04-27 12:57:48.162  2219  2340 I sysui_multi_action: [757,1093,758,4,793,11860,1094,9437312,1095,4]
04-27 12:57:49.187  2219  2340 I sysui_multi_action: [757,1093,758,4,793,1025,1094,9437312,1095,4]
04-27 12:57:54.958  2963  2963 D use-Rlog/RLOG-QC_RIL_OEM_HOOK: Received Broadcast Intent ACTION_UNSOL_RESPONSE_OEM_HOOK_RAW
04-27 12:57:54.958  2963  2963 D use-Rlog/RLOG-QC_RIL_OEM_HOOK: Oem ID in QCRILHOOK UNSOL RESP is QOEMHOOK
04-27 12:57:54.959  2398  2398 I chatty  : uid=1001(radio) com.android.phone expire 50 lines
04-27 12:57:54.963  2398  2536 I chatty  : uid=1001(radio) HwBinder:2398_1 expire 17 lines
04-27 12:57:55.109  2219  2340 I sysui_multi_action: [757,1093,758,4,793,5922,1094,9437312,1095,4]
04-27 12:58:00.079  1715  1795 I am_pss  : [2976,10020,com.google.android.gms,88668160,70557696,0]
04-27 12:58:00.125  1715  1795 I am_pss  : [2660,10020,com.google.android.gms.persistent,76021760,58908672,0]
04-27 12:58:00.161  1715  1795 I am_pss  : [2169,1002,com.android.bluetooth,18309120,16674816,0]
04-27 12:58:00.197  1715  1795 I am_pss  : [2201,10085,com.google.android.inputmethod.latin,46644224,43884544,0]
04-27 12:58:00.226  1715  1795 I am_pss  : [3281,1000,com.sonimtech.spcc,6526976,5775360,0]
04-27 12:58:00.256  1715  1795 I am_pss  : [2963,1000,com.sonimtech.cit.verifier,6408192,5718016,0]
04-27 12:58:00.286  1715  1795 I am_pss  : [2560,1001,com.qualcomm.qcrilmsgtunnel,5222400,4702208,0]
04-27 12:58:00.315  1715  1795 I am_pss  : [2921,10100,com.android.smspush,4418560,3944448,0]
04-27 12:58:00.348  1715  1795 I am_pss  : [2816,10048,com.google.android.googlequicksearchbox:interactor,23191552,15925248,0]
04-27 12:58:04.995  2398  2593 I chatty  : uid=1001(radio) DcHandlerThread expire 30 lines
04-27 12:58:05.815  2375  2375 I chatty  : uid=1001(radio) com.qualcomm.qti.telephonyservice expire 4 lines
04-27 12:58:05.816  2963  2963 D use-Rlog/RLOG-QC_RIL_OEM_HOOK: Received Broadcast Intent ACTION_UNSOL_RESPONSE_OEM_HOOK_RAW
04-27 12:58:05.816  2963  2963 D use-Rlog/RLOG-QC_RIL_OEM_HOOK: Oem ID in QCRILHOOK UNSOL RESP is QOEMHOOK
04-27 12:58:05.816  2398  2398 I chatty  : uid=1001(radio) com.android.phone expire 44 lines
04-27 12:58:05.818  2398  2536 I chatty  : uid=1001(radio) HwBinder:2398_1 expire 22 lines
04-27 12:58:05.836  2398  5932 I chatty  : uid=1001(radio) Binder:2398_A expire 1 line
04-27 12:58:05.837  2398  6360 I chatty  : uid=1001(radio) Binder:2398_B expire 2 lines
04-27 12:58:05.839  2398  4035 I chatty  : uid=1001(radio) Binder:2398_9 expire 5 lines
04-27 12:58:06.847  2219  2340 I sysui_multi_action: [757,1093,758,4,793,11737,1094,9437312,1095,4]
04-27 12:58:07.557  1715  6211 I am_wtf  : [0,1715,system_server,-1,ActivityManager,Sending non-protected broadcast sonim.intent.action.USB_CHARGING_STATE from system 3281:com.sonimtech.spcc/1000 pkg com.sonimtech.spcc]
04-27 12:58:08.575  2219  2340 I sysui_multi_action: [757,1093,758,4,793,1729,1094,9437312,1095,4]
04-27 12:58:08.808  2963  2963 D use-Rlog/RLOG-QC_RIL_OEM_HOOK: Received Broadcast Intent ACTION_UNSOL_RESPONSE_OEM_HOOK_RAW
04-27 12:58:08.808  2963  2963 D use-Rlog/RLOG-QC_RIL_OEM_HOOK: Oem ID in QCRILHOOK UNSOL RESP is QOEMHOOK
04-27 12:58:08.946  2660  6379 I c2dm    : [0,,35,35]
04-27 12:58:08.973  2398  2593 D Dcc     : onDataStateChanged: Found ConnId=1 newState=DataCallResponse: { status=0 retry=-1 cid=1 active=1 type=IPV4V6 ifname=rmnet_data2 mtu=1500 addresses=[2401:4900:2125:4a37:000e:81f7:a654:3aca/64] dnses=[] gateways=[fe80:0000:0000:0000:04ff:bddc:a4b4:fd52] pcscf=[2401:4900:c0:1::467,2401:4900:c0:1::707]}
04-27 12:58:08.973  2398  2593 D DataCallResponse: addr/pl=2401:4900:2125:4a37:000e:81f7:a654:3aca/64
04-27 12:58:08.973  2398  2593 D DC-2    : MTU set by call response to: 1500
04-27 12:58:08.973  2398  2593 D Dcc     : onDataStateChanged: no change
04-27 12:58:08.973  2398  2593 D Dcc     : onDataStateChanged: Data Activity updated to NONE. isAnyDataCallActive = true isAnyDataCallDormant = true
04-27 12:58:08.974  2398  2593 D Dcc     : onDataStateChanged: dcsToRetry=[] apnsToCleanup=[]
04-27 12:58:08.974  2398  2398 D QtiGsmDCT: [0]QtiDcTracker handleMessage msg={ when=0 what=270376 arg1=1 obj=NONE target=com.qualcomm.qti.internal.telephony.dataconnection.QtiDcTracker }
04-27 12:58:08.974  2398  2398 D QtiGsmDCT: [0]startNetStatPoll
04-27 12:58:08.981  2398  2398 D QtiGsmDCT: [0]setActivity = NONE
04-27 12:58:09.183  2398  2536 D RILJ    : Unsol response received; Sending ack to ril.cpp [SUB0]
04-27 12:58:09.183  2398  2536 D RILJ    : [UNSL]< UNSOL_DATA_CALL_LIST_CHANGED [DataCallResponse: { status=0 retry=-1 cid=0 active=2 type=IP ifname=rmnet_data1 mtu=1500 addresses=[100.73.105.138/30] dnses=[125.22.47.102,59.144.144.106] gateways=[100.73.105.137] pcscf=[]}, DataCallResponse: { status=0 retry=-1 cid=1 active=1 type=IPV4V6 ifname=rmnet_data2 mtu=1500 addresses=[2401:4900:2125:4a37:000e:81f7:a654:3aca/64] dnses=[] gateways=[fe80:0000:0000:0000:04ff:bddc:a4b4:fd52] pcscf=[2401:4900:c0:1::467,2401:4900:c0:1::707]}] [SUB0]
04-27 12:58:09.184  2398  2398 D QtiGsmDCT: [0]QtiDcTracker handleMessage msg={ when=0 what=270340 obj=android.os.AsyncResult@196346c target=com.qualcomm.qti.internal.telephony.dataconnection.QtiDcTracker }
04-27 12:58:09.188  2398  2536 D RILJ    : Unsol response received; Sending ack to ril.cpp [SUB0]
04-27 12:58:09.189  2398  2536 D RILJ    : [UNSL]< UNSOL_DATA_CALL_LIST_CHANGED [DataCallResponse: { status=0 retry=-1 cid=0 active=2 type=IP ifname=rmnet_data1 mtu=1500 addresses=[100.73.105.138/30] dnses=[125.22.47.102,59.144.144.106] gateways=[100.73.105.137] pcscf=[]}, DataCallResponse: { status=0 retry=-1 cid=1 active=2 type=IPV4V6 ifname=rmnet_data2 mtu=1500 addresses=[2401:4900:2125:4a37:000e:81f7:a654:3aca/64] dnses=[] gateways=[fe80:0000:0000:0000:04ff:bddc:a4b4:fd52] pcscf=[2401:4900:c0:1::467,2401:4900:c0:1::707]}] [SUB0]
04-27 12:58:09.189  2398  2398 D QtiGsmDCT: [0]QtiDcTracker handleMessage msg={ when=0 what=270340 obj=android.os.AsyncResult@8756a35 target=com.qualcomm.qti.internal.telephony.dataconnection.QtiDcTracker }
04-27 12:58:09.191  2398  2593 D Dcc     : onDataStateChanged: dcsList=[DataCallResponse: { status=0 retry=-1 cid=0 active=2 type=IP ifname=rmnet_data1 mtu=1500 addresses=[100.73.105.138/30] dnses=[125.22.47.102,59.144.144.106] gateways=[100.73.105.137] pcscf=[]}, DataCallResponse: { status=0 retry=-1 cid=1 active=1 type=IPV4V6 ifname=rmnet_data2 mtu=1500 addresses=[2401:4900:2125:4a37:000e:81f7:a654:3aca/64] dnses=[] gateways=[fe80:0000:0000:0000:04ff:bddc:a4b4:fd52] pcscf=[2401:4900:c0:1::467,2401:4900:c0:1::707]}] mDcListActiveByCid={0={DC-1: State=DcActiveState mApnSetting=[ApnSettingV3] AIRTEL, 1656, 40445, airtelgprs.com, , , , , , -1, default | supl, IP, IP, true, 0, 0, 0, false, 0, 0, 0, 0, , , false RefCount=1 mCid=0 mCreateTime=-1 mLastastFailTime=-1 mLastFailCause=NONE mTag=2 mLinkProperties={InterfaceName: rmnet_data1 LinkAddresses: [100.73.105.138/30,]  Routes: [0.0.0.0/0 -> 100.73.105.137 rmnet_data1,] DnsAddresses: [125.22.47.102,59.144.144.106,] Domains: null MTU: 1500 TcpBufferSizes: 2097152,4194304,8388608,262144,524288,1048576} linkCapabilities=[ Transports: CELLULAR Capabilities: SUPL&INTERNET&NOT_RESTRICTED&TRUSTED&NOT_VPN LinkUpBandwidth>=51200Kbps LinkDnBandwidth>=102400Kbps Specifier: <4>] mRestrictedNetworkOverride=false mApnContexts={{mApnType=default mState=CONNECTED mWaitingApns={[[ApnSettingV3] AIRTEL, 1656, 40445, airtelgprs.com, , , , , , -1, default | supl, IP, IP, true, 0, 0, 0, false, 0, 0, 0, 0, , , false]} mApnSetting={[ApnSettingV3] AIRTEL, 1656, 40445, airtelgprs.com, , , , , , -1, default | supl, IP, IP, true, 0, 0, 0, false, 0, 0, 0, 0, , , false} mReason=connected mDataEnabled=true mDependencyMet=true}={mTag=2 mApnContext={mApnType=default mState=CONNECTED mWaitingApns={[[ApnSettingV3] AIRTEL, 1656, 40445, airtelgprs.com, , , , , , -1, default | supl, IP, IP, true, 0, 0, 0, false, 0, 0, 0, 0, , , false]} mApnSetting={[ApnSettingV3] AIRTEL, 1656, 40445, airtelgprs.com, , , , , , -1, default | supl, IP, IP, true, 0, 0, 0, false, 0, 0, 0, 0, , , false} mReason=connected mDataEnabled=true mDependencyMet=true} mProfileId=0 mRat=14 mUnmeteredUseOnly=false mOnCompletedMsg={what=0x42000 when=-1h13m35s124ms obj=Pair{{mApnType=default mState=CONNECTED mWaitingApns={[[ApnSettingV3] AIRTEL, 1656, 40445, airtelgprs.com, , , , , , -1, default | supl, IP, IP, true, 0, 0, 0, false, 0, 0, 0, 0, , , false]} mApnSetting={[ApnSettingV3] AIRTEL, 1656, 40445, airtelgprs.com, , , , , , -1, default | supl, IP, IP, true, 0, 0, 0, false, 0, 0, 0, 0, , , false} mReason=connected mDataEnabled=true mDependencyMet=true} 1} target=Handler (com.qualcomm.qti.internal.telephony.dataconnection.QtiDcTracker) {91e37dd} replyTo=null}}}}, 1={DC-2: State=DcActiveState mApnSetting=[ApnSettingV3] Airtel IMS, 1655, 40445, ims, , , , , , -1, ims, IPV4V6, IPV4V6, true, 0, 0, 2, false, 0, 0, 0, 0, , , false RefCount=1 mCid=1 mCreateTime=-1 mLastastFailTime=-1 mLastFailCause=NONE mTag=2 mLinkProperties={InterfaceName: rmnet_data2 LinkAddresses: [2401:4900:2125:4a37:e:81f7:a654:3aca/64,]  Routes: [::/0 -> fe80::4ff:bddc:a4b4:fd52 rmnet_data2,] DnsAddresses: [] Domains: null MTU: 1500 TcpBufferSizes: 2097152,4194304,8388608,262144,524288,1048576} linkCapabilities=[ Transports: CELLULAR Capabilities: IMS&NOT_METERED&TRUSTED&NOT_VPN LinkUpBandwidth>=51200Kbps LinkDnBandwidth>=102400Kbps Specifier: <4>] mRestrictedNetworkOverride=false mApnContexts={{mApnType=ims mState=CONNECTED mWaitingApns={[[ApnSettingV3] Airtel IMS, 1655, 40445, ims, , , , , , -1, ims, IPV4V6, IPV4V6, true, 0, 0, 2, false, 0, 0, 0, 0, , , false]} mApnSetting={[ApnSettingV3] Airtel IMS, 1655, 40445, ims, , , , , , -1, ims, IPV4V6, IPV4V6, true, 0, 0, 2, false, 0, 0, 0, 0, , , false} mReason=connected mDataEnabled=true mDependencyMet=true}={mTag=2 mApnContext={mApnType=ims mState=CONNECTED mWaitingApns={[[ApnSettingV3] Airtel IMS, 1655, 40445, ims, , , , , , -1, ims, IPV4V6, IPV4V6, true, 0, 0, 2, false, 0, 0, 0, 0, , , false]} mApnSetting={[ApnSettingV3] Airtel IMS, 1655, 40445, ims, , , , , , -1, ims, IPV4V6, IPV4V6, true, 0, 0, 2, false, 0, 0, 0, 0, , , false} mReason
04-27 12:58:09.191  2398  2593 D Dcc     : onDataStateChanged: dcsToRetry=[]
04-27 12:58:09.191  2398  2593 D Dcc     : onDataStateChanged: Found ConnId=0 newState=DataCallResponse: { status=0 retry=-1 cid=0 active=2 type=IP ifname=rmnet_data1 mtu=1500 addresses=[100.73.105.138/30] dnses=[125.22.47.102,59.144.144.106] gateways=[100.73.105.137] pcscf=[]}
04-27 12:58:09.192  2398  2593 D DataCallResponse: addr/pl=100.73.105.138/30
04-27 12:58:09.192  2398  2593 D DC-1    : MTU set by call response to: 1500
04-27 12:58:09.192  2398  2593 D Dcc     : onDataStateChanged: no change
04-27 12:58:09.192  2398  2593 D Dcc     : onDataStateChanged: Found ConnId=1 newState=DataCallResponse: { status=0 retry=-1 cid=1 active=1 type=IPV4V6 ifname=rmnet_data2 mtu=1500 addresses=[2401:4900:2125:4a37:000e:81f7:a654:3aca/64] dnses=[] gateways=[fe80:0000:0000:0000:04ff:bddc:a4b4:fd52] pcscf=[2401:4900:c0:1::467,2401:4900:c0:1::707]}
04-27 12:58:09.192  2398  2593 D DataCallResponse: addr/pl=2401:4900:2125:4a37:000e:81f7:a654:3aca/64
04-27 12:58:09.193  2398  2593 D DC-2    : MTU set by call response to: 1500
04-27 12:58:09.193  2398  2593 D Dcc     : onDataStateChanged: no change
04-27 12:58:09.193  2398  2593 D Dcc     : onDataStateChanged: Data Activity updated to NONE. isAnyDataCallActive = true isAnyDataCallDormant = true
04-27 12:58:09.193  2398  2593 D Dcc     : onDataStateChanged: dcsToRetry=[] apnsToCleanup=[]
04-27 12:58:09.193  2398  2398 D QtiGsmDCT: [0]QtiDcTracker handleMessage msg={ when=0 what=270376 arg1=1 obj=NONE target=com.qualcomm.qti.internal.telephony.dataconnection.QtiDcTracker }
04-27 12:58:09.197  2398  2398 D QtiGsmDCT: [0]setActivity = NONE
04-27 12:58:09.200  2398  2593 D Dcc     : onDataStateChanged: dcsList=[DataCallResponse: { status=0 retry=-1 cid=0 active=2 type=IP ifname=rmnet_data1 mtu=1500 addresses=[100.73.105.138/30] dnses=[125.22.47.102,59.144.144.106] gateways=[100.73.105.137] pcscf=[]}, DataCallResponse: { status=0 retry=-1 cid=1 active=2 type=IPV4V6 ifname=rmnet_data2 mtu=1500 addresses=[2401:4900:2125:4a37:000e:81f7:a654:3aca/64] dnses=[] gateways=[fe80:0000:0000:0000:04ff:bddc:a4b4:fd52] pcscf=[2401:4900:c0:1::467,2401:4900:c0:1::707]}] mDcListActiveByCid={0={DC-1: State=DcActiveState mApnSetting=[ApnSettingV3] AIRTEL, 1656, 40445, airtelgprs.com, , , , , , -1, default | supl, IP, IP, true, 0, 0, 0, false, 0, 0, 0, 0, , , false RefCount=1 mCid=0 mCreateTime=-1 mLastastFailTime=-1 mLastFailCause=NONE mTag=2 mLinkProperties={InterfaceName: rmnet_data1 LinkAddresses: [100.73.105.138/30,]  Routes: [0.0.0.0/0 -> 100.73.105.137 rmnet_data1,] DnsAddresses: [125.22.47.102,59.144.144.106,] Domains: null MTU: 1500 TcpBufferSizes: 2097152,4194304,8388608,262144,524288,1048576} linkCapabilities=[ Transports: CELLULAR Capabilities: SUPL&INTERNET&NOT_RESTRICTED&TRUSTED&NOT_VPN LinkUpBandwidth>=51200Kbps LinkDnBandwidth>=102400Kbps Specifier: <4>] mRestrictedNetworkOverride=false mApnContexts={{mApnType=default mState=CONNECTED mWaitingApns={[[ApnSettingV3] AIRTEL, 1656, 40445, airtelgprs.com, , , , , , -1, default | supl, IP, IP, true, 0, 0, 0, false, 0, 0, 0, 0, , , false]} mApnSetting={[ApnSettingV3] AIRTEL, 1656, 40445, airtelgprs.com, , , , , , -1, default | supl, IP, IP, true, 0, 0, 0, false, 0, 0, 0, 0, , , false} mReason=connected mDataEnabled=true mDependencyMet=true}={mTag=2 mApnContext={mApnType=default mState=CONNECTED mWaitingApns={[[ApnSettingV3] AIRTEL, 1656, 40445, airtelgprs.com, , , , , , -1, default | supl, IP, IP, true, 0, 0, 0, false, 0, 0, 0, 0, , , false]} mApnSetting={[ApnSettingV3] AIRTEL, 1656, 40445, airtelgprs.com, , , , , , -1, default | supl, IP, IP, true, 0, 0, 0, false, 0, 0, 0, 0, , , false} mReason=connected mDataEnabled=true mDependencyMet=true} mProfileId=0 mRat=14 mUnmeteredUseOnly=false mOnCompletedMsg={what=0x42000 when=-1h13m35s134ms obj=Pair{{mApnType=default mState=CONNECTED mWaitingApns={[[ApnSettingV3] AIRTEL, 1656, 40445, airtelgprs.com, , , , , , -1, default | supl, IP, IP, true, 0, 0, 0, false, 0, 0, 0, 0, , , false]} mApnSetting={[ApnSettingV3] AIRTEL, 1656, 40445, airtelgprs.com, , , , , , -1, default | supl, IP, IP, true, 0, 0, 0, false, 0, 0, 0, 0, , , false} mReason=connected mDataEnabled=true mDependencyMet=true} 1} target=Handler (com.qualcomm.qti.internal.telephony.dataconnection.QtiDcTracker) {91e37dd} replyTo=null}}}}, 1={DC-2: State=DcActiveState mApnSetting=[ApnSettingV3] Airtel IMS, 1655, 40445, ims, , , , , , -1, ims, IPV4V6, IPV4V6, true, 0, 0, 2, false, 0, 0, 0, 0, , , false RefCount=1 mCid=1 mCreateTime=-1 mLastastFailTime=-1 mLastFailCause=NONE mTag=2 mLinkProperties={InterfaceName: rmnet_data2 LinkAddresses: [2401:4900:2125:4a37:e:81f7:a654:3aca/64,]  Routes: [::/0 -> fe80::4ff:bddc:a4b4:fd52 rmnet_data2,] DnsAddresses: [] Domains: null MTU: 1500 TcpBufferSizes: 2097152,4194304,8388608,262144,524288,1048576} linkCapabilities=[ Transports: CELLULAR Capabilities: IMS&NOT_METERED&TRUSTED&NOT_VPN LinkUpBandwidth>=51200Kbps LinkDnBandwidth>=102400Kbps Specifier: <4>] mRestrictedNetworkOverride=false mApnContexts={{mApnType=ims mState=CONNECTED mWaitingApns={[[ApnSettingV3] Airtel IMS, 1655, 40445, ims, , , , , , -1, ims, IPV4V6, IPV4V6, true, 0, 0, 2, false, 0, 0, 0, 0, , , false]} mApnSetting={[ApnSettingV3] Airtel IMS, 1655, 40445, ims, , , , , , -1, ims, IPV4V6, IPV4V6, true, 0, 0, 2, false, 0, 0, 0, 0, , , false} mReason=connected mDataEnabled=true mDependencyMet=true}={mTag=2 mApnContext={mApnType=ims mState=CONNECTED mWaitingApns={[[ApnSettingV3] Airtel IMS, 1655, 40445, ims, , , , , , -1, ims, IPV4V6, IPV4V6, true, 0, 0, 2, false, 0, 0, 0, 0, , , false]} mApnSetting={[ApnSettingV3] Airtel IMS, 1655, 40445, ims, , , , , , -1, ims, IPV4V6, IPV4V6, true, 0, 0, 2, false, 0, 0, 0, 0, , , false} mReason
04-27 12:58:09.200  2398  2593 D Dcc     : onDataStateChanged: dcsToRetry=[]
04-27 12:58:09.200  2398  2593 D Dcc     : onDataStateChanged: Found ConnId=0 newState=DataCallResponse: { status=0 retry=-1 cid=0 active=2 type=IP ifname=rmnet_data1 mtu=1500 addresses=[100.73.105.138/30] dnses=[125.22.47.102,59.144.144.106] gateways=[100.73.105.137] pcscf=[]}
04-27 12:58:09.200  2398  2593 D DataCallResponse: addr/pl=100.73.105.138/30
04-27 12:58:09.201  2398  2593 D DC-1    : MTU set by call response to: 1500
04-27 12:58:09.201  2398  2593 D Dcc     : onDataStateChanged: no change
04-27 12:58:09.201  2398  2593 D Dcc     : onDataStateChanged: Found ConnId=1 newState=DataCallResponse: { status=0 retry=-1 cid=1 active=2 type=IPV4V6 ifname=rmnet_data2 mtu=1500 addresses=[2401:4900:2125:4a37:000e:81f7:a654:3aca/64] dnses=[] gateways=[fe80:0000:0000:0000:04ff:bddc:a4b4:fd52] pcscf=[2401:4900:c0:1::467,2401:4900:c0:1::707]}
04-27 12:58:09.201  2398  2593 D DataCallResponse: addr/pl=2401:4900:2125:4a37:000e:81f7:a654:3aca/64
04-27 12:58:09.201  2398  2593 D DC-2    : MTU set by call response to: 1500
04-27 12:58:09.202  2398  2593 D Dcc     : onDataStateChanged: no change
04-27 12:58:09.202  2398  2593 D Dcc     : onDataStateChanged: Data Activity updated to NONE. isAnyDataCallActive = true isAnyDataCallDormant = false
04-27 12:58:09.202  2398  2593 D Dcc     : onDataStateChanged: dcsToRetry=[] apnsToCleanup=[]
04-27 12:58:09.202  2398  2398 D QtiGsmDCT: [0]QtiDcTracker handleMessage msg={ when=0 what=270376 arg1=1 obj=NONE target=com.qualcomm.qti.internal.telephony.dataconnection.QtiDcTracker }
04-27 12:58:09.206  2398  2398 D QtiGsmDCT: [0]setActivity = NONE
04-27 12:58:09.238  2660  6538 I c2dm    : [1,,35,35]
04-27 12:58:09.562  2398  4035 D Phone   : isImsRegistered =true
04-27 12:58:09.563  2398  6360 D Phone   : isImsRegistered =true
04-27 12:58:09.563  2398  4035 D Phone   : isWifiCallingEnabled =false
04-27 12:58:09.564  2398  6360 D Phone   : isWifiCallingEnabled =false
04-27 12:58:09.564  2398  4035 D Phone   : isImsRegistered =true
04-27 12:58:09.565  2398  4035 D Phone   : isImsRegistered =true
04-27 12:58:09.565  2398  6360 D Phone   : isWifiCallingEnabled =false
04-27 12:58:09.566  2398  6360 D Phone   : isWifiCallingEnabled =false
04-27 12:58:09.992  2398  4035 D Phone   : isImsRegistered =true
04-27 12:58:09.993  2398  6360 D Phone   : isImsRegistered =true
04-27 12:58:09.993  2398  6360 D Phone   : isWifiCallingEnabled =false
04-27 12:58:09.993  2398  4035 D Phone   : isWifiCallingEnabled =false
04-27 12:58:09.994  2398  4035 D Phone   : isImsRegistered =true
04-27 12:58:09.995  2398  6360 D Phone   : isImsRegistered =true
04-27 12:58:09.995  2398  4035 D Phone   : isWifiCallingEnabled =false
04-27 12:58:09.995  2398  4035 D Phone   : isWifiCallingEnabled =false
04-27 12:58:10.570  2219  2340 I sysui_multi_action: [757,1093,758,4,793,1995,1094,9437312,1095,4]
04-27 12:58:11.000  2398  6360 D Phone   : isImsRegistered =true
04-27 12:58:11.000  2398  5932 D Phone   : isImsRegistered =true
04-27 12:58:11.001  2398  5932 D Phone   : isWifiCallingEnabled =false
04-27 12:58:11.001  2398  6360 D Phone   : isWifiCallingEnabled =false
04-27 12:58:11.002  2398  5932 D Phone   : isImsRegistered =true
04-27 12:58:11.002  2398  6360 D Phone   : isImsRegistered =true
04-27 12:58:11.003  2398  6360 D Phone   : isWifiCallingEnabled =false
04-27 12:58:11.004  2398  6360 D Phone   : isWifiCallingEnabled =false
04-27 12:58:11.579  1715  5402 I am_wtf  : [0,1715,system_server,-1,ActivityManager,Sending non-protected broadcast sonim.intent.action.USB_CHARGING_STATE from system 3281:com.sonimtech.spcc/1000 pkg com.sonimtech.spcc]
04-27 12:58:12.012  2219  2340 I sysui_multi_action: [757,1093,758,4,793,1441,1094,9437312,1095,4]
04-27 12:58:13.076  2398  4035 D Phone   : isImsRegistered =true
04-27 12:58:13.077  2398  6360 D Phone   : isWifiCallingEnabled =false
04-27 12:58:13.078  2398  6360 D Phone   : isImsRegistered =true
04-27 12:58:13.078  2398  5932 D Phone   : isImsRegistered =true
04-27 12:58:13.079  2398  6360 D Phone   : isWifiCallingEnabled =false
04-27 12:58:13.079  2398  5932 D Phone   : isWifiCallingEnabled =false
04-27 12:58:13.080  2398  6360 D Phone   : isImsRegistered =true
04-27 12:58:13.083  2398  6360 D Phone   : isWifiCallingEnabled =false
04-27 12:58:14.095  2219  2340 I sysui_multi_action: [757,1093,758,4,793,2083,1094,9437312,1095,4]
04-27 12:58:16.669  1715  6774 I am_wtf  : [0,1715,system_server,-1,ActivityManager,Sending non-protected broadcast sonim.intent.action.USB_CHARGING_STATE from system 3281:com.sonimtech.spcc/1000 pkg com.sonimtech.spcc]
04-27 12:58:17.691  2219  2340 I sysui_multi_action: [757,1093,758,4,793,3597,1094,9437312,1095,4]
04-27 12:58:19.074  1715  1795 I am_pss  : [2935,10034,com.android.launcher3,100969472,94466048,0]
04-27 12:58:19.151  2398  2536 D RILJ    : Unsol response received; Sending ack to ril.cpp [SUB0]
04-27 12:58:19.151  2398  2536 D RILJ    : [UNSL]< UNSOL_DATA_CALL_LIST_CHANGED [DataCallResponse: { status=0 retry=-1 cid=0 active=1 type=IP ifname=rmnet_data1 mtu=1500 addresses=[100.73.105.138/30] dnses=[125.22.47.102,59.144.144.106] gateways=[100.73.105.137] pcscf=[]}, DataCallResponse: { status=0 retry=-1 cid=1 active=2 type=IPV4V6 ifname=rmnet_data2 mtu=1500 addresses=[2401:4900:2125:4a37:000e:81f7:a654:3aca/64] dnses=[] gateways=[fe80:0000:0000:0000:04ff:bddc:a4b4:fd52] pcscf=[2401:4900:c0:1::467,2401:4900:c0:1::707]}] [SUB0]
04-27 12:58:19.152  2398  2398 D QtiGsmDCT: [0]QtiDcTracker handleMessage msg={ when=0 what=270340 obj=android.os.AsyncResult@a588eca target=com.qualcomm.qti.internal.telephony.dataconnection.QtiDcTracker }
04-27 12:58:19.157  2398  2536 D RILJ    : Unsol response received; Sending ack to ril.cpp [SUB0]
04-27 12:58:19.157  2398  2536 D RILJ    : [UNSL]< UNSOL_DATA_CALL_LIST_CHANGED [DataCallResponse: { status=0 retry=-1 cid=0 active=1 type=IP ifname=rmnet_data1 mtu=1500 addresses=[100.73.105.138/30] dnses=[125.22.47.102,59.144.144.106] gateways=[100.73.105.137] pcscf=[]}, DataCallResponse: { status=0 retry=-1 cid=1 active=1 type=IPV4V6 ifname=rmnet_data2 mtu=1500 addresses=[2401:4900:2125:4a37:000e:81f7:a654:3aca/64] dnses=[] gateways=[fe80:0000:0000:0000:04ff:bddc:a4b4:fd52] pcscf=[2401:4900:c0:1::467,2401:4900:c0:1::707]}] [SUB0]
04-27 12:58:19.158  2398  2398 D QtiGsmDCT: [0]QtiDcTracker handleMessage msg={ when=-1ms what=270340 obj=android.os.AsyncResult@d72883b target=com.qualcomm.qti.internal.telephony.dataconnection.QtiDcTracker }
