--------- beginning of events
04-27 11:45:08.942  1715  1795 I am_pss  : [2169,1002,com.android.bluetooth,16565248,13357056,0]
04-27 11:45:09.206  1715  1795 I am_pss  : [2201,10085,com.google.android.inputmethod.latin,44407808,41136128,0]
04-27 11:45:09.540  1715  2255 I am_proc_start: [0,4090,10033,com.android.vending:download_service,service,com.android.vending/com.google.android.finsky.downloadservice.DownloadService]
04-27 11:45:09.552  1715  2255 I am_proc_bound: [0,4090,com.android.vending:download_service]
04-27 11:45:09.612  1715  1715 I notification_cancel_all: [1000,1715,com.android.vending,0,0,0,17,NULL]
04-27 11:45:09.612  1715  1715 I notification_cancel_all: [1000,1715,com.android.vending,0,0,0,17,NULL]
04-27 11:45:09.615  1715  2255 I sysui_multi_action: [757,859,758,6,806,com.android.vending,860,essentials]
04-27 11:45:09.616  1715  2255 I sysui_multi_action: [757,856,758,1,806,com.android.vending,857,maintenance-v2,858,1]
04-27 11:45:09.619  1715  1715 I notification_cancel_all: [1000,1715,com.android.vending,0,0,0,17,NULL]
04-27 11:45:09.619  1715  1715 I chatty  : uid=1000 system_server identical 1 line
04-27 11:45:09.619  1715  1715 I notification_cancel_all: [1000,1715,com.android.vending,0,0,0,17,NULL]
04-27 11:45:09.635  1715  2255 I sysui_multi_action: [757,856,758,1,806,com.android.vending,857,setup,858,2]
04-27 11:45:09.645  1715  1715 I notification_cancel_all: [1000,1715,com.android.vending,0,0,0,17,NULL]
04-27 11:45:09.645  1715  1715 I chatty  : uid=1000 system_server identical 3 lines
04-27 11:45:09.645  1715  1715 I notification_cancel_all: [1000,1715,com.android.vending,0,0,0,17,NULL]
04-27 11:45:10.654  1715  1795 I am_pss  : [2560,1001,com.qualcomm.qcrilmsgtunnel,3202048,2703360,0]
04-27 11:45:11.076  1715  2254 I am_uid_running: 10061
04-27 11:45:11.122  1715  2254 I am_proc_start: [0,4110,10061,com.google.android.calendar,broadcast,com.google.android.calendar/.alerts.HabitsIntentReceiver]
04-27 11:45:11.152  1715  2254 I am_proc_bound: [0,4110,com.google.android.calendar]
04-27 11:45:11.750  1715  2255 I am_uid_running: 10008
04-27 11:45:11.784  1715  2255 I am_proc_start: [0,4146,10008,com.google.android.configupdater,broadcast,com.google.android.configupdater/.MainReceiver]
04-27 11:45:11.810  1715  2255 I am_proc_bound: [0,4146,com.google.android.configupdater]
04-27 11:45:12.082  1715  2918 I am_uid_running: 10074
04-27 11:45:12.114  1715  2918 I am_proc_start: [0,4178,10074,com.google.android.gm,broadcast,com.google.android.gm/.GoogleMailDeviceStartupReceiver]
04-27 11:45:12.130  1715  2918 I am_proc_bound: [0,4178,com.google.android.gm]
04-27 11:45:13.033  1715  1738 I am_uid_running: 10062
04-27 11:45:13.044  1715  1738 I am_proc_start: [0,4256,10062,com.android.chrome,service,com.android.chrome/org.chromium.chrome.browser.customtabs.CustomTabsConnectionService]
04-27 11:45:13.064  1715  2254 I am_proc_bound: [0,4256,com.android.chrome]
04-27 11:45:13.228  1715  1738 I am_uid_running: 10007
04-27 11:45:13.244  1715  1738 I am_proc_start: [0,4287,10007,com.google.android.ims,broadcast,com.google.android.ims/.receivers.BootCompletedReceiver]
04-27 11:45:13.300  1715  2918 I am_proc_bound: [0,4287,com.google.android.ims]
04-27 11:45:13.516  1715  1795 I am_pss  : [2660,10020,com.google.android.gms.persistent,68411392,52862976,0]
04-27 11:45:13.693  1715  1715 I notification_enqueue: [10048,3058,com.google.android.googlequicksearchbox,-1873494995,n,0,Notification(channel=21 pri=-2 contentView=null vibrate=null sound=null defaults=0x0 flags=0x118 color=0xff4285f4 groupKey=wx vis=PRIVATE),0]
04-27 11:45:13.737  1715  1795 I am_pss  : [2816,10048,com.google.android.googlequicksearchbox:interactor,19335168,13361152,0]
04-27 11:45:13.977  1715  1795 I am_pss  : [2963,1000,com.sonimtech.cit.verifier,3490816,2850816,0]
04-27 11:45:13.998  1715  2927 I am_uid_running: 10081
04-27 11:45:14.011  1715  2927 I am_proc_start: [0,4353,10081,com.google.android.inputmethod.japanese,broadcast,com.google.android.inputmethod.japanese/com.google.android.apps.inputmethod.libs.framework.core.LauncherIconVisibilityInitializer]
04-27 11:45:14.025  1715  1795 I am_pss  : [2921,10100,com.android.smspush,2317312,1884160,0]
04-27 11:45:14.041  1715  2255 I am_proc_bound: [0,4353,com.google.android.inputmethod.japanese]
04-27 11:45:14.073  1715  1795 I am_pss  : [2935,10034,com.android.launcher3,29675520,18042880,0]
04-27 11:45:14.173  1715  1795 I am_pss  : [2976,10020,com.google.android.gms,47725568,32493568,0]
04-27 11:45:14.352  1715  2961 I am_proc_start: [0,4401,10020,com.google.android.gms.ui,service,com.google.android.gms/.chimera.UiIntentOperationService]
04-27 11:45:14.367  1715  2927 I am_proc_bound: [0,4401,com.google.android.gms.ui]
04-27 11:45:14.553  1715  2426 I am_uid_running: 10083
04-27 11:45:14.573  1715  2426 I am_proc_start: [0,4439,10083,com.google.android.inputmethod.korean,broadcast,com.google.android.inputmethod.korean/com.google.android.apps.inputmethod.libs.framework.core.LauncherIconVisibilityInitializer]
04-27 11:45:14.577  1715  2426 I am_kill : [0,3004,com.android.keychain,906,empty #31]
04-27 11:45:14.598  1715  2927 I am_proc_bound: [0,4439,com.google.android.inputmethod.korean]
04-27 11:45:14.603  1715  2436 I am_proc_died: [0,3004,com.android.keychain,906,17]
04-27 11:45:14.675  2976  4369 I [70220] : 47122
04-27 11:45:14.831  1715  2426 I am_uid_active: 10033
04-27 11:45:14.857  1715  2409 I am_kill : [0,3078,com.qualcomm.location.XT,906,empty #31]
04-27 11:45:14.861  1715  2409 I am_uid_running: 10076
04-27 11:45:14.876  1715  2409 I am_proc_start: [0,4481,10076,com.google.android.inputmethod.pinyin,broadcast,com.google.android.inputmethod.pinyin/com.google.android.apps.inputmethod.libs.framework.core.LauncherIconVisibilityInitializer]
04-27 11:45:14.879  1715  2961 I am_proc_died: [0,3078,com.qualcomm.location.XT,906,17]
04-27 11:45:14.907  2976  4368 I aggregation: 1587968114907
04-27 11:45:14.909  1715  1738 I am_proc_bound: [0,4481,com.google.android.inputmethod.pinyin]
04-27 11:45:14.931  1715  2436 I am_proc_start: [0,4499,10020,com.google.android.gms.unstable,service,com.google.android.gms/.droidguard.DroidGuardService]
04-27 11:45:14.951  1715  2918 I am_proc_bound: [0,4499,com.google.android.gms.unstable]
04-27 11:45:15.029  1715  2918 I am_kill : [0,3199,com.google.android.partnersetup,906,empty #31]
04-27 11:45:15.046  1715  2920 I am_proc_died: [0,3199,com.google.android.partnersetup,906,17]
04-27 11:45:15.046  1715  2920 I am_uid_stopped: 10026
04-27 11:45:15.206  1715  2922 I am_uid_running: 10082
04-27 11:45:15.219  1715  2922 I am_proc_start: [0,4535,10082,com.google.android.keep,broadcast,com.google.android.keep/.notification.ReminderNotificationReceiver]
04-27 11:45:15.222  1715  2922 I am_kill : [0,3263,com.qualcomm.qti.poweroffalarm,906,empty #31]
04-27 11:45:15.248  1715  2922 I am_proc_died: [0,3263,com.qualcomm.qti.poweroffalarm,906,17]
04-27 11:45:15.252  1715  1739 I am_proc_bound: [0,4535,com.google.android.keep]
04-27 11:45:15.527  1715  2436 I am_uid_running: 10024
04-27 11:45:15.540  1715  2436 I am_proc_start: [0,4589,10024,com.google.android.onetimeinitializer,broadcast,com.google.android.onetimeinitializer/.OneTimeInitializerReceiver]
04-27 11:45:15.563  1715  2436 I am_proc_bound: [0,4589,com.google.android.onetimeinitializer]
04-27 11:45:15.634  1715  2927 I am_uid_running: 10025
04-27 11:45:15.649  1715  2927 I am_proc_start: [0,4608,10025,com.google.android.packageinstaller,broadcast,com.google.android.packageinstaller/com.android.packageinstaller.TemporaryFileManager]
04-27 11:45:15.654  1715  2927 I am_kill : [0,3302,com.sonim.logcollector,906,empty #31]
04-27 11:45:15.669  1715  2918 I am_proc_bound: [0,4608,com.google.android.packageinstaller]
04-27 11:45:15.680  1715  2426 I am_proc_died: [0,3302,com.sonim.logcollector,906,17]
04-27 11:45:15.740  1715  2918 I am_uid_running: 10026
04-27 11:45:15.762  1715  2918 I am_proc_start: [0,4626,10026,com.google.android.partnersetup,broadcast,com.google.android.partnersetup/.GooglePartnerSetup]
04-27 11:45:15.770  1715  2918 I am_kill : [0,3481,com.qualcomm.qti.qmmi,906,empty #31]
04-27 11:45:15.772  1715  1795 I am_pss  : [3281,1000,com.sonimtech.spcc,4265984,3551232,0]
04-27 11:45:15.796  1715  2426 I am_proc_bound: [0,4626,com.google.android.partnersetup]
04-27 11:45:15.804  1715  1738 I am_proc_died: [0,3481,com.qualcomm.qti.qmmi,906,17]
04-27 11:45:15.837  1715  2255 I am_kill : [0,3564,com.qualcomm.display,906,empty #31]
04-27 11:45:15.858  1715  2918 I am_proc_died: [0,3564,com.qualcomm.display,906,17]
04-27 11:45:15.936  1715  1795 I am_pss  : [3341,10040,com.sonim.utilityapp,2320384,1941504,0]
04-27 11:45:15.968  1715  1795 I am_pss  : [3355,10019,com.sonim.torch,2900992,2334720,0]
04-27 11:45:16.240  1715  2426 I am_kill : [0,2752,com.google.android.marvin.talkback,906,empty #31]
04-27 11:45:16.242  1715  1796 I am_uid_running: 10072
04-27 11:45:16.262  1715  1796 I am_proc_start: [0,4680,10072,com.google.process.gapps,broadcast,com.google.android.syncadapters.contacts/.ContactsSyncAdapterBroadcastReceiver]
04-27 11:45:16.265  1715  2426 I am_proc_died: [0,2752,com.google.android.marvin.talkback,906,17]
04-27 11:45:16.265  1715  2426 I am_uid_stopped: 10107
04-27 11:45:16.310  1715  2918 I am_proc_bound: [0,4680,com.google.process.gapps]
04-27 11:45:16.436  1715  2255 I am_uid_running: 10102
04-27 11:45:16.449  1715  2255 I am_proc_start: [0,4711,10102,com.google.android.videos,broadcast,com.google.android.videos/com.google.android.apps.play.movies.common.service.drm.RefreshLicenseTaskService$Initializer]
04-27 11:45:16.474  1715  2922 I am_proc_bound: [0,4711,com.google.android.videos]
04-27 11:45:16.487  1715  1739 I am_kill : [0,3640,com.android.cellbroadcastreceiver,906,empty #31]
04-27 11:45:16.501  1715  1738 I am_proc_died: [0,3640,com.android.cellbroadcastreceiver,906,17]
04-27 11:45:16.501  1715  1738 I am_uid_stopped: 10009
04-27 11:45:16.511  2660  4734 I sysui_action: [920,977701378]
04-27 11:45:16.512  2660  4734 I sysui_multi_action: [757,920,758,4,759,977701378]
04-27 11:45:16.638  2976  4368 I [70220] : [5,1587893572388,1587968114938]
04-27 11:45:16.640  2976  4368 I [70220] : [CheckinTask:SentRequest,44126]
04-27 11:45:16.660  2976  4368 I [70220] : [CheckinTask:ReceivedFailedResponse,44146]
04-27 11:45:16.660  2976  4368 I [70220] : 7
04-27 11:45:16.662  2976  4368 I [70220] : 8
04-27 11:45:16.663  2976  4368 I [70220] : [CheckinTask:duration,1914]
04-27 11:45:16.939  1715  1738 I am_uid_running: 10104
04-27 11:45:16.957  1715  1738 I am_proc_start: [0,4771,10104,com.google.android.youtube,broadcast,com.google.android.youtube/com.google.android.libraries.youtube.mdx.background.MdxBackgroundScanBootReceiver]
04-27 11:45:16.962  1715  1738 I am_kill : [0,3662,com.android.contacts,906,empty #31]
04-27 11:45:16.975  1715  1738 I am_proc_died: [0,3662,com.android.contacts,906,17]
04-27 11:45:16.976  1715  1738 I am_uid_stopped: 10012
04-27 11:45:16.984  1715  2922 I am_proc_bound: [0,4771,com.google.android.youtube]
04-27 11:45:17.443  1715  2409 I am_kill : [0,3679,com.android.managedprovisioning,906,empty #31]
04-27 11:45:17.452  1715  2409 I am_proc_died: [0,3679,com.android.managedprovisioning,906,17]
04-27 11:45:17.453  1715  2409 I am_uid_stopped: 10028
04-27 11:45:17.482  1715  2409 I wm_stack_created: 1
04-27 11:45:17.482  1715  2409 I wm_task_created: [100,1]
04-27 11:45:17.482  1715  2409 I wm_task_moved: [100,1,0]
04-27 11:45:17.731  1715  1715 I notification_cancel_all: [1000,1715,com.google.android.youtube,0,0,0,17,NULL]
04-27 11:45:17.818  1715  2409 I am_proc_start: [0,4892,1000,com.qti.csm,broadcast,com.qti.csm/.securityLog.SystemInfo]
04-27 11:45:17.822  1715  2409 I am_kill : [0,3696,com.android.mms,906,empty #31]
04-27 11:45:17.837  1715  2409 I am_proc_bound: [0,4892,com.qti.csm]
04-27 11:45:17.843  1715  1738 I am_proc_died: [0,3696,com.android.mms,906,17]
04-27 11:45:17.843  1715  1738 I am_uid_stopped: 10029
04-27 11:45:17.963  1715  4912 I am_proc_start: [0,4921,1000,com.qualcomm.telephony,broadcast,com.qualcomm.atfwd/.AtFwdAutoboot]
04-27 11:45:17.981  1715  4912 I am_proc_bound: [0,4921,com.qualcomm.telephony]
04-27 11:45:18.034  1715  1715 I am_proc_start: [0,4939,1000,com.qualcomm.location.XT,broadcast,com.qualcomm.location.XT/.XTBroadcastReceiver]
04-27 11:45:18.052  1715  2920 I am_proc_bound: [0,4939,com.qualcomm.location.XT]
04-27 11:45:18.097  1715  2920 I am_proc_start: [0,4954,1000,com.qualcomm.qti.callenhancement,broadcast,com.qualcomm.qti.callenhancement/.BootCompletedReceiver]
04-27 11:45:18.112  1715  2920 I am_proc_bound: [0,4954,com.qualcomm.qti.callenhancement]
04-27 11:45:18.135  1715  1738 I am_kill : [0,3384,android.process.media,906,empty #31]
04-27 11:45:18.146  1715  2437 I am_proc_died: [0,3384,android.process.media,906,17]
04-27 11:45:18.147  1715  2437 I am_uid_stopped: 10014
04-27 11:45:18.176  1715  1738 I am_proc_start: [0,4972,1001,com.qualcomm.qti.lpa,broadcast,com.qualcomm.qti.lpa/.UimLpaBootReceiver]
04-27 11:45:18.188  1715  1738 I am_proc_bound: [0,4972,com.qualcomm.qti.lpa]
04-27 11:45:18.239  1715  1738 I am_proc_start: [0,4988,1000,com.qualcomm.qti.qdma,broadcast,com.qualcomm.qti.qdma/.app.BootReceiver]
04-27 11:45:18.244  1715  1738 I am_kill : [0,2443,com.android.settings,906,empty #31]
04-27 11:45:18.260  1715  1738 I am_proc_bound: [0,4988,com.qualcomm.qti.qdma]
04-27 11:45:18.267  1715  2254 I am_proc_died: [0,2443,com.android.settings,906,17]
04-27 11:45:18.467  1715  5001 I am_proc_start: [0,5008,1000,com.qualcomm.qti.smq,content provider,com.qualcomm.qti.smq/.providers.SMQContentProvider]
04-27 11:45:18.500  1715  2254 I am_proc_bound: [0,5008,com.qualcomm.qti.smq]
04-27 11:45:18.609  1715  5001 I am_proc_start: [0,5024,1000,com.qualcomm.qti.smcinvokepkgmgr,broadcast,com.qualcomm.qti.smcinvokepkgmgr/.SmcInvokeBroadcastReceiver]
04-27 11:45:18.629  1715  5001 I am_proc_bound: [0,5024,com.qualcomm.qti.smcinvokepkgmgr]
04-27 11:45:18.737  1715  2922 I am_proc_start: [0,5043,1001,com.qualcomm.simcontacts,broadcast,com.qualcomm.simcontacts/.SimStateReceiver]
04-27 11:45:18.751  1715  2922 I am_proc_bound: [0,5043,com.qualcomm.simcontacts]
04-27 11:45:18.810  1715  5001 I am_uid_running: 10036
04-27 11:45:18.847  1715  5001 I am_proc_start: [0,5059,10036,com.sonim.ble.connect.xp8,broadcast,com.sonim.ble.connect.xp8/com.sonim.ble.connect.BootCompleteReceiver]
04-27 11:45:18.868  1715  5001 I am_proc_bound: [0,5059,com.sonim.ble.connect.xp8]
04-27 11:45:18.969  1715  5001 I am_uid_active: 10036
04-27 11:45:18.990  1715  5001 I am_proc_start: [0,5075,1000,com.sonim.safeguard,broadcast,com.sonim.safeguard/.receiver.SGReceiver]
04-27 11:45:19.028  1715  1715 I notification_enqueue: [1000,1715,android,40,NULL,0,Notification(channel=FOREGROUND_SERVICE pri=0 contentView=null vibrate=null sound=null defaults=0x0 flags=0x2 color=0xff607d8b vis=PRIVATE),0]
04-27 11:45:19.029  1715  1715 I notification_enqueue: [10036,5059,com.sonim.ble.connect.xp8,1,NULL,0,Notification(channel=Service_Channel pri=0 contentView=null vibrate=null sound=null defaults=0x0 flags=0x40 color=0xff607d8b vis=PRIVATE),0]
04-27 11:45:19.029  1715  1715 I sysui_multi_action: [757,128,758,5,759,8,793,16,794,0,795,16,796,1,806,com.sonim.ble.connect.xp8,857,Service_Channel,858,3,947,0]
04-27 11:45:19.029  1715  1715 I notification_canceled: [0|com.sonim.ble.connect.xp8|1|null|10036,8,16,16,0,NULL]
04-27 11:45:19.035  1715  2254 I am_proc_bound: [0,5075,com.sonim.safeguard]
04-27 11:45:19.059  5075  5075 I auditd  : type=1400 audit(0.0:459): avc: denied { write } for comm="sonim.safeguard" name="com.sonim.safeguard-SuiPwGmNO7zT3gSoiDRbNg==" dev="dm-1" ino=1835492 scontext=u:r:system_app:s0 tcontext=u:object_r:apk_data_file:s0 tclass=dir permissive=0
04-27 11:45:19.059  5075  5075 I auditd  : type=1400 audit(0.0:460): avc: denied { write } for comm="sonim.safeguard" name="com.sonim.safeguard-SuiPwGmNO7zT3gSoiDRbNg==" dev="dm-1" ino=1835492 scontext=u:r:system_app:s0 tcontext=u:object_r:apk_data_file:s0 tclass=dir permissive=0
04-27 11:45:19.156  1715  2254 I am_proc_start: [0,5094,1000,com.sonim.scout,broadcast,com.sonim.scout/.service.receiver.StartUpBootReceiver]
04-27 11:45:19.160  1715  2254 I am_kill : [0,3328,com.android.timerswitch,906,empty #31]
04-27 11:45:19.169  1715  2254 I am_proc_bound: [0,5094,com.sonim.scout]
04-27 11:45:19.174  1715  5001 I am_proc_died: [0,3328,com.android.timerswitch,906,17]
04-27 11:45:19.353  1715  2254 I am_proc_start: [0,5111,1000,com.sonim.scout:remote,service,com.sonim.scout/.service.CommonService]
04-27 11:45:19.366  1715  2254 I am_proc_bound: [0,5111,com.sonim.scout:remote]
04-27 11:45:19.405  1715  1715 I notification_enqueue: [1000,1715,android,40,NULL,0,Notification(channel=FOREGROUND_SERVICE pri=0 contentView=null vibrate=null sound=null defaults=0x0 flags=0x2 color=0xff607d8b vis=PRIVATE),1]
04-27 11:45:19.410  1715  1715 I notification_enqueue: [1000,5111,com.sonim.scout,1,NULL,0,Notification(channel=Service_Channel pri=0 contentView=null vibrate=null sound=null defaults=0x0 flags=0x40 color=0xff607d8b vis=PRIVATE),0]
04-27 11:45:19.412  1715  1715 I sysui_multi_action: [757,199,758,1,759,2,793,5,794,0,795,5,796,1,806,com.sonim.scout,857,Service_Channel,858,3,947,0]
04-27 11:45:19.412  1715  1715 I notification_alert: [0|com.sonim.scout|1|null|1000,0,1,0]
04-27 11:45:19.419  2935  2935 I auditd  : type=1400 audit(0.0:461): avc: denied { getattr } for comm="Binder:2935_3" path="/data/data/com.sonim.scout" dev="dm-1" ino=1048769 scontext=u:r:priv_app:s0:c512,c768 tcontext=u:object_r:system_app_data_file:s0 tclass=dir permissive=0
04-27 11:45:19.425  1715  1715 I notification_enqueue: [1000,1715,android,40,NULL,0,Notification(channel=FOREGROUND_SERVICE pri=0 contentView=null vibrate=null sound=null defaults=0x0 flags=0x2 color=0xff607d8b vis=PRIVATE),1]
04-27 11:45:19.426  1715  1715 I sysui_multi_action: [757,128,758,5,759,8,793,19,794,0,795,19,796,1,806,com.sonim.scout,857,Service_Channel,858,3,947,0]
04-27 11:45:19.426  1715  1715 I notification_canceled: [0|com.sonim.scout|1|null|1000,8,19,19,0,NULL]
04-27 11:45:19.453  1715  1738 I am_uid_running: 10039
04-27 11:45:19.467  1715  1738 I am_proc_start: [0,5135,10039,com.sonim.sonimcustomercare,broadcast,com.sonim.sonimcustomercare/.powerstation.BootCompleteReciver]
04-27 11:45:19.470  1715  1738 I am_kill : [0,2831,com.android.printspooler,906,empty #31]
04-27 11:45:19.479  1715  5001 I am_proc_bound: [0,5135,com.sonim.sonimcustomercare]
04-27 11:45:19.486  1715  2922 I am_kill : [0,3825,com.example.field_test,906,empty #31]
04-27 11:45:19.491  1715  2922 I am_proc_died: [0,2831,com.android.printspooler,906,17]
04-27 11:45:19.491  1715  2922 I am_uid_stopped: 10091
04-27 11:45:19.497  1715  2922 I am_proc_died: [0,3825,com.example.field_test,906,17]
04-27 11:45:19.571  1715  2922 I am_kill : [0,3846,com.google.android.apps.maps,906,empty #31]
04-27 11:45:19.625  1715  5001 I am_proc_died: [0,3846,com.google.android.apps.maps,906,17]
04-27 11:45:19.626  1715  5001 I am_uid_stopped: 10087
04-27 11:45:19.659  1715  1738 I am_proc_start: [0,5158,1000,com.sonimtech.warrantyregapp.xp8,broadcast,com.sonimtech.warrantyregapp.xp8/com.sonimtech.warrantyregapp.BootupHandler]
04-27 11:45:19.678  1715  1738 I am_proc_bound: [0,5158,com.sonimtech.warrantyregapp.xp8]
04-27 11:45:19.838  1715  1738 I am_kill : [0,3933,com.google.android.apps.tachyon,906,empty #31]
04-27 11:45:19.882  1715  1738 I am_proc_died: [0,3933,com.google.android.apps.tachyon,906,17]
04-27 11:45:19.882  1715  1738 I am_uid_stopped: 10066
04-27 11:45:19.947  1715  1796 I am_proc_start: [0,5180,1000,org.simalliance.openmobileapi.service,broadcast,org.simalliance.openmobileapi.service/.SmartcardServiceBootCompletedBroadcastReceiver]
04-27 11:45:19.962  1715  2255 I am_proc_bound: [0,5180,org.simalliance.openmobileapi.service]
04-27 11:45:20.018  1715  2255 I am_proc_start: [0,5201,1000,com.android.keychain,service,com.android.keychain/.KeyChainService]
04-27 11:45:20.020  1715  1715 I sysui_multi_action: [757,128,758,5,759,8,793,1013,794,0,795,610,796,40,806,android,857,FOREGROUND_SERVICE,858,2,947,0]
04-27 11:45:20.020  1715  1715 I notification_canceled: [0|android|40|null|1000,8,1013,610,0,NULL]
04-27 11:45:20.036  1715  1738 I am_proc_start: [0,5213,1000,org.simalliance.openmobileapi.service:remote,service,org.simalliance.openmobileapi.service/.SmartcardService]
04-27 11:45:20.037  1715  2255 I am_proc_bound: [0,5201,com.android.keychain]
04-27 11:45:20.052  1715  2922 I am_kill : [0,3588,com.android.dialer,906,empty #31]
04-27 11:45:20.053  1715  1738 I am_proc_bound: [0,5213,org.simalliance.openmobileapi.service:remote]
04-27 11:45:20.064  1715  2922 I am_proc_died: [0,3588,com.android.dialer,906,17]
04-27 11:45:20.065  1715  2922 I am_uid_stopped: 10017
04-27 11:45:20.075  1715  2255 I am_kill : [0,4039,com.android.carrierconfig,906,empty #31]
04-27 11:45:20.084  1715  2255 I am_proc_died: [0,4039,com.android.carrierconfig,906,17]
04-27 11:45:20.084  1715  2255 I am_uid_stopped: 10004
04-27 11:45:21.079  2219  2340 I sysui_multi_action: [757,1093,758,4,793,14963,1094,9437312,1095,4]
04-27 11:45:21.467  1715  1738 I am_kill : [0,4090,com.android.vending:download_service,906,empty #31]
04-27 11:45:21.506  1715  1738 I am_proc_died: [0,4090,com.android.vending:download_service,906,17]
04-27 11:45:23.180  1715  4912 I am_kill : [0,3418,com.google.android.apps.photos,906,empty #31]
04-27 11:45:23.222  1715  2426 I am_proc_died: [0,3418,com.google.android.apps.photos,906,17]
04-27 11:45:23.223  1715  2426 I am_uid_stopped: 10093
04-27 11:45:24.020  1715  1795 I am_pss  : [2796,10064,com.google.android.deskclock,7030784,5652480,0]
04-27 11:45:27.756  1715  1795 I am_pss  : [3520,10022,com.google.android.dialer,9304064,8658944,0]
04-27 11:45:34.125  1715  2423 I am_kill : [0,4110,com.google.android.calendar,906,empty #31]
04-27 11:45:34.190  1715  2436 I am_proc_died: [0,4110,com.google.android.calendar,906,17]
04-27 11:45:34.191  1715  2436 I am_uid_stopped: 10061
04-27 11:45:34.221  1715  2423 I am_uid_running: 10029
04-27 11:45:34.255  1715  2423 I am_proc_start: [0,5280,10029,com.android.mms,broadcast,com.android.mms/.transaction.SmsReceiver]
04-27 11:45:34.283  1715  2436 I am_proc_bound: [0,5280,com.android.mms]
04-27 11:45:34.413  1715  2081 I netstats_mobile_sample: [0,0,0,0,0,0,0,0,0,0,0,0,-1]
04-27 11:45:34.413  1715  2081 I netstats_wifi_sample: [0,0,0,0,0,0,0,0,0,0,0,0,-1]
04-27 11:45:34.416  2660  5306 I gtalk_connection: 16778239
04-27 11:45:34.452  1715  2436 I am_uid_running: 10087
04-27 11:45:34.463  1715  2436 I am_proc_start: [0,5312,10087,com.google.android.apps.maps,broadcast,com.google.android.apps.maps/com.google.android.apps.gmm.ugc.ataplace.AtAPlaceService]
04-27 11:45:34.484  1715  5155 I am_proc_bound: [0,5312,com.google.android.apps.maps]
04-27 11:45:34.540  1715  5155 I am_kill : [0,4146,com.google.android.configupdater,906,empty #31]
04-27 11:45:34.551  1715  2436 I am_proc_died: [0,4146,com.google.android.configupdater,906,17]
04-27 11:45:34.552  1715  2436 I am_uid_stopped: 10008
04-27 11:45:35.079  1715  2436 I am_kill : [0,3520,com.google.android.dialer,906,empty #31]
04-27 11:45:35.110  1715  2927 I am_proc_died: [0,3520,com.google.android.dialer,906,17]
04-27 11:45:35.112  1715  2927 I am_uid_stopped: 10022
04-27 11:45:36.515  1715  2255 I am_proc_start: [0,5387,1000,com.android.settings,broadcast,com.android.settings/.sim.SimSelectNotification]
04-27 11:45:36.538  1715  2255 I am_proc_bound: [0,5387,com.android.settings]
04-27 11:45:36.619  1715  2255 I am_kill : [0,4178,com.google.android.gm,906,empty #31]
04-27 11:45:36.690  1715  2254 I am_proc_died: [0,4178,com.google.android.gm,906,17]
04-27 11:45:36.691  1715  2254 I am_uid_stopped: 10074
04-27 11:45:36.738  1715  1739 I am_wtf  : [0,1715,system_server,-1,ActivityManager,Sending non-protected broadcast org.simalliance.openmobileapi.action.simstate.changed from system 5180:org.simalliance.openmobileapi.service/1000 pkg org.simalliance.openmobileapi.service]
04-27 11:45:36.749  1715  1739 I am_wtf  : [0,1715,system_server,-1,ActivityManager,Sending non-protected broadcast org.simalliance.openmobileapi.action.simstate.changed from system 5180:org.simalliance.openmobileapi.service/1000 pkg org.simalliance.openmobileapi.service]
04-27 11:45:36.758  1715  2922 I am_uid_running: 10009
04-27 11:45:36.783  1715  2922 I am_proc_start: [0,5403,10009,com.android.cellbroadcastreceiver,broadcast,com.android.cellbroadcastreceiver/.CellBroadcastReceiver]
04-27 11:45:36.815  1715  1739 I am_proc_bound: [0,5403,com.android.cellbroadcastreceiver]
04-27 11:45:37.048  1715  2920 I am_wtf  : [0,1715,system_server,-1,ActivityManager,Sending non-protected broadcast org.simalliance.openmobileapi.action.simstate.changed from system 5180:org.simalliance.openmobileapi.service/1000 pkg org.simalliance.openmobileapi.service]
04-27 11:45:37.055  1715  2920 I am_wtf  : [0,1715,system_server,-1,ActivityManager,Sending non-protected broadcast org.simalliance.openmobileapi.action.simstate.changed from system 5180:org.simalliance.openmobileapi.service/1000 pkg org.simalliance.openmobileapi.service]
04-27 11:45:37.166  1715  2922 I am_uid_running: 10061
04-27 11:45:37.185  1715  2922 I am_proc_start: [0,5424,10061,com.google.android.calendar,broadcast,com.google.android.calendar/com.google.android.apps.calendar.config.phenotypesupport.firebase.PhenotypeBroadcastReceiver]
04-27 11:45:37.195  1715  2254 I am_proc_bound: [0,5424,com.google.android.calendar]
04-27 11:45:37.431  1715  2922 I am_uid_running: 10074
04-27 11:45:37.448  1715  2922 I am_proc_start: [0,5457,10074,com.google.android.gm,broadcast,com.google.android.gm/.widget.GmailWidgetProvider]
04-27 11:45:37.468  1715  5402 I am_proc_bound: [0,5457,com.google.android.gm]
04-27 11:45:37.540  1715  2920 I am_kill : [0,4256,com.android.chrome,906,empty #31]
04-27 11:45:37.550  1715  2920 I am_proc_died: [0,4256,com.android.chrome,906,17]
04-27 11:45:37.550  1715  2920 I am_uid_stopped: 10062
04-27 11:45:37.937  1715  2254 I am_wtf  : [0,1715,system_server,-1,ActivityManager,Sending non-protected broadcast sonim.intent.action.USB_CHARGING_STATE from system 3281:com.sonimtech.spcc/1000 pkg com.sonimtech.spcc]
04-27 11:45:37.973  1715  1796 I am_proc_start: [0,5515,1000,com.android.timerswitch,broadcast,com.android.timerswitch/.UsbStateReceiver]
04-27 11:45:37.978  1715  1795 I am_pss  : [4892,1000,com.qti.csm,3213312,2809856,0]
04-27 11:45:37.993  1715  2922 I am_proc_bound: [0,5515,com.android.timerswitch]
04-27 11:45:38.035  1715  1739 I am_kill : [0,4353,com.google.android.inputmethod.japanese,906,empty #31]
04-27 11:45:38.050  1715  1795 I am_pss  : [4921,1000,com.qualcomm.telephony,2506752,2121728,0]
04-27 11:45:38.050  1715  2409 I am_proc_died: [0,4353,com.google.android.inputmethod.japanese,906,17]
04-27 11:45:38.051  1715  2409 I am_uid_stopped: 10081
04-27 11:45:38.804  1715  1795 I am_pss  : [5024,1000,com.qualcomm.qti.smcinvokepkgmgr,2322432,1953792,0]
04-27 11:45:38.853  1715  1795 I am_pss  : [4988,1000,com.qualcomm.qti.qdma,4306944,3584000,0]
04-27 11:45:38.895  1715  1795 I am_pss  : [5008,1000,com.qualcomm.qti.smq,2679808,2289664,0]
04-27 11:45:38.933  1715  1795 I am_pss  : [4954,1000,com.qualcomm.qti.callenhancement,2455552,2076672,0]
04-27 11:45:38.957  2219  2340 I sysui_multi_action: [757,1093,758,4,793,17879,1094,9437312,1095,4]
04-27 11:45:39.838  1715  1795 I am_pss  : [5043,1001,com.qualcomm.simcontacts,2415616,2039808,0]
04-27 11:45:39.866  1715  1795 I am_pss  : [5059,10036,com.sonim.ble.connect.xp8,3004416,2478080,0]
04-27 11:45:40.192  1715  1795 I am_pss  : [5213,1000,org.simalliance.openmobileapi.service:remote,4532224,3936256,0]
04-27 11:45:40.842  1715  2423 I am_kill : [0,4401,com.google.android.gms.ui,906,empty #31]
04-27 11:45:40.917  1715  2437 I am_proc_died: [0,4401,com.google.android.gms.ui,906,17]
04-27 11:45:43.395  2660  5547 I gtalk_connection: 16778239
04-27 11:45:43.976  1715  1795 I am_pss  : [3058,10048,com.google.android.googlequicksearchbox:search,54770688,47247360,0]
04-27 11:45:45.574  1715  1795 I am_pss  : [4287,10007,com.google.android.ims,12635136,11104256,0]
04-27 11:45:45.627  1715  1795 I am_pss  : [4481,10076,com.google.android.inputmethod.pinyin,7323648,6086656,0]
04-27 11:45:45.667  1715  1795 I am_pss  : [4439,10083,com.google.android.inputmethod.korean,7163904,6365184,0]
04-27 11:45:47.987  1715  1795 I am_pss  : [3144,10020,com.google.process.gapps,4317184,3244032,0]
04-27 11:45:48.057  1715  1795 I am_pss  : [4771,10104,com.google.android.youtube,37890048,35364864,0]
04-27 11:45:48.096  1715  1795 I am_pss  : [4711,10102,com.google.android.videos,23221248,14516224,0]
04-27 11:45:48.128  1715  1795 I am_pss  : [4680,10072,com.google.process.gapps,3573760,2985984,0]
04-27 11:45:48.157  1715  1795 I am_pss  : [4626,10026,com.google.android.partnersetup,3506176,3014656,0]
04-27 11:45:48.188  1715  1795 I am_pss  : [4535,10082,com.google.android.keep,9905152,8773632,0]
04-27 11:45:48.217  1715  1795 I am_pss  : [4608,10025,com.google.android.packageinstaller,3874816,3534848,0]
04-27 11:45:48.246  1715  1795 I am_pss  : [4589,10024,com.google.android.onetimeinitializer,2411520,2068480,0]
04-27 11:45:48.455  1715  1795 I am_pss  : [4972,1001,com.qualcomm.qti.lpa,2296832,1961984,0]
04-27 11:45:48.506  1715  1795 I am_pss  : [4939,1000,com.qualcomm.location.XT,3641344,2752512,0]
04-27 11:45:49.116  1715  1795 I am_pss  : [5075,1000,com.sonim.safeguard,6806528,1941504,0]
04-27 11:45:49.256  1715  1795 I am_pss  : [5094,1000,com.sonim.scout,6138880,4431872,0]
04-27 11:45:50.130  1715  1795 I am_pss  : [5180,1000,org.simalliance.openmobileapi.service,2911232,2437120,0]
04-27 11:45:50.176  1715  1795 I am_pss  : [5158,1000,com.sonimtech.warrantyregapp.xp8,3422208,3039232,0]
04-27 11:45:50.218  1715  1795 I am_pss  : [5135,10039,com.sonim.sonimcustomercare,3449856,3051520,0]
04-27 11:45:50.252  1715  1795 I am_pss  : [5111,1000,com.sonim.scout:remote,3940352,2523136,0]
04-27 11:45:50.283  1715  1795 I am_pss  : [5201,1000,com.android.keychain,2366464,1998848,0]
04-27 11:45:50.411  1715  2437 I am_kill : [0,4439,com.google.android.inputmethod.korean,906,empty #31]
04-27 11:45:50.435  1715  1738 I am_proc_died: [0,4439,com.google.android.inputmethod.korean,906,17]
04-27 11:45:50.436  1715  1738 I am_uid_stopped: 10083
04-27 11:45:51.980  1715  1795 I am_pss  : [4499,10020,com.google.android.gms.unstable,16454656,9035776,0]
04-27 11:45:54.432  2660  5558 I gtalk_connection: 16778239
04-27 11:45:56.327  1715  2437 I am_kill : [0,4589,com.google.android.onetimeinitializer,906,empty #31]
04-27 11:45:56.336  1715  2437 I am_kill : [0,4481,com.google.android.inputmethod.pinyin,906,empty #32]
04-27 11:45:56.356  1715  4912 I am_proc_died: [0,4481,com.google.android.inputmethod.pinyin,906,17]
04-27 11:45:56.357  1715  4912 I am_uid_stopped: 10076
04-27 11:45:56.362  1715  2437 I am_proc_died: [0,4589,com.google.android.onetimeinitializer,906,17]
04-27 11:45:56.363  1715  2437 I am_uid_stopped: 10024
04-27 11:45:58.261  1715  2437 I am_kill : [0,4608,com.google.android.packageinstaller,906,empty #31]
04-27 11:45:58.297  1715  2437 I am_proc_died: [0,4608,com.google.android.packageinstaller,906,17]
04-27 11:45:58.299  1715  2437 I am_uid_stopped: 10025
04-27 11:46:04.371  1715  1795 I am_pss  : [3752,10033,com.android.vending,39669760,31305728,0]
04-27 11:46:05.393  1715  1795 I am_pss  : [3614,10003,android.process.acore,7773184,6778880,0]
04-27 11:46:05.460  1715  1795 I am_pss  : [5312,10087,com.google.android.apps.maps,46464000,43274240,0]
04-27 11:46:10.516  1715  1795 I am_pss  : [5515,1000,com.android.timerswitch,2549760,2138112,0]
04-27 11:46:10.566  1715  1795 I am_pss  : [5403,10009,com.android.cellbroadcastreceiver,3416064,2904064,0]
04-27 11:46:10.605  1715  1795 I am_pss  : [5387,1000,com.android.settings,3836928,3264512,0]
04-27 11:46:15.155  1715  1796 I am_uid_idle: 10033
04-27 11:46:15.933  1715  1796 I am_uid_idle: 10003
04-27 11:46:19.015  1715  1796 I am_uid_idle: 10036
04-27 11:46:19.016  1715  1796 I am_stop_idle_service: [10036,com.sonim.ble.connect.xp8/com.sonim.ble.connect.SonimBLEService]
04-27 11:46:19.034  1715  4912 I am_kill : [0,4626,com.google.android.partnersetup,906,empty #31]
04-27 11:46:19.039  1715  4912 I am_kill : [0,4535,com.google.android.keep,906,empty #32]
04-27 11:46:19.065  1715  4912 I am_proc_died: [0,4535,com.google.android.keep,906,17]
04-27 11:46:19.066  1715  4912 I am_uid_stopped: 10082
04-27 11:46:19.073  1715  2254 I am_proc_died: [0,4626,com.google.android.partnersetup,906,17]
04-27 11:46:19.074  1715  2254 I am_uid_stopped: 10026
04-27 11:46:19.113  1715  1795 I am_pss  : [5457,10074,com.google.android.gm,27639808,24961024,0]
04-27 11:46:19.153  1715  1795 I am_pss  : [5280,10029,com.android.mms,6858752,5570560,0]
04-27 11:46:19.187  1715  1795 I am_pss  : [3727,10005,com.android.providers.calendar,3893248,3272704,0]
04-27 11:46:20.571  1715  1795 I am_pss  : [2976,10020,com.google.android.gms,60238848,44015616,0]
04-27 11:46:20.624  1715  1795 I am_pss  : [5424,10061,com.google.android.calendar,11623424,10149888,0]
04-27 11:46:32.596  1715  1795 I am_pss  : [2776,10020,com.google.process.gservices,5157888,4071424,0]
04-27 11:46:34.460  2660  5575 I gtalk_connection: 16778239
04-27 11:46:36.338  1715  2254 I am_wtf  : [0,1715,system_server,-1,ActivityManager,Sending non-protected broadcast sonim.intent.action.USB_CHARGING_STATE from system 3281:com.sonimtech.spcc/1000 pkg com.sonimtech.spcc]
04-27 11:46:36.596  1715  5569 I am_wtf  : [0,1715,system_server,-1,ActivityManager,Sending non-protected broadcast sonim.intent.action.USB_CHARGING_STATE from system 3281:com.sonimtech.spcc/1000 pkg com.sonimtech.spcc]
04-27 11:46:37.362  2219  2340 I sysui_multi_action: [757,1093,758,4,793,58405,1094,9437312,1095,4]
04-27 11:46:44.127  1715  2436 I am_wtf  : [0,1715,system_server,-1,ActivityManager,Sending non-protected broadcast sonim.intent.action.USB_CHARGING_STATE from system 3281:com.sonimtech.spcc/1000 pkg com.sonimtech.spcc]
04-27 11:46:45.153  2219  2340 I sysui_multi_action: [757,1093,758,4,793,7791,1094,9437312,1095,4]
04-27 11:46:50.636  1715  1795 I am_pss  : [5059,10036,com.sonim.ble.connect.xp8,3068928,2490368,0]
04-27 11:46:50.685  1715  1795 I am_pss  : [2413,10109,com.qualcomm.qtil.aptxui,2475008,2039808,0]
04-27 11:46:50.740  1715  1795 I am_pss  : [2398,1001,com.android.phone,27052032,23932928,0]
04-27 11:46:50.772  1715  1795 I am_pss  : [2375,1001,com.qualcomm.qti.telephonyservice,3191808,2539520,0]
04-27 11:46:50.804  1715  1795 I am_pss  : [2366,1000,.dataservices,5716992,4800512,0]
04-27 11:46:50.844  1715  1795 I am_pss  : [2219,10045,com.android.systemui,91248640,83980288,0]
04-27 11:46:50.905  1715  1795 I am_pss  : [1715,1000,system,190341120,135221248,0]
04-27 11:46:59.294  1715  1795 I am_pss  : [2896,1000,com.quicinc.wipoweragent,2337792,1912832,0]
04-27 11:46:59.344  1715  1795 I am_pss  : [2883,1000,com.quicinc.wbcserviceapp,2570240,2080768,0]
04-27 11:46:59.383  1715  1795 I am_pss  : [2870,1001,com.qualcomm.qti.loadcarrier,2465792,2011136,0]
04-27 11:46:59.419  1715  1795 I am_pss  : [2855,1027,com.android.nfc,8278016,6799360,0]
04-27 11:46:59.450  1715  1795 I am_pss  : [2844,1000,com.sonimtech.xpandappservice,2843648,2437120,0]
04-27 11:47:30.909  1715  1795 I am_pss  : [2976,10020,com.google.android.gms,60482560,44277760,0]
04-27 11:47:37.948  1715  4912 I am_wtf  : [0,1715,system_server,-1,ActivityManager,Sending non-protected broadcast sonim.intent.action.USB_CHARGING_STATE from system 3281:com.sonimtech.spcc/1000 pkg com.sonimtech.spcc]
04-27 11:47:38.967  2219  2340 I sysui_multi_action: [757,1093,758,4,793,53815,1094,9437312,1095,4]
04-27 11:47:49.907  1715  2423 I am_wtf  : [0,1715,system_server,-1,ActivityManager,Sending non-protected broadcast sonim.intent.action.USB_CHARGING_STATE from system 3281:com.sonimtech.spcc/1000 pkg com.sonimtech.spcc]
04-27 11:47:50.937  2219  2340 I sysui_multi_action: [757,1093,758,4,793,11969,1094,9437312,1095,4]
04-27 11:47:54.487  2660  5649 I gtalk_connection: 16778239
04-27 11:48:31.127  1715  1795 I am_pss  : [2976,10020,com.google.android.gms,60720128,44515328,0]
04-27 11:48:37.946  1715  2423 I am_wtf  : [0,1715,system_server,-1,ActivityManager,Sending non-protected broadcast sonim.intent.action.USB_CHARGING_STATE from system 3281:com.sonimtech.spcc/1000 pkg com.sonimtech.spcc]
04-27 11:48:38.972  2219  2340 I sysui_multi_action: [757,1093,758,4,793,48035,1094,9437312,1095,4]
04-27 11:48:55.652  1715  2436 I am_wtf  : [0,1715,system_server,-1,ActivityManager,Sending non-protected broadcast sonim.intent.action.USB_CHARGING_STATE from system 3281:com.sonimtech.spcc/1000 pkg com.sonimtech.spcc]
04-27 11:48:56.675  2219  2340 I sysui_multi_action: [757,1093,758,4,793,17703,1094,9437312,1095,4]
04-27 11:49:36.324  1715  1795 I am_pss  : [2976,10020,com.google.android.gms,60980224,44773376,0]
04-27 11:49:37.950  1715  2423 I am_wtf  : [0,1715,system_server,-1,ActivityManager,Sending non-protected broadcast sonim.intent.action.USB_CHARGING_STATE from system 3281:com.sonimtech.spcc/1000 pkg com.sonimtech.spcc]
04-27 11:49:38.971  2219  2340 I sysui_multi_action: [757,1093,758,4,793,42296,1094,9437312,1095,4]
04-27 11:50:01.366  1715  2423 I am_wtf  : [0,1715,system_server,-1,ActivityManager,Sending non-protected broadcast sonim.intent.action.USB_CHARGING_STATE from system 3281:com.sonimtech.spcc/1000 pkg com.sonimtech.spcc]
04-27 11:50:02.394  2219  2340 I sysui_multi_action: [757,1093,758,4,793,23424,1094,9437312,1095,4]
04-27 11:50:34.526  2660  5724 I gtalk_connection: 16778239
04-27 11:50:37.938  1715  2436 I am_wtf  : [0,1715,system_server,-1,ActivityManager,Sending non-protected broadcast sonim.intent.action.USB_CHARGING_STATE from system 3281:com.sonimtech.spcc/1000 pkg com.sonimtech.spcc]
04-27 11:50:38.965  2219  2340 I sysui_multi_action: [757,1093,758,4,793,36570,1094,9437312,1095,4]
04-27 11:51:07.063  1715  2436 I am_wtf  : [0,1715,system_server,-1,ActivityManager,Sending non-protected broadcast sonim.intent.action.USB_CHARGING_STATE from system 3281:com.sonimtech.spcc/1000 pkg com.sonimtech.spcc]
04-27 11:51:08.088  2219  2340 I sysui_multi_action: [757,1093,758,4,793,29123,1094,9437312,1095,4]
04-27 11:51:37.946  1715  2426 I am_wtf  : [0,1715,system_server,-1,ActivityManager,Sending non-protected broadcast sonim.intent.action.USB_CHARGING_STATE from system 3281:com.sonimtech.spcc/1000 pkg com.sonimtech.spcc]
04-27 11:51:38.969  2219  2340 I sysui_multi_action: [757,1093,758,4,793,30881,1094,9437312,1095,4]
04-27 11:52:12.735  1715  2436 I am_wtf  : [0,1715,system_server,-1,ActivityManager,Sending non-protected broadcast sonim.intent.action.USB_CHARGING_STATE from system 3281:com.sonimtech.spcc/1000 pkg com.sonimtech.spcc]
04-27 11:52:13.758  2219  2340 I sysui_multi_action: [757,1093,758,4,793,34789,1094,9437312,1095,4]
04-27 11:52:37.944  1715  2426 I am_wtf  : [0,1715,system_server,-1,ActivityManager,Sending non-protected broadcast sonim.intent.action.USB_CHARGING_STATE from system 3281:com.sonimtech.spcc/1000 pkg com.sonimtech.spcc]
04-27 11:52:38.972  2219  2340 I sysui_multi_action: [757,1093,758,4,793,25214,1094,9437312,1095,4]
04-27 11:53:18.396  1715  4912 I am_wtf  : [0,1715,system_server,-1,ActivityManager,Sending non-protected broadcast sonim.intent.action.USB_CHARGING_STATE from system 3281:com.sonimtech.spcc/1000 pkg com.sonimtech.spcc]
04-27 11:53:19.418  2219  2340 I sysui_multi_action: [757,1093,758,4,793,40446,1094,9437312,1095,4]
04-27 11:53:37.946  1715  2426 I am_wtf  : [0,1715,system_server,-1,ActivityManager,Sending non-protected broadcast sonim.intent.action.USB_CHARGING_STATE from system 3281:com.sonimtech.spcc/1000 pkg com.sonimtech.spcc]
04-27 11:53:38.972  2219  2340 I sysui_multi_action: [757,1093,758,4,793,19554,1094,9437312,1095,4]
04-27 11:54:17.293  1715  1795 I am_pss  : [2976,10020,com.google.android.gms,60988416,44810240,0]
04-27 11:54:18.127  1715  2075 I sysui_histogram: [power_consecutive_short_tap_count,1]
04-27 11:54:18.128  1715  2075 I sysui_multi_action: [757,804,799,power_consecutive_short_tap_count,801,1,802,1]
04-27 11:54:18.128  1715  2075 I sysui_histogram: [power_double_tap_interval,585605]
04-27 11:54:18.128  1715  2075 I sysui_multi_action: [757,804,799,power_double_tap_interval,801,585605,802,1]
04-27 11:54:18.135  1715  1715 I screen_toggled: 1
04-27 11:54:18.135  1715  1715 I power_screen_broadcast_send: 1
04-27 11:54:18.223  1715  2436 I notification_expansion: [-1|android|23|41217664-9172-527a-b3d5-edabb50a7d69|1000,0,1,571003,571003,567098]
04-27 11:54:18.236  2219  2219 I sysui_view_visibility: [111,0]
04-27 11:54:18.237  2219  2219 I sysui_multi_action: [757,111,758,2]
04-27 11:54:18.251  2219  2219 I sysui_multi_action: [757,197,758,1,759,0]
04-27 11:54:18.251  2219  2219 I sysui_status_bar_state: [0,1,0,1,0,1]
04-27 11:54:18.251  1715  2436 I sysui_view_visibility: [127,100]
04-27 11:54:18.252  1715  2436 I sysui_multi_action: [757,127,758,1]
04-27 11:54:18.252  1715  2436 I sysui_histogram: [note_load,4]
04-27 11:54:18.252  1715  2436 I sysui_multi_action: [757,804,799,note_load,801,4,802,1]
04-27 11:54:18.252  1715  2436 I notification_panel_revealed: 4
04-27 11:54:18.323  1715  2254 I sysui_view_visibility: [127,0]
04-27 11:54:18.324  1715  2254 I sysui_multi_action: [757,127,758,2]
04-27 11:54:18.324  1715  2254 I notification_panel_hidden: 
04-27 11:54:18.378  1715  1846 I sysui_multi_action: [757,198,758,1,759,0,793,259]
04-27 11:54:18.378  1715  1846 I power_screen_state: [1,0,0,0,259]
04-27 11:54:18.411  1715  1842 I sysui_view_visibility: [223,0]
04-27 11:54:18.411  1715  1842 I sysui_multi_action: [757,223,758,2]
04-27 11:54:18.411  1715  1842 I sysui_histogram: [dozing_minutes,9]
04-27 11:54:18.411  1715  1842 I sysui_multi_action: [757,804,799,dozing_minutes,801,9,802,1]
04-27 11:54:18.418  1715  1715 I power_screen_broadcast_done: [1,282,1]
04-27 11:54:21.619  1715  2423 I am_uid_running: 10026
04-27 11:54:21.633  1715  2423 I am_proc_start: [0,5857,10026,com.google.android.partnersetup,broadcast,com.google.android.partnersetup/.PhoneStateReceiver]
04-27 11:54:21.651  1715  2426 I am_proc_bound: [0,5857,com.google.android.partnersetup]
04-27 11:54:21.696  1715  2436 I am_wtf  : [0,1715,system_server,-1,ActivityManager,Sending non-protected broadcast org.simalliance.openmobileapi.action.simstate.changed from system 5180:org.simalliance.openmobileapi.service/1000 pkg org.simalliance.openmobileapi.service]
04-27 11:54:21.705  1715  2436 I am_wtf  : [0,1715,system_server,-1,ActivityManager,Sending non-protected broadcast org.simalliance.openmobileapi.action.simstate.changed from system 5180:org.simalliance.openmobileapi.service/1000 pkg org.simalliance.openmobileapi.service]
04-27 11:54:21.830  1715  2436 I configuration_changed: 3
04-27 11:54:21.886  1715  2426 I am_wtf  : [0,1715,system_server,-1,ActivityManager,Sending non-protected broadcast org.simalliance.openmobileapi.action.simstate.changed from system 5180:org.simalliance.openmobileapi.service/1000 pkg org.simalliance.openmobileapi.service]
04-27 11:54:21.895  1715  2426 I am_wtf  : [0,1715,system_server,-1,ActivityManager,Sending non-protected broadcast org.simalliance.openmobileapi.action.simstate.changed from system 5180:org.simalliance.openmobileapi.service/1000 pkg org.simalliance.openmobileapi.service]
04-27 11:54:21.914  1715  1796 I am_uid_active: 10003
04-27 11:54:22.966  1715  1796 I am_uid_running: 10017
04-27 11:54:22.987  1715  1796 I am_proc_start: [0,5892,10017,com.android.dialer,broadcast,com.android.dialer/.app.voicemail.LegacyVoicemailNotificationReceiver]
04-27 11:54:22.994  1715  5569 I am_proc_bound: [0,5892,com.android.dialer]
04-27 11:54:23.054  2219  2340 I sysui_multi_action: [757,1093,758,4,793,44083,1094,9437312,1095,4]
04-27 11:54:23.100  1715  5569 I sysui_multi_action: [757,856,758,1,806,com.android.dialer,857,phone_voicemail_account_:8991000902206369109f,858,3]
04-27 11:54:23.106  1715  5569 I sysui_multi_action: [757,856,758,1,806,com.android.dialer,857,phone_voicemail_account_:89918610400258632562,858,3]
04-27 11:54:24.265  1715  2102 I am_uid_active: 10005
04-27 11:54:24.453  2398  2398 I gsm_service_state_change: [1,1,0,0]
04-27 11:54:24.453  2398  2398 I gsm_rat_switched_new: [-1,0,14]
04-27 11:54:24.472  2976  2976 I [70220] : 2369
04-27 11:54:24.473  2976  2976 I [70220] : 47106
04-27 11:54:24.490  2976  5854 I [70220] : [CheckinTask:duration,1]
04-27 11:54:24.656  1715  1796 I am_uid_running: 10057
04-27 11:54:24.668  1715  1796 I am_proc_start: [0,5934,10057,com.android.carrierdefaultapp,broadcast,com.android.carrierdefaultapp/.CarrierDefaultBroadcastReceiver]
04-27 11:54:24.697  1715  2426 I am_proc_bound: [0,5934,com.android.carrierdefaultapp]
04-27 11:54:24.740  1715  2436 I am_wtf  : [0,1715,system_server,-1,ActivityManager,Sending non-protected broadcast org.simalliance.openmobileapi.action.simstate.changed from system 5180:org.simalliance.openmobileapi.service/1000 pkg org.simalliance.openmobileapi.service]
04-27 11:54:24.746  1715  2436 I am_wtf  : [0,1715,system_server,-1,ActivityManager,Sending non-protected broadcast org.simalliance.openmobileapi.action.simstate.changed from system 5180:org.simalliance.openmobileapi.service/1000 pkg org.simalliance.openmobileapi.service]
04-27 11:54:24.757  1715  1715 I notification_cancel_all: [10057,5934,com.android.carrierdefaultapp,0,0,64,9,NULL]
04-27 11:54:24.779  1715  1715 I notification_cancel_all: [10057,5934,com.android.carrierdefaultapp,0,0,64,9,NULL]
04-27 11:54:24.781  1715  5240 I am_uid_running: 10093
04-27 11:54:24.793  1715  5240 I am_proc_start: [0,5949,10093,com.google.android.apps.photos,broadcast,com.google.android.apps.photos/androidx.work.impl.background.systemalarm.RescheduleReceiver]
04-27 11:54:24.816  1715  5240 I am_proc_bound: [0,5949,com.google.android.apps.photos]
04-27 11:54:25.047  1715  5240 I am_uid_active: 10017
04-27 11:54:25.154  1715  2254 I am_uid_running: 10082
04-27 11:54:25.174  1715  2254 I am_proc_start: [0,6012,10082,com.google.android.keep,broadcast,com.google.android.keep/.notification.ReminderNotificationReceiver]
04-27 11:54:25.212  1715  5240 I am_proc_bound: [0,6012,com.google.android.keep]
04-27 11:54:25.327  1715  2096 I netstats_mobile_sample: [0,0,0,0,0,0,0,0,0,0,0,0,-1]
04-27 11:54:25.327  1715  2096 I netstats_wifi_sample: [0,0,0,0,0,0,0,0,0,0,0,0,-1]
04-27 11:54:25.342  1715  2096 I netstats_mobile_sample: [0,0,0,0,0,0,0,0,0,0,0,0,-1]
04-27 11:54:25.342  1715  2096 I netstats_wifi_sample: [0,0,0,0,0,0,0,0,0,0,0,0,-1]
04-27 11:54:25.361  1715  5240 I am_uid_running: 10108
04-27 11:54:25.377  1715  5240 I am_proc_start: [0,6056,10108,com.qualcomm.timeservice,broadcast,com.qualcomm.timeservice/.TimeServiceBroadcastReceiver]
04-27 11:54:25.420  1715  2255 I am_proc_bound: [0,6056,com.qualcomm.timeservice]
04-27 11:54:25.467  2219  2340 I sysui_multi_action: [757,1093,758,4,793,2413,1094,9437312,1095,4]
04-27 11:54:25.565  1715  5001 I am_uid_running: 10081
04-27 11:54:25.566  1715  5915 I ntp_success: [time.android.com/216.239.35.0,126,657]
04-27 11:54:25.573  1715  2423 I notification_expansion: [-1|android|23|41217664-9172-527a-b3d5-edabb50a7d69|1000,0,0,578353,578353,574448]
04-27 11:54:25.578  2219  2219 I sysui_view_visibility: [111,100]
04-27 11:54:25.578  2219  2219 I sysui_multi_action: [757,111,758,1]
04-27 11:54:25.578  2219  2219 I sysui_multi_action: [757,126,758,1,759,126,833,0,927,0,928,0]
04-27 11:54:25.578  2219  2219 I sysui_multi_action: [757,113,758,1,759,113,833,0,927,1,928,1]
04-27 11:54:25.578  2219  2219 I sysui_multi_action: [757,118,758,1,759,118,833,0,927,2,928,0]
04-27 11:54:25.578  2219  2219 I sysui_multi_action: [757,119,758,1,759,119,833,0,927,3,928,0]
04-27 11:54:25.579  2219  2219 I sysui_multi_action: [757,123,758,1,759,123,833,0,927,4,928,0]
04-27 11:54:25.579  2219  2219 I sysui_multi_action: [757,261,758,1,759,261,833,0,927,5,928,0]
04-27 11:54:25.585  1715  5001 I am_proc_start: [0,6093,10081,com.google.android.inputmethod.japanese,service,com.google.android.inputmethod.japanese/com.firebase.jobdispatcher.GooglePlayReceiver]
04-27 11:54:25.601  1715  2922 I sysui_view_visibility: [127,100]
04-27 11:54:25.601  1715  2922 I sysui_multi_action: [757,127,758,1]
04-27 11:54:25.601  1715  2922 I sysui_histogram: [note_load,4]
04-27 11:54:25.601  1715  2922 I sysui_multi_action: [757,804,799,note_load,801,4,802,1]
04-27 11:54:25.601  1715  2922 I notification_panel_revealed: 4
04-27 11:54:25.607  1715  2922 I am_proc_bound: [0,6093,com.google.android.inputmethod.japanese]
04-27 11:54:25.617  1715  2423 I am_uid_running: 10110
04-27 11:54:25.617  2219  2219 I sysui_multi_action: [757,196,758,1,759,0]
04-27 11:54:25.617  2219  2219 I sysui_status_bar_state: [1,1,0,0,0,1]
04-27 11:54:25.622  1715  2083 I ntp_success: [time.android.com/216.239.35.0,124,648]
04-27 11:54:25.636  1715  2423 I am_proc_start: [0,6110,10110,com.amazon.avod.thirdpartyclient,broadcast,com.amazon.avod.thirdpartyclient/com.amazon.identity.auth.device.storage.LambortishClock$ChangeTimestampsBroadcastReceiver]
04-27 11:54:25.642  1715  2423 I am_kill : [0,4680,com.google.process.gapps,906,empty #31]
04-27 11:54:25.667  1715  5001 I am_proc_bound: [0,6110,com.amazon.avod.thirdpartyclient]
04-27 11:54:25.685  1275  1275 I auditd  : type=1400 audit(0.0:462): avc: denied { read write } for comm="imsdatadaemon" name="diag" dev="tmpfs" ino=19499 scontext=u:r:ims:s0 tcontext=u:object_r:diag_device:s0 tclass=chr_file permissive=0
04-27 11:54:25.685  1715  5874 I am_proc_died: [0,4680,com.google.process.gapps,906,17]
04-27 11:54:25.685  1715  5874 I am_uid_stopped: 10072
