04-27 12:03:02.425  1715  2426 I am_wtf  : [0,1715,system_server,-1,ActivityManager,Sending non-protected broadcast sonim.intent.action.USB_CHARGING_STATE from system 3281:com.sonimtech.spcc/1000 pkg com.sonimtech.spcc]
04-27 12:03:02.801  2219  2340 I sysui_multi_action: [757,1093,758,4,793,21790,1094,9437312,1095,4]
04-27 12:03:06.916  2398  4033 I chatty  : uid=1001(radio) Binder:2398_7 expire 6 lines
04-27 12:03:07.928  2219  2340 I sysui_multi_action: [757,1093,758,4,793,5126,1094,9437312,1095,4]
04-27 12:03:11.001  2963  2963 D use-Rlog/RLOG-QC_RIL_OEM_HOOK: Received Broadcast Intent ACTION_UNSOL_RESPONSE_OEM_HOOK_RAW
04-27 12:03:11.001  2398  2398 I chatty  : uid=1001(radio) com.android.phone expire 25 lines
04-27 12:03:11.001  2963  2963 D use-Rlog/RLOG-QC_RIL_OEM_HOOK: Oem ID in QCRILHOOK UNSOL RESP is QOEMHOOK
04-27 12:03:11.005  2398  2536 I chatty  : uid=1001(radio) HwBinder:2398_1 expire 32 lines
04-27 12:03:14.569  2398  2422 I chatty  : uid=1001(radio) Binder:2398_2 expire 16 lines
04-27 12:03:14.570  2398  6360 I chatty  : uid=1001(radio) Binder:2398_B expire 20 lines
04-27 12:03:15.579  2219  2340 I sysui_multi_action: [757,1093,758,4,793,7651,1094,9437312,1095,4]
04-27 12:03:17.164  2398  4033 I chatty  : uid=1001(radio) Binder:2398_7 expire 7 lines
04-27 12:03:18.179  2219  2340 I sysui_multi_action: [757,1093,758,4,793,2600,1094,9437312,1095,4]
04-27 12:03:18.637  2398  2398 I chatty  : uid=1001(radio) com.android.phone expire 45 lines
04-27 12:03:18.660  2375  2375 I chatty  : uid=1001(radio) com.qualcomm.qti.telephonyservice expire 2 lines
04-27 12:03:18.661  2963  2963 D use-Rlog/RLOG-QC_RIL_OEM_HOOK: Received Broadcast Intent ACTION_UNSOL_RESPONSE_OEM_HOOK_RAW
04-27 12:03:18.661  2963  2963 D use-Rlog/RLOG-QC_RIL_OEM_HOOK: Oem ID in QCRILHOOK UNSOL RESP is QOEMHOOK
04-27 12:03:19.449  2219  2340 I sysui_multi_action: [757,1093,758,4,793,1270,1094,9437312,1095,4]
04-27 12:03:28.403  2219  2340 I sysui_multi_action: [757,1093,758,4,793,8954,1094,9437312,1095,4]
04-27 12:03:34.804  2219  2340 I sysui_multi_action: [757,1093,758,4,793,6401,1094,9437312,1095,4]
04-27 12:03:38.967  1715  2254 I am_wtf  : [0,1715,system_server,-1,ActivityManager,Sending non-protected broadcast sonim.intent.action.USB_CHARGING_STATE from system 3281:com.sonimtech.spcc/1000 pkg com.sonimtech.spcc]
04-27 12:03:39.136  2398  2593 I chatty  : uid=1001(radio) DcHandlerThread expire 96 lines
04-27 12:03:39.985  2219  2340 I sysui_multi_action: [757,1093,758,4,793,5182,1094,9437312,1095,4]
04-27 12:03:41.786  2660  6379 I c2dm    : [0,,7,7]
04-27 12:03:41.895  2660  6538 I c2dm    : [1,,7,7]
04-27 12:03:53.269  2398  2398 I chatty  : uid=1001(radio) com.android.phone expire 32 lines
04-27 12:03:54.483  2398  2536 I chatty  : uid=1001(radio) HwBinder:2398_1 expire 17 lines
04-27 12:04:05.767  2398  4033 I chatty  : uid=1001(radio) Binder:2398_7 expire 13 lines
04-27 12:04:05.767  2398  6360 I chatty  : uid=1001(radio) Binder:2398_B expire 12 lines
04-27 12:04:06.048  2963  2963 D use-Rlog/RLOG-QC_RIL_OEM_HOOK: Received Broadcast Intent ACTION_UNSOL_RESPONSE_OEM_HOOK_RAW
04-27 12:04:06.048  2963  2963 D use-Rlog/RLOG-QC_RIL_OEM_HOOK: Oem ID in QCRILHOOK UNSOL RESP is QOEMHOOK
04-27 12:04:06.049  2375  2375 I chatty  : uid=1001(radio) com.qualcomm.qti.telephonyservice expire 2 lines
04-27 12:04:06.050  2398  2398 I chatty  : uid=1001(radio) com.android.phone expire 18 lines
04-27 12:04:06.054  2398  2536 I chatty  : uid=1001(radio) HwBinder:2398_1 expire 6 lines
04-27 12:04:06.777  2219  2340 I sysui_multi_action: [757,1093,758,4,793,26791,1094,9437312,1095,4]
04-27 12:04:08.048  1715  2918 I am_wtf  : [0,1715,system_server,-1,ActivityManager,Sending non-protected broadcast sonim.intent.action.USB_CHARGING_STATE from system 3281:com.sonimtech.spcc/1000 pkg com.sonimtech.spcc]
04-27 12:04:09.075  2219  2340 I sysui_multi_action: [757,1093,758,4,793,2298,1094,9437312,1095,4]
04-27 12:04:09.646  2398  2422 I chatty  : uid=1001(radio) Binder:2398_2 expire 20 lines
04-27 12:04:10.659  2219  2340 I sysui_multi_action: [757,1093,758,4,793,1584,1094,9437312,1095,4]
04-27 12:04:17.059  2219  2340 I sysui_multi_action: [757,1093,758,4,793,6400,1094,9437312,1095,4]
04-27 12:04:22.182  2219  2340 I sysui_multi_action: [757,1093,758,4,793,5123,1094,9437312,1095,4]
04-27 12:04:24.994  2398  6360 I chatty  : uid=1001(radio) Binder:2398_B expire 11 lines
04-27 12:04:26.005  2219  2340 I sysui_multi_action: [757,1093,758,4,793,3824,1094,9437312,1095,4]
04-27 12:04:33.970  2398  4033 I chatty  : uid=1001(radio) Binder:2398_7 expire 3 lines
04-27 12:04:34.980  2219  2340 I sysui_multi_action: [757,1093,758,4,793,8975,1094,9437312,1095,4]
04-27 12:04:38.533  2398  2536 I chatty  : uid=1001(radio) HwBinder:2398_1 expire 29 lines
04-27 12:04:38.534  2398  2398 I chatty  : uid=1001(radio) com.android.phone expire 65 lines
04-27 12:04:38.539  2398  2593 I chatty  : uid=1001(radio) DcHandlerThread expire 36 lines
04-27 12:04:38.961  1715  2426 I am_wtf  : [0,1715,system_server,-1,ActivityManager,Sending non-protected broadcast sonim.intent.action.USB_CHARGING_STATE from system 3281:com.sonimtech.spcc/1000 pkg com.sonimtech.spcc]
04-27 12:04:39.985  2219  2340 I sysui_multi_action: [757,1093,758,4,793,5004,1094,9437312,1095,4]
04-27 12:04:41.059  2375  2375 I chatty  : uid=1001(radio) com.qualcomm.qti.telephonyservice expire 4 lines
04-27 12:04:41.059  2963  2963 D use-Rlog/RLOG-QC_RIL_OEM_HOOK: Received Broadcast Intent ACTION_UNSOL_RESPONSE_OEM_HOOK_RAW
04-27 12:04:41.059  2963  2963 D use-Rlog/RLOG-QC_RIL_OEM_HOOK: Oem ID in QCRILHOOK UNSOL RESP is QOEMHOOK
04-27 12:04:41.813  2398  2422 I chatty  : uid=1001(radio) Binder:2398_2 expire 5 lines
04-27 12:04:42.824  2219  2340 I sysui_multi_action: [757,1093,758,4,793,2839,1094,9437312,1095,4]
04-27 12:04:52.793  2963  2963 D use-Rlog/RLOG-QC_RIL_OEM_HOOK: Received Broadcast Intent ACTION_UNSOL_RESPONSE_OEM_HOOK_RAW
04-27 12:04:52.793  2398  2536 I chatty  : uid=1001(radio) HwBinder:2398_1 expire 50 lines
04-27 12:04:52.793  2963  2963 D use-Rlog/RLOG-QC_RIL_OEM_HOOK: Oem ID in QCRILHOOK UNSOL RESP is QOEMHOOK
04-27 12:04:52.795  2398  2398 I chatty  : uid=1001(radio) com.android.phone expire 79 lines
04-27 12:04:52.810  2398  6360 I chatty  : uid=1001(radio) Binder:2398_B expire 15 lines
04-27 12:04:52.812  2398  2422 I chatty  : uid=1001(radio) Binder:2398_2 expire 9 lines
04-27 12:04:53.824  2219  2340 I sysui_multi_action: [757,1093,758,4,793,11001,1094,9437312,1095,4]
04-27 12:04:54.252  2375  2375 I chatty  : uid=1001(radio) com.qualcomm.qti.telephonyservice expire 4 lines
04-27 12:04:54.252  2963  2963 D use-Rlog/RLOG-QC_RIL_OEM_HOOK: Received Broadcast Intent ACTION_UNSOL_RESPONSE_OEM_HOOK_RAW
04-27 12:04:54.252  2963  2963 D use-Rlog/RLOG-QC_RIL_OEM_HOOK: Oem ID in QCRILHOOK UNSOL RESP is QOEMHOOK
04-27 12:04:54.862  2219  2340 I sysui_multi_action: [757,1093,758,4,793,1038,1094,9437312,1095,4]
04-27 12:05:13.680  1715  5001 I am_wtf  : [0,1715,system_server,-1,ActivityManager,Sending non-protected broadcast sonim.intent.action.USB_CHARGING_STATE from system 3281:com.sonimtech.spcc/1000 pkg com.sonimtech.spcc]
04-27 12:05:14.696  2219  2340 I sysui_multi_action: [757,1093,758,4,793,19833,1094,9437312,1095,4]
04-27 12:05:20.253  2398  2593 I chatty  : uid=1001(radio) DcHandlerThread expire 36 lines
04-27 12:05:20.908  1715  1795 I am_pss  : [3341,10040,com.sonim.utilityapp,2473984,2097152,0]
04-27 12:05:20.958  1715  1795 I am_pss  : [3355,10019,com.sonim.torch,3110912,2543616,0]
04-27 12:05:22.696  2219  2340 I sysui_multi_action: [757,1093,758,4,793,8000,1094,9437312,1095,4]
04-27 12:05:24.089  2398  2398 I chatty  : uid=1001(radio) com.android.phone expire 48 lines
04-27 12:05:24.089  2963  2963 D use-Rlog/RLOG-QC_RIL_OEM_HOOK: Received Broadcast Intent ACTION_UNSOL_RESPONSE_OEM_HOOK_RAW
04-27 12:05:24.089  2963  2963 D use-Rlog/RLOG-QC_RIL_OEM_HOOK: Oem ID in QCRILHOOK UNSOL RESP is QOEMHOOK
04-27 12:05:24.092  2398  2536 I chatty  : uid=1001(radio) HwBinder:2398_1 expire 18 lines
04-27 12:05:38.971  1715  2918 I am_wtf  : [0,1715,system_server,-1,ActivityManager,Sending non-protected broadcast sonim.intent.action.USB_CHARGING_STATE from system 3281:com.sonimtech.spcc/1000 pkg com.sonimtech.spcc]
04-27 12:05:39.108  1715  1795 I am_pss  : [4892,1000,com.qti.csm,3416064,2977792,0]
04-27 12:05:39.149  1715  1795 I am_pss  : [4921,1000,com.qualcomm.telephony,2717696,2293760,0]
04-27 12:05:39.460  2375  2375 I chatty  : uid=1001(radio) com.qualcomm.qti.telephonyservice expire 2 lines
04-27 12:05:39.461  2963  2963 D use-Rlog/RLOG-QC_RIL_OEM_HOOK: Received Broadcast Intent ACTION_UNSOL_RESPONSE_OEM_HOOK_RAW
04-27 12:05:39.461  2398  2536 I chatty  : uid=1001(radio) HwBinder:2398_1 expire 14 lines
04-27 12:05:39.461  2963  2963 D use-Rlog/RLOG-QC_RIL_OEM_HOOK: Oem ID in QCRILHOOK UNSOL RESP is QOEMHOOK
04-27 12:05:39.462  2398  2398 I chatty  : uid=1001(radio) com.android.phone expire 21 lines
04-27 12:05:39.768  2398  2593 I chatty  : uid=1001(radio) DcHandlerThread expire 42 lines
04-27 12:05:40.000  2219  2340 I sysui_multi_action: [757,1093,758,4,793,17304,1094,9437312,1095,4]
04-27 12:05:41.205  2398  4033 I chatty  : uid=1001(radio) Binder:2398_7 expire 1 line
04-27 12:05:41.206  2398  2654 I chatty  : uid=1001(radio) Binder:2398_6 expire 2 lines
04-27 12:05:41.207  2398  2422 I chatty  : uid=1001(radio) Binder:2398_2 expire 9 lines
04-27 12:05:41.547  2398  6360 I chatty  : uid=1001(radio) Binder:2398_B expire 20 lines
04-27 12:05:41.920  2660  6379 I c2dm    : [0,,8,8]
04-27 12:05:41.981  1715  1795 I am_pss  : [5043,1001,com.qualcomm.simcontacts,3710976,2891776,0]
04-27 12:05:42.028  1715  1795 I am_pss  : [5213,1000,org.simalliance.openmobileapi.service:remote,4796416,4071424,0]
04-27 12:05:42.045  2660  6538 I c2dm    : [1,,8,8]
04-27 12:05:42.068  1715  1795 I am_pss  : [5024,1000,com.qualcomm.qti.smcinvokepkgmgr,2532352,2134016,0]
04-27 12:05:42.100  1715  1795 I am_pss  : [4988,1000,com.qualcomm.qti.qdma,4497408,3756032,0]
04-27 12:05:42.129  1715  1795 I am_pss  : [5008,1000,com.qualcomm.qti.smq,2899968,2478080,0]
04-27 12:05:42.158  1715  1795 I am_pss  : [4954,1000,com.qualcomm.qti.callenhancement,2655232,2244608,0]
04-27 12:05:42.213  2219  2340 I sysui_multi_action: [757,1093,758,4,793,2213,1094,9437312,1095,4]
04-27 12:05:52.685  2398  2593 I chatty  : uid=1001(radio) DcHandlerThread expire 6 lines
04-27 12:05:52.686  2398  2398 I chatty  : uid=1001(radio) com.android.phone expire 41 lines
04-27 12:05:57.152  2398  2654 I chatty  : uid=1001(radio) Binder:2398_6 expire 15 lines
04-27 12:05:58.165  2219  2340 I sysui_multi_action: [757,1093,758,4,793,15952,1094,9437312,1095,4]
04-27 12:05:59.967  2398  2536 I chatty  : uid=1001(radio) HwBinder:2398_1 expire 20 lines
04-27 12:05:59.984  2375  2375 I chatty  : uid=1001(radio) com.qualcomm.qti.telephonyservice expire 6 lines
04-27 12:05:59.984  2963  2963 D use-Rlog/RLOG-QC_RIL_OEM_HOOK: Received Broadcast Intent ACTION_UNSOL_RESPONSE_OEM_HOOK_RAW
04-27 12:05:59.985  2963  2963 D use-Rlog/RLOG-QC_RIL_OEM_HOOK: Oem ID in QCRILHOOK UNSOL RESP is QOEMHOOK
04-27 12:06:00.007  2398  2422 I chatty  : uid=1001(radio) Binder:2398_2 expire 10 lines
04-27 12:06:01.016  2219  2340 I sysui_multi_action: [757,1093,758,4,793,2851,1094,9437312,1095,4]
04-27 12:06:04.573  2219  2340 I sysui_multi_action: [757,1093,758,4,793,3557,1094,9437312,1095,4]
04-27 12:06:07.119  2219  2340 I sysui_multi_action: [757,1093,758,4,793,2546,1094,9437312,1095,4]
04-27 12:06:16.677  2963  2963 D use-Rlog/RLOG-QC_RIL_OEM_HOOK: Received Broadcast Intent ACTION_UNSOL_RESPONSE_OEM_HOOK_RAW
04-27 12:06:16.677  2963  2963 D use-Rlog/RLOG-QC_RIL_OEM_HOOK: Oem ID in QCRILHOOK UNSOL RESP is QOEMHOOK
04-27 12:06:16.677  2398  2398 I chatty  : uid=1001(radio) com.android.phone expire 51 lines
04-27 12:06:16.680  2398  2536 I chatty  : uid=1001(radio) HwBinder:2398_1 expire 19 lines
04-27 12:06:16.708  2398  2422 I chatty  : uid=1001(radio) Binder:2398_2 expire 13 lines
04-27 12:06:17.717  2219  2340 I sysui_multi_action: [757,1093,758,4,793,10598,1094,9437312,1095,4]
04-27 12:06:19.285  1715  2426 I am_wtf  : [0,1715,system_server,-1,ActivityManager,Sending non-protected broadcast sonim.intent.action.USB_CHARGING_STATE from system 3281:com.sonimtech.spcc/1000 pkg com.sonimtech.spcc]
04-27 12:06:19.898  2219  2340 I sysui_multi_action: [757,1093,758,4,793,2182,1094,9437312,1095,4]
04-27 12:06:20.883  2963  2963 D use-Rlog/RLOG-QC_RIL_OEM_HOOK: Received Broadcast Intent ACTION_UNSOL_RESPONSE_OEM_HOOK_RAW
04-27 12:06:20.883  2963  2963 D use-Rlog/RLOG-QC_RIL_OEM_HOOK: Oem ID in QCRILHOOK UNSOL RESP is QOEMHOOK
04-27 12:06:20.897  2398  2398 I chatty  : uid=1001(radio) com.android.phone expire 107 lines
04-27 12:06:20.905  2398  2536 I chatty  : uid=1001(radio) HwBinder:2398_1 expire 48 lines
04-27 12:06:24.285  2963  2963 D use-Rlog/RLOG-QC_RIL_OEM_HOOK: Received Broadcast Intent ACTION_UNSOL_RESPONSE_OEM_HOOK_RAW
04-27 12:06:24.285  2375  2375 I chatty  : uid=1001(radio) com.qualcomm.qti.telephonyservice expire 6 lines
04-27 12:06:24.285  2963  2963 D use-Rlog/RLOG-QC_RIL_OEM_HOOK: Oem ID in QCRILHOOK UNSOL RESP is QOEMHOOK
04-27 12:06:26.568  2398  2654 I chatty  : uid=1001(radio) Binder:2398_6 expire 9 lines
04-27 12:06:26.943  2963  2963 D use-Rlog/RLOG-QC_RIL_OEM_HOOK: Received Broadcast Intent ACTION_UNSOL_RESPONSE_OEM_HOOK_RAW
04-27 12:06:26.944  2963  2963 D use-Rlog/RLOG-QC_RIL_OEM_HOOK: Oem ID in QCRILHOOK UNSOL RESP is QOEMHOOK
04-27 12:06:27.579  2219  2340 I sysui_multi_action: [757,1093,758,4,793,7681,1094,9437312,1095,4]
04-27 12:06:27.879  2398  2422 I chatty  : uid=1001(radio) Binder:2398_2 expire 21 lines
04-27 12:06:28.892  2219  2340 I sysui_multi_action: [757,1093,758,4,793,1312,1094,9437312,1095,4]
04-27 12:06:30.688  2963  2963 D use-Rlog/RLOG-QC_RIL_OEM_HOOK: Received Broadcast Intent ACTION_UNSOL_RESPONSE_OEM_HOOK_RAW
04-27 12:06:30.688  2963  2963 D use-Rlog/RLOG-QC_RIL_OEM_HOOK: Oem ID in QCRILHOOK UNSOL RESP is QOEMHOOK
04-27 12:06:32.727  2219  2340 I sysui_multi_action: [757,1093,758,4,793,3835,1094,9437312,1095,4]
04-27 12:06:35.874  2398  2398 I chatty  : uid=1001(radio) com.android.phone expire 38 lines
04-27 12:06:35.878  2398  2536 I chatty  : uid=1001(radio) HwBinder:2398_1 expire 18 lines
04-27 12:06:35.901  2375  2375 I chatty  : uid=1001(radio) com.qualcomm.qti.telephonyservice expire 6 lines
04-27 12:06:35.901  2963  2963 D use-Rlog/RLOG-QC_RIL_OEM_HOOK: Received Broadcast Intent ACTION_UNSOL_RESPONSE_OEM_HOOK_RAW
04-27 12:06:35.901  2963  2963 D use-Rlog/RLOG-QC_RIL_OEM_HOOK: Oem ID in QCRILHOOK UNSOL RESP is QOEMHOOK
04-27 12:06:36.845  2398  6360 I chatty  : uid=1001(radio) Binder:2398_B expire 4 lines
04-27 12:06:36.846  2398  2654 I chatty  : uid=1001(radio) Binder:2398_6 expire 11 lines
04-27 12:06:37.858  2219  2340 I sysui_multi_action: [757,1093,758,4,793,5132,1094,9437312,1095,4]
04-27 12:06:38.973  1715  6211 I am_wtf  : [0,1715,system_server,-1,ActivityManager,Sending non-protected broadcast sonim.intent.action.USB_CHARGING_STATE from system 3281:com.sonimtech.spcc/1000 pkg com.sonimtech.spcc]
04-27 12:06:40.001  2219  2340 I sysui_multi_action: [757,1093,758,4,793,2143,1094,9437312,1095,4]
04-27 12:06:54.971  2963  2963 D use-Rlog/RLOG-QC_RIL_OEM_HOOK: Received Broadcast Intent ACTION_UNSOL_RESPONSE_OEM_HOOK_RAW
04-27 12:06:54.971  2963  2963 D use-Rlog/RLOG-QC_RIL_OEM_HOOK: Oem ID in QCRILHOOK UNSOL RESP is QOEMHOOK
04-27 12:06:54.971  2398  2398 I chatty  : uid=1001(radio) com.android.phone expire 34 lines
04-27 12:06:54.975  2398  2536 I chatty  : uid=1001(radio) HwBinder:2398_1 expire 14 lines
04-27 12:06:55.006  2398  2422 I chatty  : uid=1001(radio) Binder:2398_2 expire 7 lines
04-27 12:06:55.007  2398  2654 I chatty  : uid=1001(radio) Binder:2398_6 expire 14 lines
04-27 12:06:55.772  2219  2340 I sysui_multi_action: [757,1093,758,4,793,15770,1094,9437312,1095,4]
04-27 12:06:58.321  2219  2340 I sysui_multi_action: [757,1093,758,4,793,2549,1094,9437312,1095,4]
04-27 12:06:59.598  2219  2340 I sysui_multi_action: [757,1093,758,4,793,1277,1094,9437312,1095,4]
04-27 12:07:08.243  2963  2963 D use-Rlog/RLOG-QC_RIL_OEM_HOOK: Received Broadcast Intent ACTION_UNSOL_RESPONSE_OEM_HOOK_RAW
04-27 12:07:08.243  2398  2398 I chatty  : uid=1001(radio) com.android.phone expire 11 lines
04-27 12:07:08.243  2963  2963 D use-Rlog/RLOG-QC_RIL_OEM_HOOK: Oem ID in QCRILHOOK UNSOL RESP is QOEMHOOK
04-27 12:07:08.246  2398  2536 I chatty  : uid=1001(radio) HwBinder:2398_1 expire 15 lines
04-27 12:07:08.251  2398  2398 I chatty  : uid=1001(radio) com.android.phone expire 19 lines
04-27 12:07:19.316  2375  2375 I chatty  : uid=1001(radio) com.qualcomm.qti.telephonyservice expire 4 lines
04-27 12:07:19.317  2963  2963 D use-Rlog/RLOG-QC_RIL_OEM_HOOK: Received Broadcast Intent ACTION_UNSOL_RESPONSE_OEM_HOOK_RAW
04-27 12:07:19.317  2398  2398 I chatty  : uid=1001(radio) com.android.phone expire 74 lines
04-27 12:07:19.317  2963  2963 D use-Rlog/RLOG-QC_RIL_OEM_HOOK: Oem ID in QCRILHOOK UNSOL RESP is QOEMHOOK
04-27 12:07:19.318  2398  2536 I chatty  : uid=1001(radio) HwBinder:2398_1 expire 34 lines
04-27 12:07:19.346  2398  2654 I chatty  : uid=1001(radio) Binder:2398_6 expire 10 lines
04-27 12:07:19.346  2398  6360 I chatty  : uid=1001(radio) Binder:2398_B expire 9 lines
04-27 12:07:20.048  2398  2422 I chatty  : uid=1001(radio) Binder:2398_2 expire 13 lines
04-27 12:07:20.355  2219  2340 I sysui_multi_action: [757,1093,758,4,793,20757,1094,9437312,1095,4]
04-27 12:07:24.899  1715  5001 I am_wtf  : [0,1715,system_server,-1,ActivityManager,Sending non-protected broadcast sonim.intent.action.USB_CHARGING_STATE from system 3281:com.sonimtech.spcc/1000 pkg com.sonimtech.spcc]
04-27 12:07:25.920  2219  2340 I sysui_multi_action: [757,1093,758,4,793,5566,1094,9437312,1095,4]
04-27 12:07:28.291  2963  2963 D use-Rlog/RLOG-QC_RIL_OEM_HOOK: Received Broadcast Intent ACTION_UNSOL_RESPONSE_OEM_HOOK_RAW
04-27 12:07:28.291  2963  2963 D use-Rlog/RLOG-QC_RIL_OEM_HOOK: Oem ID in QCRILHOOK UNSOL RESP is QOEMHOOK
04-27 12:07:31.610  2219  2340 I sysui_multi_action: [757,1093,758,4,793,5689,1094,9437312,1095,4]
04-27 12:07:38.019  2219  2340 I sysui_multi_action: [757,1093,758,4,793,6409,1094,9437312,1095,4]
04-27 12:07:38.971  1715  6211 I am_wtf  : [0,1715,system_server,-1,ActivityManager,Sending non-protected broadcast sonim.intent.action.USB_CHARGING_STATE from system 3281:com.sonimtech.spcc/1000 pkg com.sonimtech.spcc]
04-27 12:07:39.799  2375  2375 I chatty  : uid=1001(radio) com.qualcomm.qti.telephonyservice expire 2 lines
04-27 12:07:39.799  2398  2398 I chatty  : uid=1001(radio) com.android.phone expire 51 lines
04-27 12:07:39.800  2963  2963 D use-Rlog/RLOG-QC_RIL_OEM_HOOK: Received Broadcast Intent ACTION_UNSOL_RESPONSE_OEM_HOOK_RAW
04-27 12:07:39.800  2963  2963 D use-Rlog/RLOG-QC_RIL_OEM_HOOK: Oem ID in QCRILHOOK UNSOL RESP is QOEMHOOK
04-27 12:07:39.801  2398  2536 I chatty  : uid=1001(radio) HwBinder:2398_1 expire 27 lines
04-27 12:07:39.815  2398  2654 I chatty  : uid=1001(radio) Binder:2398_6 expire 5 lines
04-27 12:07:39.818  2398  6360 I chatty  : uid=1001(radio) Binder:2398_B expire 5 lines
04-27 12:07:39.819  2398  2422 I chatty  : uid=1001(radio) Binder:2398_2 expire 6 lines
04-27 12:07:39.995  2219  2340 I sysui_multi_action: [757,1093,758,4,793,1976,1094,9437312,1095,4]
04-27 12:07:42.070  2660  6379 I c2dm    : [0,,9,9]
04-27 12:07:42.102  2398  2593 I chatty  : uid=1001(radio) DcHandlerThread expire 60 lines
04-27 12:07:42.560  2660  6538 I c2dm    : [1,,9,9]
04-27 12:07:44.087  2219  2340 I sysui_multi_action: [757,1093,758,4,793,4093,1094,9437312,1095,4]
04-27 12:07:53.051  2963  2963 D use-Rlog/RLOG-QC_RIL_OEM_HOOK: Received Broadcast Intent ACTION_UNSOL_RESPONSE_OEM_HOOK_RAW
04-27 12:07:53.051  2963  2963 D use-Rlog/RLOG-QC_RIL_OEM_HOOK: Oem ID in QCRILHOOK UNSOL RESP is QOEMHOOK
04-27 12:07:53.052  2398  2536 I chatty  : uid=1001(radio) HwBinder:2398_1 expire 12 lines
04-27 12:07:53.052  2375  2375 I chatty  : uid=1001(radio) com.qualcomm.qti.telephonyservice expire 2 lines
04-27 12:07:53.052  2398  2398 I chatty  : uid=1001(radio) com.android.phone expire 31 lines
04-27 12:07:53.071  2398  6360 I chatty  : uid=1001(radio) Binder:2398_B expire 33 lines
04-27 12:07:53.072  2398  2654 I chatty  : uid=1001(radio) Binder:2398_6 expire 38 lines
04-27 12:07:54.086  2219  2340 I sysui_multi_action: [757,1093,758,4,793,9999,1094,9437312,1095,4]
04-27 12:08:01.327  2398  2422 I chatty  : uid=1001(radio) Binder:2398_2 expire 7 lines
04-27 12:08:02.342  2219  2340 I sysui_multi_action: [757,1093,758,4,793,8255,1094,9437312,1095,4]
04-27 12:08:21.817  2398  4033 I chatty  : uid=1001(radio) Binder:2398_7 expire 60 lines
04-27 12:08:22.829  2219  2340 I sysui_multi_action: [757,1093,758,4,793,20487,1094,9437312,1095,4]
04-27 12:08:30.503  1715  5001 I am_wtf  : [0,1715,system_server,-1,ActivityManager,Sending non-protected broadcast sonim.intent.action.USB_CHARGING_STATE from system 3281:com.sonimtech.spcc/1000 pkg com.sonimtech.spcc]
04-27 12:08:31.533  2219  2340 I sysui_multi_action: [757,1093,758,4,793,8704,1094,9437312,1095,4]
04-27 12:08:33.059  2219  2340 I sysui_multi_action: [757,1093,758,4,793,1526,1094,9437312,1095,4]
04-27 12:08:38.977  1715  6211 I am_wtf  : [0,1715,system_server,-1,ActivityManager,Sending non-protected broadcast sonim.intent.action.USB_CHARGING_STATE from system 3281:com.sonimtech.spcc/1000 pkg com.sonimtech.spcc]
04-27 12:08:40.000  2219  2340 I sysui_multi_action: [757,1093,758,4,793,6942,1094,9437312,1095,4]
04-27 12:08:43.299  2219  2340 I sysui_multi_action: [757,1093,758,4,793,3298,1094,9437312,1095,4]
04-27 12:08:48.421  2219  2340 I sysui_multi_action: [757,1093,758,4,793,5123,1094,9437312,1095,4]
04-27 12:08:50.977  2219  2340 I sysui_multi_action: [757,1093,758,4,793,2555,1094,9437312,1095,4]
04-27 12:08:52.258  2219  2340 I sysui_multi_action: [757,1093,758,4,793,1281,1094,9437312,1095,4]
04-27 12:08:58.656  2219  2340 I sysui_multi_action: [757,1093,758,4,793,6398,1094,9437312,1095,4]
04-27 12:09:06.346  2219  2340 I sysui_multi_action: [757,1093,758,4,793,7690,1094,9437312,1095,4]
04-27 12:09:11.460  2219  2340 I sysui_multi_action: [757,1093,758,4,793,5114,1094,9437312,1095,4]
04-27 12:09:14.022  2219  2340 I sysui_multi_action: [757,1093,758,4,793,2562,1094,9437312,1095,4]
04-27 12:09:18.127  2398  2654 I chatty  : uid=1001(radio) Binder:2398_6 expire 9 lines
04-27 12:09:19.137  2219  2340 I sysui_multi_action: [757,1093,758,4,793,5115,1094,9437312,1095,4]
04-27 12:09:20.687  2398  6360 I chatty  : uid=1001(radio) Binder:2398_B expire 8 lines
04-27 12:09:21.699  2219  2340 I sysui_multi_action: [757,1093,758,4,793,2562,1094,9437312,1095,4]
04-27 12:09:21.967  2398  2422 I chatty  : uid=1001(radio) Binder:2398_2 expire 13 lines
04-27 12:09:22.977  2219  2340 I sysui_multi_action: [757,1093,758,4,793,1279,1094,9437312,1095,4]
04-27 12:09:31.951  2219  2340 I sysui_multi_action: [757,1093,758,4,793,8973,1094,9437312,1095,4]
04-27 12:09:32.422  2398  2536 I chatty  : uid=1001(radio) HwBinder:2398_1 expire 28 lines
04-27 12:09:32.422  2398  2398 I chatty  : uid=1001(radio) com.android.phone expire 64 lines
04-27 12:09:32.439  2963  2963 D use-Rlog/RLOG-QC_RIL_OEM_HOOK: Received Broadcast Intent ACTION_UNSOL_RESPONSE_OEM_HOOK_RAW
04-27 12:09:32.439  2375  2375 I chatty  : uid=1001(radio) com.qualcomm.qti.telephonyservice expire 4 lines
04-27 12:09:32.439  2963  2963 D use-Rlog/RLOG-QC_RIL_OEM_HOOK: Oem ID in QCRILHOOK UNSOL RESP is QOEMHOOK
04-27 12:09:32.461  2398  4033 I chatty  : uid=1001(radio) Binder:2398_7 expire 9 lines
04-27 12:09:33.474  2219  2340 I sysui_multi_action: [757,1093,758,4,793,1523,1094,9437312,1095,4]
04-27 12:09:35.102  2963  2963 D use-Rlog/RLOG-QC_RIL_OEM_HOOK: Received Broadcast Intent ACTION_UNSOL_RESPONSE_OEM_HOOK_RAW
04-27 12:09:35.102  2963  2963 D use-Rlog/RLOG-QC_RIL_OEM_HOOK: Oem ID in QCRILHOOK UNSOL RESP is QOEMHOOK
04-27 12:09:36.051  2398  2422 I chatty  : uid=1001(radio) Binder:2398_2 expire 11 lines
04-27 12:09:36.075  1715  5001 I am_wtf  : [0,1715,system_server,-1,ActivityManager,Sending non-protected broadcast sonim.intent.action.USB_CHARGING_STATE from system 3281:com.sonimtech.spcc/1000 pkg com.sonimtech.spcc]
04-27 12:09:37.063  2219  2340 I sysui_multi_action: [757,1093,758,4,793,3589,1094,9437312,1095,4]
04-27 12:09:38.328  2219  2340 I sysui_multi_action: [757,1093,758,4,793,1265,1094,9437312,1095,4]
04-27 12:09:38.833  2398  2536 I chatty  : uid=1001(radio) HwBinder:2398_1 expire 33 lines
04-27 12:09:38.833  2398  2398 I chatty  : uid=1001(radio) com.android.phone expire 58 lines
04-27 12:09:38.864  2963  2963 D use-Rlog/RLOG-QC_RIL_OEM_HOOK: Received Broadcast Intent ACTION_UNSOL_RESPONSE_OEM_HOOK_RAW
04-27 12:09:38.864  2375  2375 I chatty  : uid=1001(radio) com.qualcomm.qti.telephonyservice expire 4 lines
04-27 12:09:38.864  2963  2963 D use-Rlog/RLOG-QC_RIL_OEM_HOOK: Oem ID in QCRILHOOK UNSOL RESP is QOEMHOOK
04-27 12:09:38.965  1715  5001 I am_wtf  : [0,1715,system_server,-1,ActivityManager,Sending non-protected broadcast sonim.intent.action.USB_CHARGING_STATE from system 3281:com.sonimtech.spcc/1000 pkg com.sonimtech.spcc]
04-27 12:09:39.989  2219  2340 I sysui_multi_action: [757,1093,758,4,793,1662,1094,9437312,1095,4]
04-27 12:09:41.370  2398  2593 I chatty  : uid=1001(radio) DcHandlerThread expire 48 lines
04-27 12:09:42.589  2660  6379 I c2dm    : [0,,10,10]
04-27 12:09:42.709  2660  6538 I c2dm    : [1,,10,10]
04-27 12:09:43.381  2398  2654 I chatty  : uid=1001(radio) Binder:2398_6 expire 2 lines
04-27 12:09:43.382  2398  4033 I chatty  : uid=1001(radio) Binder:2398_7 expire 2 lines
04-27 12:09:44.392  2219  2340 I sysui_multi_action: [757,1093,758,4,793,4403,1094,9437312,1095,4]
04-27 12:09:53.724  2963  2963 D use-Rlog/RLOG-QC_RIL_OEM_HOOK: Received Broadcast Intent ACTION_UNSOL_RESPONSE_OEM_HOOK_RAW
04-27 12:09:53.724  2963  2963 D use-Rlog/RLOG-QC_RIL_OEM_HOOK: Oem ID in QCRILHOOK UNSOL RESP is QOEMHOOK
04-27 12:09:53.724  2398  2398 I chatty  : uid=1001(radio) com.android.phone expire 71 lines
04-27 12:09:53.730  2398  2536 I chatty  : uid=1001(radio) HwBinder:2398_1 expire 24 lines
04-27 12:10:00.684  2375  2375 I chatty  : uid=1001(radio) com.qualcomm.qti.telephonyservice expire 6 lines
04-27 12:10:00.684  2963  2963 D use-Rlog/RLOG-QC_RIL_OEM_HOOK: Received Broadcast Intent ACTION_UNSOL_RESPONSE_OEM_HOOK_RAW
04-27 12:10:00.685  2963  2963 D use-Rlog/RLOG-QC_RIL_OEM_HOOK: Oem ID in QCRILHOOK UNSOL RESP is QOEMHOOK
04-27 12:10:05.748  2963  2963 D use-Rlog/RLOG-QC_RIL_OEM_HOOK: Received Broadcast Intent ACTION_UNSOL_RESPONSE_OEM_HOOK_RAW
04-27 12:10:05.748  2398  2398 I chatty  : uid=1001(radio) com.android.phone expire 46 lines
04-27 12:10:05.748  2963  2963 D use-Rlog/RLOG-QC_RIL_OEM_HOOK: Oem ID in QCRILHOOK UNSOL RESP is QOEMHOOK
04-27 12:10:05.748  2398  2536 I chatty  : uid=1001(radio) HwBinder:2398_1 expire 22 lines
04-27 12:10:09.569  2963  2963 D use-Rlog/RLOG-QC_RIL_OEM_HOOK: Received Broadcast Intent ACTION_UNSOL_RESPONSE_OEM_HOOK_RAW
04-27 12:10:09.569  2963  2963 D use-Rlog/RLOG-QC_RIL_OEM_HOOK: Oem ID in QCRILHOOK UNSOL RESP is QOEMHOOK
04-27 12:10:10.589  2398  2654 I chatty  : uid=1001(radio) Binder:2398_6 expire 3 lines
04-27 12:10:10.591  2398  2422 I chatty  : uid=1001(radio) Binder:2398_2 expire 12 lines
04-27 12:10:10.593  2398  2654 I chatty  : uid=1001(radio) Binder:2398_6 expire 12 lines
04-27 12:10:11.602  2219  2340 I sysui_multi_action: [757,1093,758,4,793,27210,1094,9437312,1095,4]
04-27 12:10:13.810  2398  2536 I chatty  : uid=1001(radio) HwBinder:2398_1 expire 38 lines
04-27 12:10:13.810  2398  2398 I chatty  : uid=1001(radio) com.android.phone expire 75 lines
04-27 12:10:13.842  2963  2963 D use-Rlog/RLOG-QC_RIL_OEM_HOOK: Received Broadcast Intent ACTION_UNSOL_RESPONSE_OEM_HOOK_RAW
04-27 12:10:13.843  2375  2375 I chatty  : uid=1001(radio) com.qualcomm.qti.telephonyservice expire 6 lines
04-27 12:10:13.843  2963  2963 D use-Rlog/RLOG-QC_RIL_OEM_HOOK: Oem ID in QCRILHOOK UNSOL RESP is QOEMHOOK
04-27 12:10:14.136  2219  2340 I sysui_multi_action: [757,1093,758,4,793,2534,1094,9437312,1095,4]
04-27 12:10:19.301  2219  2340 I sysui_multi_action: [757,1093,758,4,793,5164,1094,9437312,1095,4]
04-27 12:10:21.045  2963  2963 D use-Rlog/RLOG-QC_RIL_OEM_HOOK: Received Broadcast Intent ACTION_UNSOL_RESPONSE_OEM_HOOK_RAW
04-27 12:10:21.045  2963  2963 D use-Rlog/RLOG-QC_RIL_OEM_HOOK: Oem ID in QCRILHOOK UNSOL RESP is QOEMHOOK
04-27 12:10:25.024  2963  2963 D use-Rlog/RLOG-QC_RIL_OEM_HOOK: Received Broadcast Intent ACTION_UNSOL_RESPONSE_OEM_HOOK_RAW
04-27 12:10:25.024  2963  2963 D use-Rlog/RLOG-QC_RIL_OEM_HOOK: Oem ID in QCRILHOOK UNSOL RESP is QOEMHOOK
04-27 12:10:25.024  2398  2398 I chatty  : uid=1001(radio) com.android.phone expire 27 lines
04-27 12:10:25.030  2398  2536 I chatty  : uid=1001(radio) HwBinder:2398_1 expire 8 lines
04-27 12:10:25.049  2398  4033 I chatty  : uid=1001(radio) Binder:2398_7 expire 10 lines
04-27 12:10:26.074  2219  2340 I sysui_multi_action: [757,1093,758,4,793,6774,1094,9437312,1095,4]
04-27 12:10:32.847  2398  2536 I chatty  : uid=1001(radio) HwBinder:2398_1 expire 32 lines
04-27 12:10:32.847  2398  2398 I chatty  : uid=1001(radio) com.android.phone expire 64 lines
04-27 12:10:38.767  2398  2654 I chatty  : uid=1001(radio) Binder:2398_6 expire 3 lines
04-27 12:10:38.979  1715  2426 I am_wtf  : [0,1715,system_server,-1,ActivityManager,Sending non-protected broadcast sonim.intent.action.USB_CHARGING_STATE from system 3281:com.sonimtech.spcc/1000 pkg com.sonimtech.spcc]
04-27 12:10:39.777  2219  2340 I sysui_multi_action: [757,1093,758,4,793,13702,1094,9437312,1095,4]
04-27 12:10:40.231  2398  2593 I chatty  : uid=1001(radio) DcHandlerThread expire 60 lines
04-27 12:10:40.251  2375  2375 I chatty  : uid=1001(radio) com.qualcomm.qti.telephonyservice expire 6 lines
04-27 12:10:40.252  2963  2963 D use-Rlog/RLOG-QC_RIL_OEM_HOOK: Received Broadcast Intent ACTION_UNSOL_RESPONSE_OEM_HOOK_RAW
04-27 12:10:40.253  2963  2963 D use-Rlog/RLOG-QC_RIL_OEM_HOOK: Oem ID in QCRILHOOK UNSOL RESP is QOEMHOOK
04-27 12:10:41.650  1715  2426 I am_wtf  : [0,1715,system_server,-1,ActivityManager,Sending non-protected broadcast sonim.intent.action.USB_CHARGING_STATE from system 3281:com.sonimtech.spcc/1000 pkg com.sonimtech.spcc]
04-27 12:10:42.671  2219  2340 I sysui_multi_action: [757,1093,758,4,793,2895,1094,9437312,1095,4]
04-27 12:10:54.391  2398  2536 I chatty  : uid=1001(radio) HwBinder:2398_1 expire 26 lines
04-27 12:10:54.391  2398  2398 I chatty  : uid=1001(radio) com.android.phone expire 47 lines
04-27 12:10:54.392  2963  2963 D use-Rlog/RLOG-QC_RIL_OEM_HOOK: Received Broadcast Intent ACTION_UNSOL_RESPONSE_OEM_HOOK_RAW
04-27 12:10:54.392  2963  2963 D use-Rlog/RLOG-QC_RIL_OEM_HOOK: Oem ID in QCRILHOOK UNSOL RESP is QOEMHOOK
04-27 12:10:57.966  2398  2422 I chatty  : uid=1001(radio) Binder:2398_2 expire 4 lines
04-27 12:10:57.966  2398  4033 I chatty  : uid=1001(radio) Binder:2398_7 expire 12 lines
04-27 12:10:57.967  2398  2654 I chatty  : uid=1001(radio) Binder:2398_6 expire 15 lines
04-27 12:10:58.979  2219  2340 I sysui_multi_action: [757,1093,758,4,793,16308,1094,9437312,1095,4]
04-27 12:11:11.777  2219  2340 I sysui_multi_action: [757,1093,758,4,793,12798,1094,9437312,1095,4]
04-27 12:11:14.341  2219  2340 I sysui_multi_action: [757,1093,758,4,793,2563,1094,9437312,1095,4]
04-27 12:11:38.974  1715  5001 I am_wtf  : [0,1715,system_server,-1,ActivityManager,Sending non-protected broadcast sonim.intent.action.USB_CHARGING_STATE from system 3281:com.sonimtech.spcc/1000 pkg com.sonimtech.spcc]
04-27 12:11:40.001  2219  2340 I sysui_multi_action: [757,1093,758,4,793,25660,1094,9437312,1095,4]
04-27 12:11:42.742  2660  6379 I c2dm    : [0,,11,11]
04-27 12:11:42.766  2398  2593 I chatty  : uid=1001(radio) DcHandlerThread expire 53 lines
04-27 12:11:43.033  2660  6538 I c2dm    : [1,,11,11]
04-27 12:11:44.394  2963  2963 D use-Rlog/RLOG-QC_RIL_OEM_HOOK: Received Broadcast Intent ACTION_UNSOL_RESPONSE_OEM_HOOK_RAW
04-27 12:11:44.394  2963  2963 D use-Rlog/RLOG-QC_RIL_OEM_HOOK: Oem ID in QCRILHOOK UNSOL RESP is QOEMHOOK
04-27 12:11:44.395  2398  2398 I chatty  : uid=1001(radio) com.android.phone expire 23 lines
04-27 12:11:44.396  2398  2536 I chatty  : uid=1001(radio) HwBinder:2398_1 expire 9 lines
04-27 12:11:44.408  2398  4033 I chatty  : uid=1001(radio) Binder:2398_7 expire 12 lines
04-27 12:11:45.415  2219  2340 I sysui_multi_action: [757,1093,758,4,793,5414,1094,9437312,1095,4]
04-27 12:11:47.226  1715  1739 I am_wtf  : [0,1715,system_server,-1,ActivityManager,Sending non-protected broadcast sonim.intent.action.USB_CHARGING_STATE from system 3281:com.sonimtech.spcc/1000 pkg com.sonimtech.spcc]
04-27 12:11:48.253  2219  2340 I sysui_multi_action: [757,1093,758,4,793,2838,1094,9437312,1095,4]
04-27 12:11:49.395  2219  2340 I sysui_multi_action: [757,1093,758,4,793,1142,1094,9437312,1095,4]
04-27 12:11:54.546  2398  2593 I chatty  : uid=1001(radio) DcHandlerThread expire 21 lines
04-27 12:11:54.547  2398  2398 I chatty  : uid=1001(radio) com.android.phone expire 48 lines
04-27 12:11:55.532  2398  2654 I chatty  : uid=1001(radio) Binder:2398_6 expire 12 lines
04-27 12:11:56.547  2219  2340 I sysui_multi_action: [757,1093,758,4,793,7152,1094,9437312,1095,4]
04-27 12:12:03.801  2398  2536 I chatty  : uid=1001(radio) HwBinder:2398_1 expire 49 lines
04-27 12:12:03.832  2375  2375 I chatty  : uid=1001(radio) com.qualcomm.qti.telephonyservice expire 6 lines
04-27 12:12:03.832  2963  2963 D use-Rlog/RLOG-QC_RIL_OEM_HOOK: Received Broadcast Intent ACTION_UNSOL_RESPONSE_OEM_HOOK_RAW
04-27 12:12:03.832  2963  2963 D use-Rlog/RLOG-QC_RIL_OEM_HOOK: Oem ID in QCRILHOOK UNSOL RESP is QOEMHOOK
04-27 12:12:07.080  2398  2422 I chatty  : uid=1001(radio) Binder:2398_2 expire 12 lines
04-27 12:12:07.327  2963  2963 D use-Rlog/RLOG-QC_RIL_OEM_HOOK: Received Broadcast Intent ACTION_UNSOL_RESPONSE_OEM_HOOK_RAW
04-27 12:12:07.328  2963  2963 D use-Rlog/RLOG-QC_RIL_OEM_HOOK: Oem ID in QCRILHOOK UNSOL RESP is QOEMHOOK
04-27 12:12:07.328  2398  2398 I chatty  : uid=1001(radio) com.android.phone expire 61 lines
04-27 12:12:08.093  2219  2340 I sysui_multi_action: [757,1093,758,4,793,11546,1094,9437312,1095,4]
04-27 12:12:08.389  1715  2075 I sysui_histogram: [power_consecutive_short_tap_count,1]
04-27 12:12:08.390  1715  2075 I sysui_multi_action: [757,804,799,power_consecutive_short_tap_count,801,1,802,1]
04-27 12:12:08.390  1715  2075 I sysui_histogram: [power_double_tap_interval,1069238]
04-27 12:12:08.390  1715  2075 I sysui_multi_action: [757,804,799,power_double_tap_interval,801,1069238,802,1]
04-27 12:12:08.391  1715  1715 I screen_toggled: 1
04-27 12:12:08.391  1715  1715 I power_screen_broadcast_send: 1
04-27 12:12:08.426  1715  6211 I sysui_view_visibility: [127,100]
04-27 12:12:08.426  1715  6211 I sysui_multi_action: [757,127,758,1]
04-27 12:12:08.426  1715  6211 I sysui_histogram: [note_load,4]
04-27 12:12:08.426  1715  6211 I sysui_multi_action: [757,804,799,note_load,801,4,802,1]
04-27 12:12:08.426  1715  6211 I notification_panel_revealed: 4
04-27 12:12:08.626  1715  1715 I power_screen_broadcast_done: [1,236,1]
04-27 12:12:08.638  1715  1846 I sysui_multi_action: [757,198,758,1,759,0,793,251]
04-27 12:12:08.638  1715  1846 I power_screen_state: [1,0,0,0,251]
04-27 12:12:08.647  1715  1842 I sysui_view_visibility: [223,0]
04-27 12:12:08.647  1715  1842 I sysui_multi_action: [757,223,758,2]
04-27 12:12:08.647  1715  1842 I sysui_histogram: [dozing_minutes,17]
04-27 12:12:08.647  1715  1842 I sysui_multi_action: [757,804,799,dozing_minutes,801,17,802,1]
04-27 12:12:08.946  1715  2426 I sysui_multi_action: [757,128,758,1,793,1639900,794,0,795,1639900,796,26,798,1,806,android,857,DEVELOPER,858,2,947,0]
04-27 12:12:08.947  1715  2426 I sysui_histogram: [note_freshness,1639900]
04-27 12:12:08.947  1715  2426 I sysui_multi_action: [757,804,799,note_freshness,801,1639900,802,1]
04-27 12:12:08.947  1715  2426 I notification_visibility: [-1|android|26|null|1000,1,1639900,1639900,0,1]
04-27 12:12:08.947  1715  2426 I sysui_multi_action: [757,128,758,1,793,1641727,794,0,795,1641727,796,23,797,41217664-9172-527a-b3d5-edabb50a7d69,798,0,806,android,857,ALERTS,858,3,947,0]
04-27 12:12:08.947  1715  2426 I sysui_histogram: [note_freshness,1641727]
04-27 12:12:08.947  1715  2426 I sysui_multi_action: [757,804,799,note_freshness,801,1641727,802,1]
04-27 12:12:08.947  1715  2426 I notification_visibility: [-1|android|23|41217664-9172-527a-b3d5-edabb50a7d69|1000,1,1641727,1641727,0,0]
04-27 12:12:09.984  2963  2963 D use-Rlog/RLOG-QC_RIL_OEM_HOOK: Received Broadcast Intent ACTION_UNSOL_RESPONSE_OEM_HOOK_RAW
04-27 12:12:09.984  2963  2963 D use-Rlog/RLOG-QC_RIL_OEM_HOOK: Oem ID in QCRILHOOK UNSOL RESP is QOEMHOOK
04-27 12:12:10.920  2398  4033 I chatty  : uid=1001(radio) Binder:2398_7 expire 44 lines
04-27 12:12:11.198  2219  2219 I sysui_multi_action: [757,186,758,4,826,459,827,2832]
04-27 12:12:11.198  2219  2219 I sysui_lockscreen_gesture: [1,459,2832]
04-27 12:12:11.214  1715  1739 I sysui_multi_action: [757,128,758,2,793,1642167,794,2267,795,1642167,796,26,798,1,806,android,857,DEVELOPER,858,2,947,0]
04-27 12:12:11.215  1715  1739 I notification_visibility: [-1|android|26|null|1000,0,1642167,1642167,0,1]
04-27 12:12:11.215  1715  1739 I sysui_multi_action: [757,128,758,2,793,1643995,794,2268,795,1643995,796,23,797,41217664-9172-527a-b3d5-edabb50a7d69,798,0,806,android,857,ALERTS,858,3,947,0]
04-27 12:12:11.215  1715  1739 I notification_visibility: [-1|android|23|41217664-9172-527a-b3d5-edabb50a7d69|1000,0,1643995,1643995,0,0]
04-27 12:12:11.216  1715  1739 I sysui_view_visibility: [127,0]
04-27 12:12:11.216  1715  1739 I sysui_multi_action: [757,127,758,2]
04-27 12:12:11.216  1715  1739 I notification_panel_hidden: 
04-27 12:12:11.228  1715  1739 I am_set_resumed_activity: [0,com.android.launcher3/com.android.searchlauncher.SearchLauncher,resumeTopActivityInnerLocked]
04-27 12:12:11.231  1715  1739 I am_resume_activity: [0,17848695,150,com.android.launcher3/com.android.searchlauncher.SearchLauncher]
04-27 12:12:11.317  2935  2935 I am_on_resume_called: [0,com.android.searchlauncher.SearchLauncher,RESUME_ACTIVITY]
04-27 12:12:11.558  1715  1844 I am_activity_launch_time: [0,17848695,com.android.launcher3/com.android.searchlauncher.SearchLauncher,1636595,1640953]
04-27 12:12:11.567  2219  2219 I sysui_view_visibility: [111,0]
04-27 12:12:11.567  2219  2219 I sysui_multi_action: [757,111,758,2]
04-27 12:12:11.569  2219  2219 I sysui_multi_action: [757,196,758,2,759,0]
04-27 12:12:11.569  2219  2219 I sysui_status_bar_state: [0,0,0,0,0,1]
04-27 12:12:11.583  1715  6211 I notification_expansion: [-1|android|23|41217664-9172-527a-b3d5-edabb50a7d69|1000,0,1,1644363,1644363,2636]
04-27 12:12:11.654  1715  1796 I am_uid_running: 10014
04-27 12:12:11.659  1715  1715 I sysui_multi_action: [757,128,758,5,759,8,793,1642614,794,0,795,1642614,796,32,806,android,857,USB,858,1,947,0]
04-27 12:12:11.659  1715  1715 I notification_canceled: [-1|android|32|null|1000,8,1642614,1642614,0,NULL]
04-27 12:12:11.711  1715  1796 I am_proc_start: [0,8715,10014,android.process.media,broadcast,com.android.providers.media/.MtpReceiver]
04-27 12:12:11.720  1715  1715 I notification_enqueue: [1000,1715,android,27,NULL,-1,Notification(channel=USB pri=0 contentView=null vibrate=null sound=null tick defaults=0x0 flags=0x2 color=0xff607d8b vis=PUBLIC),0]
04-27 12:12:11.738  1715  5402 I am_proc_bound: [0,8715,android.process.media]
04-27 12:12:11.933  2219  2340 I sysui_multi_action: [757,1093,758,4,793,3841,1094,9437312,1095,4]
04-27 12:12:11.936  8715  8715 I auditd  : type=1400 audit(0.0:1217): avc: denied { call } for comm="d.process.media" scontext=u:r:mediaprovider:s0:c512,c768 tcontext=u:r:hal_perf_default:s0 tclass=binder permissive=0
04-27 12:12:12.110  1715  1795 I am_meminfo: [1439629312,579383296,12288,312729600,358832128]
04-27 12:12:12.214  1715  1795 I am_pss  : [2660,10020,com.google.android.gms.persistent,77234176,60432384,0]
04-27 12:12:12.253  1715  1795 I am_pss  : [2169,1002,com.android.bluetooth,19331072,16334848,0]
04-27 12:12:12.288  1715  1795 I am_pss  : [5515,1000,com.android.timerswitch,3139584,2686976,0]
04-27 12:12:12.332  1715  1795 I am_pss  : [3752,10033,com.android.vending,43170816,32251904,0]
04-27 12:12:12.369  1715  1795 I am_pss  : [4499,10020,com.google.android.gms.unstable,18790400,11837440,0]
04-27 12:12:12.409  1715  1795 I am_pss  : [6093,10081,com.google.android.inputmethod.japanese,9495552,8577024,0]
04-27 12:12:12.415  1715  6774 I am_uid_running: 10062
04-27 12:12:12.426  1715  6774 I am_proc_start: [0,8782,10062,com.android.chrome:webview_service,service,com.android.chrome/org.chromium.android_webview.services.VariationsSeedServer]
04-27 12:12:12.442  1715  1795 I am_pss  : [6650,10020,com.google.android.gms.ui,9701376,4870144,0]
04-27 12:12:12.463  1715  6211 I am_proc_bound: [0,8782,com.android.chrome:webview_service]
04-27 12:12:12.466  1715  6211 I am_uid_active: 10062
04-27 12:12:12.477  1715  1795 I am_pss  : [3727,10005,com.android.providers.calendar,4034560,3457024,0]
04-27 12:12:12.515  1715  1795 I am_pss  : [5424,10061,com.google.android.calendar,12911616,11997184,0]
04-27 12:12:12.548  1715  1795 I am_pss  : [3614,10003,android.process.acore,7398400,6434816,0]
04-27 12:12:12.587  1715  1795 I am_pss  : [6542,10102,com.google.android.videos,26238976,16777216,0]
04-27 12:12:12.614  1715  1795 I am_pss  : [4892,1000,com.qti.csm,3408896,2977792,0]
04-27 12:12:12.643  1715  1795 I am_pss  : [4287,10007,com.google.android.ims,13140992,11595776,0]
04-27 12:12:12.670  1715  1795 I am_pss  : [5892,10017,com.android.dialer,6806528,6213632,0]
04-27 12:12:12.706  1715  1795 I am_pss  : [6110,10110,com.amazon.avod.thirdpartyclient,44149760,40906752,0]
04-27 12:12:12.734  1715  1795 I am_pss  : [5403,10009,com.android.cellbroadcastreceiver,3744768,3260416,0]
04-27 12:12:12.757  2398  2593 I chatty  : uid=1001(radio) DcHandlerThread expire 22 lines
04-27 12:12:12.758  2398  2536 I chatty  : uid=1001(radio) HwBinder:2398_1 expire 33 lines
04-27 12:12:12.758  2398  2398 I chatty  : uid=1001(radio) com.android.phone expire 68 lines
04-27 12:12:12.763  1715  1795 I am_pss  : [5180,1000,org.simalliance.openmobileapi.service,3100672,2613248,0]
04-27 12:12:12.792  1715  1795 I am_pss  : [5043,1001,com.qualcomm.simcontacts,3700736,2891776,0]
04-27 12:12:12.818  1715  1795 I am_pss  : [5387,1000,com.android.settings,4295680,3883008,0]
04-27 12:12:12.845  1715  1795 I am_pss  : [5934,10057,com.android.carrierdefaultapp,2624512,2215936,0]
04-27 12:12:12.873  1715  1795 I am_pss  : [5280,10029,com.android.mms,7206912,6127616,0]
04-27 12:12:12.904  1715  1795 I am_pss  : [6306,10022,com.google.android.dialer,9299968,8663040,0]
04-27 12:12:12.933  2219  2340 I sysui_multi_action: [757,1093,758,4,793,1000,1094,9437312,1095,4]
04-27 12:12:12.934  1715  1795 I am_pss  : [5949,10093,com.google.android.apps.photos,25571328,24649728,0]
04-27 12:12:12.960  1715  1795 I am_pss  : [2796,10064,com.google.android.deskclock,7493632,6627328,0]
04-27 12:12:12.987  1715  1795 I am_pss  : [5158,1000,com.sonimtech.warrantyregapp.xp8,3658752,3252224,0]
04-27 12:12:13.018  1715  1795 I am_pss  : [6012,10082,com.google.android.keep,9458688,8847360,0]
04-27 12:12:13.046  1715  1795 I am_pss  : [6056,10108,com.qualcomm.timeservice,2353152,1982464,0]
04-27 12:12:13.075  1715  1795 I am_pss  : [4939,1000,com.qualcomm.location.XT,3875840,2969600,0]
04-27 12:12:13.103  1715  1795 I am_pss  : [5857,10026,com.google.android.partnersetup,3052544,2629632,0]
04-27 12:12:13.142  1715  1795 I am_pss  : [5135,10039,com.sonim.sonimcustomercare,3650560,3235840,0]
04-27 12:12:13.175  1715  1795 I am_pss  : [5457,10074,com.google.android.gm,34483200,31727616,0]
04-27 12:12:13.204  1715  1795 I am_pss  : [5213,1000,org.simalliance.openmobileapi.service:remote,4788224,4071424,0]
04-27 12:12:13.233  1715  1795 I am_pss  : [3281,1000,com.sonimtech.spcc,4571136,3862528,0]
04-27 12:12:13.261  1715  1795 I am_pss  : [2963,1000,com.sonimtech.cit.verifier,4396032,3620864,0]
04-27 12:12:13.290  1715  1795 I am_pss  : [2560,1001,com.qualcomm.qcrilmsgtunnel,3999744,3563520,0]
04-27 12:12:13.318  1715  1795 I am_pss  : [3341,10040,com.sonim.utilityapp,2465792,2097152,0]
04-27 12:12:13.347  1715  1795 I am_pss  : [3355,10019,com.sonim.torch,3101696,2543616,0]
04-27 12:12:13.375  1715  1795 I am_pss  : [5024,1000,com.qualcomm.qti.smcinvokepkgmgr,2528256,2134016,0]
04-27 12:12:13.404  1715  1795 I am_pss  : [4988,1000,com.qualcomm.qti.qdma,4491264,3756032,0]
04-27 12:12:13.432  1715  1795 I am_pss  : [5008,1000,com.qualcomm.qti.smq,2892800,2478080,0]
04-27 12:12:13.461  1715  1795 I am_pss  : [4954,1000,com.qualcomm.qti.callenhancement,2650112,2244608,0]
04-27 12:12:13.490  1715  1795 I am_pss  : [4921,1000,com.qualcomm.telephony,2709504,2293760,0]
04-27 12:12:13.508  2398  2422 I chatty  : uid=1001(radio) Binder:2398_2 expire 18 lines
04-27 12:12:13.523  1715  1795 I am_pss  : [2201,10085,com.google.android.inputmethod.latin,43695104,41054208,0]
04-27 12:12:13.551  1715  1795 I am_pss  : [2921,10100,com.android.smspush,2471936,2052096,0]
04-27 12:12:13.579  1715  1795 I am_pss  : [2896,1000,com.quicinc.wipoweragent,2473984,2064384,0]
04-27 12:12:13.607  1715  1795 I am_pss  : [2883,1000,com.quicinc.wbcserviceapp,2702336,2232320,0]
04-27 12:12:13.636  1715  1795 I am_pss  : [2870,1001,com.qualcomm.qti.loadcarrier,2584576,2154496,0]
04-27 12:12:13.667  1715  1795 I am_pss  : [2855,1027,com.android.nfc,8349696,6983680,0]
04-27 12:12:13.696  1715  1795 I am_pss  : [2844,1000,com.sonimtech.xpandappservice,2890752,2498560,0]
04-27 12:12:13.727  1715  1795 I am_pss  : [2816,10048,com.google.android.googlequicksearchbox:interactor,19418112,13418496,0]
04-27 12:12:13.755  1715  1795 I am_pss  : [2413,10109,com.qualcomm.qtil.aptxui,2603008,2187264,0]
04-27 12:12:13.796  1715  1795 I am_pss  : [2398,1001,com.android.phone,27204608,23609344,0]
04-27 12:12:13.825  1715  1795 I am_pss  : [2375,1001,com.qualcomm.qti.telephonyservice,3401728,2793472,0]
04-27 12:12:13.856  1715  1795 I am_pss  : [2366,1000,.dataservices,6674432,5763072,0]
04-27 12:12:13.916  1715  1795 I am_pss  : [1715,1000,system,162976768,118960128,0]
04-27 12:12:14.515  2219  2340 I sysui_multi_action: [757,1093,758,4,793,1582,1094,9437312,1095,4]
04-27 12:12:14.533  2398  2654 I chatty  : uid=1001(radio) Binder:2398_6 expire 27 lines
04-27 12:12:14.568  2375  2375 I chatty  : uid=1001(radio) com.qualcomm.qti.telephonyservice expire 6 lines
04-27 12:12:14.568  2963  2963 D use-Rlog/RLOG-QC_RIL_OEM_HOOK: Received Broadcast Intent ACTION_UNSOL_RESPONSE_OEM_HOOK_RAW
04-27 12:12:14.569  2963  2963 D use-Rlog/RLOG-QC_RIL_OEM_HOOK: Oem ID in QCRILHOOK UNSOL RESP is QOEMHOOK
04-27 12:12:15.530  2219  2340 I sysui_multi_action: [757,1093,758,4,793,1015,1094,9437312,1095,4]
04-27 12:12:18.752  2219  2340 I sysui_multi_action: [757,1093,758,4,793,3221,1094,9437312,1095,4]
04-27 12:12:20.566  2219  2340 I sysui_multi_action: [757,1093,758,4,793,1815,1094,9437312,1095,4]
04-27 12:12:20.669  2963  2963 D use-Rlog/RLOG-QC_RIL_OEM_HOOK: Received Broadcast Intent ACTION_UNSOL_RESPONSE_OEM_HOOK_RAW
04-27 12:12:20.669  2963  2963 D use-Rlog/RLOG-QC_RIL_OEM_HOOK: Oem ID in QCRILHOOK UNSOL RESP is QOEMHOOK
04-27 12:12:20.687  2398  2398 I chatty  : uid=1001(radio) com.android.phone expire 30 lines
04-27 12:12:20.688  2398  2536 I chatty  : uid=1001(radio) HwBinder:2398_1 expire 21 lines
04-27 12:12:23.751  1715  1795 I am_pss  : [2935,10034,com.android.launcher3,75974656,71303168,0]
04-27 12:12:24.623  2398  2654 I chatty  : uid=1001(radio) Binder:2398_6 expire 15 lines
04-27 12:12:24.624  2398  2422 I chatty  : uid=1001(radio) Binder:2398_2 expire 30 lines
04-27 12:12:24.624  2398  4033 I chatty  : uid=1001(radio) Binder:2398_7 expire 27 lines
04-27 12:12:25.638  2219  2340 I sysui_multi_action: [757,1093,758,4,793,5072,1094,9437312,1095,4]
04-27 12:12:27.895  2219  2340 I sysui_multi_action: [757,1093,758,4,793,2257,1094,9437312,1095,4]
04-27 12:12:28.459  2398  2593 I chatty  : uid=1001(radio) DcHandlerThread expire 24 lines
04-27 12:12:30.211  2219  2340 I sysui_multi_action: [757,1093,758,4,793,2316,1094,9437312,1095,4]
04-27 12:12:32.448  2219  2340 I sysui_multi_action: [757,1093,758,4,793,2236,1094,9437312,1095,4]
04-27 12:12:34.950  2219  2340 I sysui_multi_action: [757,1093,758,4,793,2502,1094,9437312,1095,4]
04-27 12:12:37.502  2219  2340 I sysui_multi_action: [757,1093,758,4,793,2552,1094,9437312,1095,4]
04-27 12:12:38.975  1715  6774 I am_wtf  : [0,1715,system_server,-1,ActivityManager,Sending non-protected broadcast sonim.intent.action.USB_CHARGING_STATE from system 3281:com.sonimtech.spcc/1000 pkg com.sonimtech.spcc]
04-27 12:12:39.079  1715  1795 I am_pss  : [3058,10048,com.google.android.googlequicksearchbox:search,152418304,139452416,0]
04-27 12:12:39.122  1715  1795 I am_pss  : [2660,10020,com.google.android.gms.persistent,79502336,62099456,0]
04-27 12:12:39.158  1715  1795 I am_pss  : [2169,1002,com.android.bluetooth,19358720,16363520,0]
04-27 12:12:39.188  1715  1795 I am_pss  : [8715,10014,android.process.media,4801536,4009984,0]
04-27 12:12:39.217  1715  1795 I am_pss  : [4892,1000,com.qti.csm,3408896,2977792,0]
04-27 12:12:39.246  1715  1795 I am_pss  : [5043,1001,com.qualcomm.simcontacts,3700736,2891776,0]
04-27 12:12:39.276  1715  1795 I am_pss  : [5213,1000,org.simalliance.openmobileapi.service:remote,4788224,4071424,0]
04-27 12:12:39.303  1715  1795 I am_pss  : [3281,1000,com.sonimtech.spcc,4575232,3866624,0]
04-27 12:12:39.323  2963  2963 D use-Rlog/RLOG-QC_RIL_OEM_HOOK: Received Broadcast Intent ACTION_UNSOL_RESPONSE_OEM_HOOK_RAW
04-27 12:12:39.323  2963  2963 D use-Rlog/RLOG-QC_RIL_OEM_HOOK: Oem ID in QCRILHOOK UNSOL RESP is QOEMHOOK
